<html>
<body>
<pre>
<h1>µVision Build Log</h1>
<h2>Tool Versions:</h2>
IDE-Version: ¦ÌVision V5.43.1.0
Copyright (C) 2025 ARM Ltd and ARM Germany GmbH. All rights reserved.
License Information: 12313 810066285@qq.com, 313, LIC=FYKYW-QKA7E-FW72N-YLWWN-GP911-MZZPI
 
Tool Versions:
Toolchain:       MDK-ARM Plus  Version: 5.43.0.0
Toolchain Path:  C:\keil5\ARM\ARMCC\Bin
C Compiler:      Armcc.exe V5.06 update 7 (build 960)
Assembler:       Armasm.exe V5.06 update 7 (build 960)
Linker/Locator:  ArmLink.exe V5.06 update 7 (build 960)
Library Manager: ArmAr.exe V5.06 update 7 (build 960)
Hex Converter:   FromElf.exe V5.06 update 7 (build 960)
CPU DLL:         SARMCM3.DLL V5.43.0.0
Dialog DLL:      DCM.DLL V1.17.5.0
Target DLL:      STLink\ST-LINKIII-KEIL_SWO.dll V3.3.1.0
Dialog DLL:      TCM.DLL V1.56.6.0
 
<h2>Project:</h2>
C:\Users\81006\Desktop\stm32pro\GPIO_Test_F4\MDK-ARM\GPIO_Test_F4.uvprojx
Project File Date:  01/17/2026

<h2>Output:</h2>
*** Using Compiler 'V5.06 update 7 (build 960)', folder: 'C:\keil5\ARM\ARMCC\Bin'
Build target 'GPIO_Test_F4'
compiling main.c...
../Core/Inc/pca9685.h(26): warning:  #1-D: last line of file ends without a newline
  #endif
../Core/Inc/jetson_uart.h(169): warning:  #1-D: last line of file ends without a newline
  #endif /* __JETSON_UART_H */
../Core/Src/main.c(1165): warning:  #177-D: variable "uart_send_buf"  was declared but never referenced
    char uart_send_buf[50];
../Core/Src/main.c(1380): warning:  #177-D: variable "tim_handles"  was declared but never referenced
    TIM_HandleTypeDef* tim_handles[] = { &htim5, &htim1, &htim2, &htim3, &htim8 }; // Index 0 is placeholder or special mapping? 
../Core/Src/main.c(1502): warning:  #177-D: variable "errorMsg"  was declared but never referenced
                          char errorMsg[] = "UART1 transmit error\r\n";
../Core/Src/main.c: 5 warnings, 0 errors
linking...
Program Size: Code=37748 RO-data=1988 RW-data=324 ZI-data=41556  
FromELF: creating hex file...
"GPIO_Test_F4\GPIO_Test_F4.axf" - 0 Error(s), 5 Warning(s).

<h2>Software Packages used:</h2>

Package Vendor: ARM
                https://www.keil.com/pack/ARM.CMSIS.6.2.0.pack
                ARM::CMSIS@6.2.0
                CMSIS (Common Microcontroller Software Interface Standard)
   * Component: CORE Version: 6.1.1

Package Vendor: Keil
                https://www.keil.com/pack/Keil.STM32F4xx_DFP.3.1.1.pack
                Keil::STM32F4xx_DFP@3.1.1
                STMicroelectronics STM32F4 Series Device Support

<h2>Collection of Component include folders:</h2>
  ./RTE/_GPIO_Test_F4
  C:/keil5/Packs/ARM/CMSIS/6.2.0/CMSIS/Core/Include

<h2>Collection of Component Files used:</h2>

   * Component: ARM::CMSIS:CORE@6.1.1
Build Time Elapsed:  00:00:02
</pre>
</body>
</html>
