Component: ARM Compiler 5.06 update 7 (build 960) Tool: armlink [4d3601]

==============================================================================

Section Cross References

    startup_stm32f407xx.o(STACK) refers (Special) to heapauxi.o(.text) for __use_two_region_memory
    startup_stm32f407xx.o(HEAP) refers (Special) to heapauxi.o(.text) for __use_two_region_memory
    startup_stm32f407xx.o(RESET) refers (Special) to heapauxi.o(.text) for __use_two_region_memory
    startup_stm32f407xx.o(RESET) refers to startup_stm32f407xx.o(STACK) for __initial_sp
    startup_stm32f407xx.o(RESET) refers to startup_stm32f407xx.o(.text) for Reset_Handler
    startup_stm32f407xx.o(RESET) refers to stm32f4xx_it.o(i.NMI_Handler) for NMI_Handler
    startup_stm32f407xx.o(RESET) refers to stm32f4xx_it.o(i.HardFault_Handler) for HardFault_Handler
    startup_stm32f407xx.o(RESET) refers to stm32f4xx_it.o(i.MemManage_Handler) for MemManage_Handler
    startup_stm32f407xx.o(RESET) refers to stm32f4xx_it.o(i.BusFault_Handler) for BusFault_Handler
    startup_stm32f407xx.o(RESET) refers to stm32f4xx_it.o(i.UsageFault_Handler) for UsageFault_Handler
    startup_stm32f407xx.o(RESET) refers to port.o(.emb_text) for SVC_Handler
    startup_stm32f407xx.o(RESET) refers to stm32f4xx_it.o(i.DebugMon_Handler) for DebugMon_Handler
    startup_stm32f407xx.o(RESET) refers to cmsis_os2.o(i.SysTick_Handler) for SysTick_Handler
    startup_stm32f407xx.o(RESET) refers to stm32f4xx_it.o(i.TIM4_IRQHandler) for TIM4_IRQHandler
    startup_stm32f407xx.o(RESET) refers to stm32f4xx_it.o(i.UART5_IRQHandler) for UART5_IRQHandler
    startup_stm32f407xx.o(.text) refers (Special) to heapauxi.o(.text) for __use_two_region_memory
    startup_stm32f407xx.o(.text) refers to system_stm32f4xx.o(i.SystemInit) for SystemInit
    startup_stm32f407xx.o(.text) refers to __main.o(!!!main) for __main
    startup_stm32f407xx.o(.text) refers to startup_stm32f407xx.o(HEAP) for Heap_Mem
    startup_stm32f407xx.o(.text) refers to startup_stm32f407xx.o(STACK) for Stack_Mem
    bsp_mpu6050.o(i.BSP_MPU6050_Init) refers to stm32f4xx_hal_i2c.o(i.HAL_I2C_Mem_Write) for HAL_I2C_Mem_Write
    bsp_mpu6050.o(i.BSP_MPU6050_Init) refers to stm32f4xx_hal.o(i.HAL_Delay) for HAL_Delay
    bsp_mpu6050.o(i.BSP_MPU6050_Init) refers to bsp_mpu6050.o(.data) for .data
    bsp_mpu6050.o(i.BSP_MPU6050_Print_Data) refers to __2sprintf.o(.text) for __2sprintf
    bsp_mpu6050.o(i.BSP_MPU6050_Print_Data) refers to stm32f4xx_hal_uart.o(i.HAL_UART_Transmit) for HAL_UART_Transmit
    bsp_mpu6050.o(i.BSP_MPU6050_Print_Data) refers to bsp_mpu6050.o(i.UART_Send_Float_Custom) for UART_Send_Float_Custom
    bsp_mpu6050.o(i.BSP_MPU6050_Print_Data) refers to main.o(.bss) for huart4
    bsp_mpu6050.o(i.BSP_MPU6050_Read_Data) refers to bsp_mpu6050.o(i.BSP_MPU6050_Read_Raw_Data) for BSP_MPU6050_Read_Raw_Data
    bsp_mpu6050.o(i.BSP_MPU6050_Read_Raw_Data) refers to stm32f4xx_hal_i2c.o(i.HAL_I2C_Mem_Read) for HAL_I2C_Mem_Read
    bsp_mpu6050.o(i.BSP_MPU6050_Read_Raw_Data) refers to bsp_mpu6050.o(.bss) for .bss
    bsp_mpu6050.o(i.UART_Send_Float_Custom) refers to stm32f4xx_hal_uart.o(i.HAL_UART_Transmit) for HAL_UART_Transmit
    pca9685.o(i.PCA9685_Init) refers to stm32f4xx_hal_i2c.o(i.HAL_I2C_Mem_Write) for HAL_I2C_Mem_Write
    pca9685.o(i.PCA9685_Init) refers to pca9685.o(i.PCA9685_SetFreq) for PCA9685_SetFreq
    pca9685.o(i.PCA9685_Init) refers to pca9685.o(i.PCA9685_SetPWM) for PCA9685_SetPWM
    pca9685.o(i.PCA9685_Init) refers to stm32f4xx_hal.o(i.HAL_Delay) for HAL_Delay
    pca9685.o(i.PCA9685_ServoControl) refers to pca9685.o(i.PCA9685_SetAngleFloat) for PCA9685_SetAngleFloat
    pca9685.o(i.PCA9685_ServoControlSmooth) refers to pca9685.o(i.PCA9685_SetAngleFloat) for PCA9685_SetAngleFloat
    pca9685.o(i.PCA9685_ServoControlSmooth) refers to stm32f4xx_hal.o(i.HAL_Delay) for HAL_Delay
    pca9685.o(i.PCA9685_SetAngle) refers to pca9685.o(i.PCA9685_SetAngleFloat) for PCA9685_SetAngleFloat
    pca9685.o(i.PCA9685_SetAngleFloat) refers to pca9685.o(i.PCA9685_SetPWM) for PCA9685_SetPWM
    pca9685.o(i.PCA9685_SetDuty) refers to pca9685.o(i.PCA9685_SetPWM) for PCA9685_SetPWM
    pca9685.o(i.PCA9685_SetFreq) refers to f2d.o(x$fpl$f2d) for __aeabi_f2d
    pca9685.o(i.PCA9685_SetFreq) refers to dmul.o(x$fpl$dmul) for __aeabi_dmul
    pca9685.o(i.PCA9685_SetFreq) refers to d2f.o(x$fpl$d2f) for __aeabi_d2f
    pca9685.o(i.PCA9685_SetFreq) refers to ddiv.o(x$fpl$ddiv) for __aeabi_ddiv
    pca9685.o(i.PCA9685_SetFreq) refers to daddsub_clz.o(x$fpl$dsub) for __aeabi_dsub
    pca9685.o(i.PCA9685_SetFreq) refers to daddsub_clz.o(x$fpl$dadd) for __aeabi_dadd
    pca9685.o(i.PCA9685_SetFreq) refers to dfixu.o(x$fpl$dfixu) for __aeabi_d2uiz
    pca9685.o(i.PCA9685_SetFreq) refers to stm32f4xx_hal_i2c.o(i.HAL_I2C_Mem_Read) for HAL_I2C_Mem_Read
    pca9685.o(i.PCA9685_SetFreq) refers to stm32f4xx_hal_i2c.o(i.HAL_I2C_Mem_Write) for HAL_I2C_Mem_Write
[...]
    __use_two_region_memory                  0x0800090d   Thumb Code     2  heapauxi.o(.text)
    __rt_heap_escrow$2region                 0x0800090f   Thumb Code     2  heapauxi.o(.text)
    __rt_heap_expand$2region                 0x08000911   Thumb Code     2  heapauxi.o(.text)
    __aeabi_errno_addr                       0x08000915   Thumb Code     8  rt_errno_addr_intlibspace.o(.text)
    __errno$intlibspace                      0x08000915   Thumb Code     0  rt_errno_addr_intlibspace.o(.text)
    __rt_errno_addr$intlibspace              0x08000915   Thumb Code     0  rt_errno_addr_intlibspace.o(.text)
    __read_errno                             0x0800091d   Thumb Code    10  _rserrno.o(.text)
    __set_errno                              0x08000927   Thumb Code    12  _rserrno.o(.text)
    _printf_int_common                       0x08000933   Thumb Code   178  _printf_intcommon.o(.text)
    __lib_sel_fp_printf                      0x080009e5   Thumb Code     2  _printf_fp_dec.o(.text)
    _printf_fp_dec_real                      0x08000b97   Thumb Code   620  _printf_fp_dec.o(.text)
    _printf_char_common                      0x08000e0f   Thumb Code    32  _printf_char_common.o(.text)
    _sputc                                   0x08000e35   Thumb Code    10  _sputc.o(.text)
    __strtod_int                             0x08000e7d   Thumb Code    90  strtod.o(.text)
    strtol                                   0x08000ee5   Thumb Code   112  strtol.o(.text)
    __strtok_internal                        0x08000f55   Thumb Code    64  strtok_int.o(.text)
    __aeabi_memclr                           0x08000f99   Thumb Code     0  rt_memclr.o(.text)
    __rt_memclr                              0x08000f99   Thumb Code    68  rt_memclr.o(.text)
    _memset                                  0x08000f9d   Thumb Code     0  rt_memclr.o(.text)
    __user_libspace                          0x08000fdd   Thumb Code     8  libspace.o(.text)
    __user_perproc_libspace                  0x08000fdd   Thumb Code     0  libspace.o(.text)
    __user_perthread_libspace                0x08000fdd   Thumb Code     0  libspace.o(.text)
    __rt_ctype_table                         0x08000fe5   Thumb Code    16  rt_ctype_table.o(.text)
    __rt_locale                              0x08000ff5   Thumb Code     8  rt_locale_intlibspace.o(.text)
    _ll_udiv10                               0x08000ffd   Thumb Code   138  lludiv10.o(.text)
    isspace                                  0x08001087   Thumb Code    18  isspace.o(.text)
    _printf_fp_infnan                        0x08001099   Thumb Code   112  _printf_fp_infnan.o(.text)
    _sgetc                                   0x08001119   Thumb Code    30  _sgetc.o(.text)
    _sbackspace                              0x08001137   Thumb Code    34  _sgetc.o(.text)
    _strtoul                                 0x08001159   Thumb Code   158  _strtoul.o(.text)
    _btod_etento                             0x080011f9   Thumb Code   224  bigflt0.o(.text)
    strcspn                                  0x080012dd   Thumb Code    32  strcspn.o(.text)
    strspn                                   0x080012fd   Thumb Code    28  strspn.o(.text)
    __user_setup_stackheap                   0x08001319   Thumb Code    74  sys_stackheap_outer.o(.text)
    _chval                                   0x08001363   Thumb Code    28  _chval.o(.text)
    _scanf_really_real                       0x080015cd   Thumb Code   684  scanf_fp.o(.text)
    exit                                     0x08001879   Thumb Code    18  exit.o(.text)
    strcmp                                   0x0800188d   Thumb Code   128  strcmpv7m.o(.text)
    _sys_exit                                0x0800190d   Thumb Code     8  sys_exit.o(.text)
    _scanf_really_hex_real                   0x08001919   Thumb Code   786  scanf_hexfp.o(.text)
    _scanf_really_infnan                     0x08001c39   Thumb Code   292  scanf_infnan.o(.text)
    __I$use$semihosting                      0x08001d6d   Thumb Code     0  use_no_semi.o(.text)
    __use_no_semihosting_swi                 0x08001d6d   Thumb Code     2  use_no_semi.o(.text)
    __aeabi_llsl                             0x08001d6f   Thumb Code     0  llshl.o(.text)
    __semihosting_library_function           0x08001d6f   Thumb Code     0  indicate_semi.o(.text)
    _ll_shift_l                              0x08001d6f   Thumb Code    38  llshl.o(.text)
    _btod_d2e                                0x08001d95   Thumb Code    62  btod.o(CL$$btod_d2e)
    _d2e_denorm_low                          0x08001dd3   Thumb Code    70  btod.o(CL$$btod_d2e_denorm_low)
    _d2e_norm_op1                            0x08001e19   Thumb Code    96  btod.o(CL$$btod_d2e_norm_op1)
    __btod_div_common                        0x08001e79   Thumb Code   696  btod.o(CL$$btod_div_common)
    _e2d                                     0x080021b1   Thumb Code   122  btod.o(CL$$btod_e2d)
    _e2e                                     0x08002235   Thumb Code   220  btod.o(CL$$btod_e2e)
    _btod_ediv                               0x08002311   Thumb Code    42  btod.o(CL$$btod_ediv)
    _btod_edivd                              0x0800233b   Thumb Code    42  btod.o(CL$$btod_edivd)
    _btod_emul                               0x08002365   Thumb Code    42  btod.o(CL$$btod_emul)
    _btod_emuld                              0x0800238f   Thumb Code    42  btod.o(CL$$btod_emuld)
    __btod_mult_common                       0x080023b9   Thumb Code   580  btod.o(CL$$btod_mult_common)
    BSP_MPU6050_Init                         0x080025fd   Thumb Code   100  bsp_mpu6050.o(i.BSP_MPU6050_Init)
    BSP_MPU6050_Read_Data                    0x08002665   Thumb Code   176  bsp_mpu6050.o(i.BSP_MPU6050_Read_Data)
    BSP_MPU6050_Read_Raw_Data                0x08002725   Thumb Code    78  bsp_mpu6050.o(i.BSP_MPU6050_Read_Raw_Data)
    BusFault_Handler                         0x08002779   Thumb Code     2  stm32f4xx_it.o(i.BusFault_Handler)
    CheckPoseChanged                         0x0800277b   Thumb Code     4  jetson_uart.o(i.CheckPoseChanged)
    DebugMon_Handler                         0x0800277f   Thumb Code     2  stm32f4xx_it.o(i.DebugMon_Handler)
    Error_Handler                            0x08002781   Thumb Code    36  main.o(i.Error_Handler)
    GPIO_Task                                0x080027d1   Thumb Code     8  main.o(i.GPIO_Task)
    GetMotorCommand                          0x080027d9   Thumb Code    26  jetson_uart.o(i.GetMotorCommand)
    GetMotorCommandType                      0x080027fd   Thumb Code    14  jetson_uart.o(i.GetMotorCommandType)
    HAL_DMA_Abort                            0x08002811   Thumb Code   146  stm32f4xx_hal_dma.o(i.HAL_DMA_Abort)
    HAL_DMA_Abort_IT                         0x080028a3   Thumb Code    36  stm32f4xx_hal_dma.o(i.HAL_DMA_Abort_IT)
    HAL_Delay                                0x080028c9   Thumb Code    32  stm32f4xx_hal.o(i.HAL_Delay)
    HAL_GPIO_Init                            0x080028ed   Thumb Code   450  stm32f4xx_hal_gpio.o(i.HAL_GPIO_Init)
    HAL_GPIO_WritePin                        0x08002add   Thumb Code    10  stm32f4xx_hal_gpio.o(i.HAL_GPIO_WritePin)
    HAL_GetTick                              0x08002ae9   Thumb Code     6  stm32f4xx_hal.o(i.HAL_GetTick)
    HAL_I2C_Init                             0x08002af5   Thumb Code   376  stm32f4xx_hal_i2c.o(i.HAL_I2C_Init)
    HAL_I2C_IsDeviceReady                    0x08002c7d   Thumb Code   354  stm32f4xx_hal_i2c.o(i.HAL_I2C_IsDeviceReady)
    HAL_I2C_Mem_Read                         0x08002de9   Thumb Code   502  stm32f4xx_hal_i2c.o(i.HAL_I2C_Mem_Read)
    HAL_I2C_Mem_Write                        0x08002fed   Thumb Code   294  stm32f4xx_hal_i2c.o(i.HAL_I2C_Mem_Write)
    HAL_I2C_MspInit                          0x0800311d   Thumb Code   154  stm32f4xx_hal_msp.o(i.HAL_I2C_MspInit)
    HAL_IncTick                              0x080031c9   Thumb Code    12  stm32f4xx_hal.o(i.HAL_IncTick)
    HAL_Init                                 0x080031d9   Thumb Code    48  stm32f4xx_hal.o(i.HAL_Init)
    HAL_InitTick                             0x0800320d   Thumb Code   132  stm32f4xx_hal_timebase_tim.o(i.HAL_InitTick)
    HAL_MspInit                              0x080032a5   Thumb Code    52  stm32f4xx_hal_msp.o(i.HAL_MspInit)
    HAL_NVIC_EnableIRQ                       0x080032dd   Thumb Code    26  stm32f4xx_hal_cortex.o(i.HAL_NVIC_EnableIRQ)
    HAL_NVIC_SetPriority                     0x080032f9   Thumb Code    60  stm32f4xx_hal_cortex.o(i.HAL_NVIC_SetPriority)
    HAL_NVIC_SetPriorityGrouping             0x08003339   Thumb Code    26  stm32f4xx_hal_cortex.o(i.HAL_NVIC_SetPriorityGrouping)
    HAL_RCC_ClockConfig                      0x0800335d   Thumb Code   288  stm32f4xx_hal_rcc.o(i.HAL_RCC_ClockConfig)
    HAL_RCC_GetClockConfig                   0x08003491   Thumb Code    54  stm32f4xx_hal_rcc.o(i.HAL_RCC_GetClockConfig)
    HAL_RCC_GetPCLK1Freq                     0x080034d1   Thumb Code    20  stm32f4xx_hal_rcc.o(i.HAL_RCC_GetPCLK1Freq)
    HAL_RCC_GetPCLK2Freq                     0x080034f1   Thumb Code    20  stm32f4xx_hal_rcc.o(i.HAL_RCC_GetPCLK2Freq)
    HAL_RCC_GetSysClockFreq                  0x08003511   Thumb Code    88  stm32f4xx_hal_rcc.o(i.HAL_RCC_GetSysClockFreq)
    HAL_RCC_OscConfig                        0x08003575   Thumb Code   856  stm32f4xx_hal_rcc.o(i.HAL_RCC_OscConfig)
    HAL_TIMEx_BreakCallback                  0x080038e1   Thumb Code     2  stm32f4xx_hal_tim_ex.o(i.HAL_TIMEx_BreakCallback)
    HAL_TIMEx_CommutCallback                 0x080038e3   Thumb Code     2  stm32f4xx_hal_tim_ex.o(i.HAL_TIMEx_CommutCallback)
    HAL_TIMEx_MasterConfigSynchronization    0x080038e5   Thumb Code   116  stm32f4xx_hal_tim_ex.o(i.HAL_TIMEx_MasterConfigSynchronization)
    HAL_TIM_Base_Init                        0x08003975   Thumb Code    90  stm32f4xx_hal_tim.o(i.HAL_TIM_Base_Init)
    HAL_TIM_Base_MspInit                     0x080039cf   Thumb Code     2  stm32f4xx_hal_tim.o(i.HAL_TIM_Base_MspInit)
    HAL_TIM_Base_Start_IT                    0x080039d1   Thumb Code   100  stm32f4xx_hal_tim.o(i.HAL_TIM_Base_Start_IT)
    HAL_TIM_Encoder_Init                     0x08003a51   Thumb Code   164  stm32f4xx_hal_tim.o(i.HAL_TIM_Encoder_Init)
    HAL_TIM_Encoder_MspInit                  0x08003af5   Thumb Code   302  stm32f4xx_hal_msp.o(i.HAL_TIM_Encoder_MspInit)
    HAL_TIM_Encoder_Start                    0x08003c45   Thumb Code   142  stm32f4xx_hal_tim.o(i.HAL_TIM_Encoder_Start)
    HAL_TIM_IC_CaptureCallback               0x08003cd3   Thumb Code     2  stm32f4xx_hal_tim.o(i.HAL_TIM_IC_CaptureCallback)
    HAL_TIM_IRQHandler                       0x08003cd5   Thumb Code   304  stm32f4xx_hal_tim.o(i.HAL_TIM_IRQHandler)
    HAL_TIM_MspPostInit                      0x08003e05   Thumb Code   152  stm32f4xx_hal_msp.o(i.HAL_TIM_MspPostInit)
    HAL_TIM_OC_DelayElapsedCallback          0x08003eb9   Thumb Code     2  stm32f4xx_hal_tim.o(i.HAL_TIM_OC_DelayElapsedCallback)
    HAL_TIM_PWM_ConfigChannel                0x08003ebb   Thumb Code   204  stm32f4xx_hal_tim.o(i.HAL_TIM_PWM_ConfigChannel)
    HAL_TIM_PWM_Init                         0x08003f87   Thumb Code    90  stm32f4xx_hal_tim.o(i.HAL_TIM_PWM_Init)
    HAL_TIM_PWM_MspInit                      0x08003fe1   Thumb Code    78  stm32f4xx_hal_msp.o(i.HAL_TIM_PWM_MspInit)
    HAL_TIM_PWM_PulseFinishedCallback        0x08004041   Thumb Code     2  stm32f4xx_hal_tim.o(i.HAL_TIM_PWM_PulseFinishedCallback)
    HAL_TIM_PWM_Start                        0x08004045   Thumb Code   172  stm32f4xx_hal_tim.o(i.HAL_TIM_PWM_Start)
    HAL_TIM_PWM_Stop                         0x0800410d   Thumb Code   114  stm32f4xx_hal_tim.o(i.HAL_TIM_PWM_Stop)
    HAL_TIM_PeriodElapsedCallback            0x08004189   Thumb Code    14  main.o(i.HAL_TIM_PeriodElapsedCallback)
    HAL_TIM_TriggerCallback                  0x0800419d   Thumb Code     2  stm32f4xx_hal_tim.o(i.HAL_TIM_TriggerCallback)
    HAL_UARTEx_RxEventCallback               0x0800419f   Thumb Code     2  stm32f4xx_hal_uart.o(i.HAL_UARTEx_RxEventCallback)
    HAL_UART_ErrorCallback                   0x080041a1   Thumb Code     2  stm32f4xx_hal_uart.o(i.HAL_UART_ErrorCallback)
    HAL_UART_IRQHandler                      0x080041a5   Thumb Code   636  stm32f4xx_hal_uart.o(i.HAL_UART_IRQHandler)
    HAL_UART_Init                            0x08004425   Thumb Code   100  stm32f4xx_hal_uart.o(i.HAL_UART_Init)
    HAL_UART_MspInit                         0x08004489   Thumb Code   272  stm32f4xx_hal_msp.o(i.HAL_UART_MspInit)
    HAL_UART_Receive_IT                      0x080045b5   Thumb Code    28  stm32f4xx_hal_uart.o(i.HAL_UART_Receive_IT)
    HAL_UART_RxCpltCallback                  0x080045d1   Thumb Code    50  jetson_uart.o(i.HAL_UART_RxCpltCallback)
    HAL_UART_Transmit                        0x08004615   Thumb Code   160  stm32f4xx_hal_uart.o(i.HAL_UART_Transmit)
    HAL_UART_TxCpltCallback                  0x080046b5   Thumb Code     2  stm32f4xx_hal_uart.o(i.HAL_UART_TxCpltCallback)
    HardFault_Handler                        0x080046b7   Thumb Code     2  stm32f4xx_it.o(i.HardFault_Handler)
    Imu_Task                                 0x08004af9   Thumb Code   216  main.o(i.Imu_Task)
    JetsonUart_Init                          0x08004c3d   Thumb Code    34  jetson_uart.o(i.JetsonUart_Init)
    JetsonUart_StartReceiveIT                0x08004c69   Thumb Code    10  jetson_uart.o(i.JetsonUart_StartReceiveIT)
    Jetson_CheckReceiveTimeout               0x08004c7d   Thumb Code     2  jetson_uart.o(i.Jetson_CheckReceiveTimeout)
    Jetson_ClearStaleData                    0x08004c7f   Thumb Code     2  jetson_uart.o(i.Jetson_ClearStaleData)
    Jetson_HandleCommands                    0x08004c81   Thumb Code   130  jetson_uart.o(i.Jetson_HandleCommands)
    Jetson_Task                              0x08004d2d   Thumb Code   134  main.o(i.Jetson_Task)
    MemManage_Handler                        0x080052a9   Thumb Code     2  stm32f4xx_it.o(i.MemManage_Handler)
    MotorCtrl_TasK                           0x080052ad   Thumb Code   260  main.o(i.MotorCtrl_TasK)
    MotorSpeedTask                           0x080053bd   Thumb Code   230  main.o(i.MotorSpeedTask)
    NMI_Handler                              0x080054c9   Thumb Code     2  stm32f4xx_it.o(i.NMI_Handler)
    PCA9685_Init                             0x080054cb   Thumb Code    90  pca9685.o(i.PCA9685_Init)
    PCA9685_SetAngleFloat                    0x08005525   Thumb Code    54  pca9685.o(i.PCA9685_SetAngleFloat)
    PCA9685_SetFreq                          0x08005571   Thumb Code   240  pca9685.o(i.PCA9685_SetFreq)
    PCA9685_SetPWM                           0x08005681   Thumb Code    52  pca9685.o(i.PCA9685_SetPWM)
    PCA9685_Task                             0x080056b5   Thumb Code    88  main.o(i.PCA9685_Task)
    SendCurrentPose                          0x08005949   Thumb Code   566  jetson_uart.o(i.SendCurrentPose)
    Servo_UpdateAll                          0x08005b8d   Thumb Code   148  jetson_uart.o(i.Servo_UpdateAll)
    SetMotorPWM                              0x08005c29   Thumb Code   268  main.o(i.SetMotorPWM)
    StopMotorPWM                             0x08005d3d   Thumb Code   130  main.o(i.StopMotorPWM)
    SysTick_Handler                          0x08005dc5   Thumb Code    26  cmsis_os2.o(i.SysTick_Handler)
    SystemClock_Config                       0x08005de1   Thumb Code   134  main.o(i.SystemClock_Config)
    SystemInit                               0x08005e71   Thumb Code    12  system_stm32f4xx.o(i.SystemInit)
    TIM4_IRQHandler                          0x08005e81   Thumb Code     6  stm32f4xx_it.o(i.TIM4_IRQHandler)
    TIM_Base_SetConfig                       0x08005e8d   Thumb Code   164  stm32f4xx_hal_tim.o(i.TIM_Base_SetConfig)
    TIM_CCxChannelCmd                        0x08005f5d   Thumb Code    26  stm32f4xx_hal_tim.o(i.TIM_CCxChannelCmd)
    TIM_OC2_SetConfig                        0x08005fd9   Thumb Code    98  stm32f4xx_hal_tim.o(i.TIM_OC2_SetConfig)
    UART5_IRQHandler                         0x080060fd   Thumb Code     6  stm32f4xx_it.o(i.UART5_IRQHandler)
    UART_Start_Receive_IT                    0x08006335   Thumb Code    54  stm32f4xx_hal_uart.o(i.UART_Start_Receive_IT)
    UART_Task                                0x0800636b   Thumb Code    12  main.o(i.UART_Task)
    UART_Task1                               0x08006379   Thumb Code    94  main.o(i.UART_Task1)
    UpdateIMUData                            0x08006471   Thumb Code     8  jetson_uart.o(i.UpdateIMUData)
    UpdateSingleMotorData                    0x0800647d   Thumb Code    22  jetson_uart.o(i.UpdateSingleMotorData)
    UsageFault_Handler                       0x08006499   Thumb Code     2  stm32f4xx_it.o(i.UsageFault_Handler)
    __ARM_fpclassify                         0x0800649b   Thumb Code    48  fpclassify.o(i.__ARM_fpclassify)
    __hardfp___mathlib_tofloat               0x080064f1   Thumb Code   232  narrow.o(i.__hardfp___mathlib_tofloat)
    __hardfp_atof                            0x080065e9   Thumb Code    44  atof.o(i.__hardfp_atof)
    __hardfp_ldexp                           0x08006621   Thumb Code   200  ldexp.o(i.__hardfp_ldexp)
    __mathlib_dbl_overflow                   0x080066f1   Thumb Code    24  dunder.o(i.__mathlib_dbl_overflow)
    __mathlib_dbl_underflow                  0x08006711   Thumb Code    24  dunder.o(i.__mathlib_dbl_underflow)
    __mathlib_narrow                         0x08006731   Thumb Code    18  narrow.o(i.__mathlib_narrow)
    __support_ldexp                          0x08006743   Thumb Code    20  ldexp.o(i.__support_ldexp)
    _is_digit                                0x08006757   Thumb Code    14  __printf_wp.o(i._is_digit)
    frexp                                    0x08006769   Thumb Code   118  frexp.o(i.frexp)
    main                                     0x080067f5   Thumb Code   416  main.o(i.main)
    osDelay                                  0x080069f1   Thumb Code    26  cmsis_os2.o(i.osDelay)
    osKernelInitialize                       0x08006a0d   Thumb Code    32  cmsis_os2.o(i.osKernelInitialize)
    osKernelStart                            0x08006a31   Thumb Code    48  cmsis_os2.o(i.osKernelStart)
    osMessageQueueGet                        0x08006a69   Thumb Code    96  cmsis_os2.o(i.osMessageQueueGet)
    osMessageQueueNew                        0x08006acd   Thumb Code    88  cmsis_os2.o(i.osMessageQueueNew)
    osMessageQueuePut                        0x08006b25   Thumb Code   100  cmsis_os2.o(i.osMessageQueuePut)
    osMutexAcquire                           0x08006b8d   Thumb Code    82  cmsis_os2.o(i.osMutexAcquire)
    osMutexNew                               0x08006bdf   Thumb Code   104  cmsis_os2.o(i.osMutexNew)
    osMutexRelease                           0x08006c47   Thumb Code    66  cmsis_os2.o(i.osMutexRelease)
    osThreadNew                              0x08006c89   Thumb Code   138  cmsis_os2.o(i.osThreadNew)
    pvPortMalloc                             0x080074c1   Thumb Code   216  heap_4.o(i.pvPortMalloc)
    pvTaskIncrementMutexHeldCount            0x0800759d   Thumb Code    18  tasks.o(i.pvTaskIncrementMutexHeldCount)
    pxPortInitialiseStack                    0x080075b5   Thumb Code    40  port.o(i.pxPortInitialiseStack)
    uxListRemove                             0x080075e1   Thumb Code    38  list.o(i.uxListRemove)
    vApplicationGetIdleTaskMemory            0x08007609   Thumb Code    16  cmsis_os2.o(i.vApplicationGetIdleTaskMemory)
    vApplicationGetTimerTaskMemory           0x0800761d   Thumb Code    18  cmsis_os2.o(i.vApplicationGetTimerTaskMemory)
    vListInitialise                          0x08007635   Thumb Code    22  list.o(i.vListInitialise)
    vListInitialiseItem                      0x0800764b   Thumb Code     6  list.o(i.vListInitialiseItem)
    vListInsert                              0x08007651   Thumb Code    48  list.o(i.vListInsert)
    vListInsertEnd                           0x08007681   Thumb Code    24  list.o(i.vListInsertEnd)
    vPortEnterCritical                       0x08007699   Thumb Code    54  port.o(i.vPortEnterCritical)
    vPortExitCritical                        0x080076d9   Thumb Code    34  port.o(i.vPortExitCritical)
    vPortFree                                0x08007701   Thumb Code    94  heap_4.o(i.vPortFree)
    vPortSetupTimerInterrupt                 0x08007765   Thumb Code    32  port.o(i.vPortSetupTimerInterrupt)
    vPortValidateInterruptPriority           0x08007789   Thumb Code    74  port.o(i.vPortValidateInterruptPriority)
    vQueueAddToRegistry                      0x080077dd   Thumb Code    34  queue.o(i.vQueueAddToRegistry)
    vQueueWaitForMessageRestricted           0x08007805   Thumb Code    68  queue.o(i.vQueueWaitForMessageRestricted)
    vTaskDelay                               0x08007849   Thumb Code    66  tasks.o(i.vTaskDelay)
    vTaskDelayUntil                          0x08007895   Thumb Code   132  tasks.o(i.vTaskDelayUntil)
    vTaskInternalSetTimeOutState             0x08007921   Thumb Code    12  tasks.o(i.vTaskInternalSetTimeOutState)
    vTaskMissedYield                         0x08007931   Thumb Code     8  tasks.o(i.vTaskMissedYield)
    vTaskPlaceOnEventList                    0x0800793d   Thumb Code    44  tasks.o(i.vTaskPlaceOnEventList)
    vTaskPlaceOnEventListRestricted          0x0800796d   Thumb Code    52  tasks.o(i.vTaskPlaceOnEventListRestricted)
    vTaskPriorityDisinheritAfterTimeout      0x080079a5   Thumb Code   134  tasks.o(i.vTaskPriorityDisinheritAfterTimeout)
    vTaskStartScheduler                      0x08007a35   Thumb Code   118  tasks.o(i.vTaskStartScheduler)
    vTaskSuspendAll                          0x08007abd   Thumb Code    10  tasks.o(i.vTaskSuspendAll)
    vTaskSwitchContext                       0x08007acd   Thumb Code    90  tasks.o(i.vTaskSwitchContext)
    xPortStartScheduler                      0x08007b31   Thumb Code   222  port.o(i.xPortStartScheduler)
    xPortSysTickHandler                      0x08007c25   Thumb Code    38  port.o(i.xPortSysTickHandler)
    xQueueCreateMutex                        0x08007c51   Thumb Code    22  queue.o(i.xQueueCreateMutex)
    xQueueCreateMutexStatic                  0x08007c67   Thumb Code    26  queue.o(i.xQueueCreateMutexStatic)
    xQueueGenericCreate                      0x08007c81   Thumb Code    66  queue.o(i.xQueueGenericCreate)
    xQueueGenericCreateStatic                0x08007cc3   Thumb Code   102  queue.o(i.xQueueGenericCreateStatic)
    xQueueGenericReset                       0x08007d29   Thumb Code   132  queue.o(i.xQueueGenericReset)
    xQueueGenericSend                        0x08007db1   Thumb Code   346  queue.o(i.xQueueGenericSend)
    xQueueGenericSendFromISR                 0x08007f11   Thumb Code   190  queue.o(i.xQueueGenericSendFromISR)
    xQueueGiveMutexRecursive                 0x08007fcf   Thumb Code    62  queue.o(i.xQueueGiveMutexRecursive)
    xQueueReceive                            0x0800800d   Thumb Code   308  queue.o(i.xQueueReceive)
    xQueueReceiveFromISR                     0x08008145   Thumb Code   154  queue.o(i.xQueueReceiveFromISR)
    xQueueSemaphoreTake                      0x080081e1   Thumb Code   372  queue.o(i.xQueueSemaphoreTake)
    xQueueTakeMutexRecursive                 0x08008359   Thumb Code    64  queue.o(i.xQueueTakeMutexRecursive)
    xTaskCheckForTimeOut                     0x08008399   Thumb Code   112  tasks.o(i.xTaskCheckForTimeOut)
    xTaskCreate                              0x0800840d   Thumb Code    90  tasks.o(i.xTaskCreate)
    xTaskCreateStatic                        0x08008467   Thumb Code    86  tasks.o(i.xTaskCreateStatic)
    xTaskGetCurrentTaskHandle                0x080084bd   Thumb Code     6  tasks.o(i.xTaskGetCurrentTaskHandle)
    xTaskGetSchedulerState                   0x080084c9   Thumb Code    22  tasks.o(i.xTaskGetSchedulerState)
    xTaskGetTickCount                        0x080084e5   Thumb Code     6  tasks.o(i.xTaskGetTickCount)
    xTaskIncrementTick                       0x080084f1   Thumb Code   192  tasks.o(i.xTaskIncrementTick)
    xTaskPriorityDisinherit                  0x080085b9   Thumb Code   118  tasks.o(i.xTaskPriorityDisinherit)
    xTaskPriorityInherit                     0x08008639   Thumb Code   112  tasks.o(i.xTaskPriorityInherit)
    xTaskRemoveFromEventList                 0x080086b1   Thumb Code    98  tasks.o(i.xTaskRemoveFromEventList)
    xTaskResumeAll                           0x08008721   Thumb Code   182  tasks.o(i.xTaskResumeAll)
    xTimerCreateTimerTask                    0x080087e5   Thumb Code    78  timers.o(i.xTimerCreateTimerTask)
    xTimerGenericCommand                     0x08008845   Thumb Code    98  timers.o(i.xTimerGenericCommand)
    _get_lc_numeric                          0x080088ad   Thumb Code    44  lc_numeric_c.o(locale$$code)
    _get_lc_ctype                            0x080088d9   Thumb Code    44  lc_ctype_c.o(locale$$code)
    __aeabi_d2f                              0x08008905   Thumb Code     0  d2f.o(x$fpl$d2f)
    _d2f                                     0x08008905   Thumb Code    98  d2f.o(x$fpl$d2f)
    __aeabi_dadd                             0x08008969   Thumb Code     0  daddsub_clz.o(x$fpl$dadd)
    _dadd                                    0x08008969   Thumb Code   332  daddsub_clz.o(x$fpl$dadd)
    __fpl_dcheck_NaN1                        0x08008ab9   Thumb Code    10  dcheck1.o(x$fpl$dcheck1)
    __fpl_dcmp_Inf                           0x08008ac9   Thumb Code    24  dcmpi.o(x$fpl$dcmpinf)
    __aeabi_ddiv                             0x08008ae1   Thumb Code     0  ddiv.o(x$fpl$ddiv)
    _ddiv                                    0x08008ae1   Thumb Code   552  ddiv.o(x$fpl$ddiv)
    __aeabi_cdcmpeq                          0x08008d91   Thumb Code     0  deqf.o(x$fpl$deqf)
    _dcmpeq                                  0x08008d91   Thumb Code   120  deqf.o(x$fpl$deqf)
    __aeabi_d2uiz                            0x08008e09   Thumb Code     0  dfixu.o(x$fpl$dfixu)
    _dfixu                                   0x08008e09   Thumb Code    90  dfixu.o(x$fpl$dfixu)
    __aeabi_cdcmple                          0x08008e65   Thumb Code     0  dleqf.o(x$fpl$dleqf)
    _dcmple                                  0x08008e65   Thumb Code   120  dleqf.o(x$fpl$dleqf)
    __fpl_dcmple_InfNaN                      0x08008ec7   Thumb Code     0  dleqf.o(x$fpl$dleqf)
    __aeabi_dmul                             0x08008edd   Thumb Code     0  dmul.o(x$fpl$dmul)
    _dmul                                    0x08008edd   Thumb Code   332  dmul.o(x$fpl$dmul)
    __fpl_dnaninf                            0x08009031   Thumb Code   156  dnaninf.o(x$fpl$dnaninf)
    __fpl_dretinf                            0x080090cd   Thumb Code    12  dretinf.o(x$fpl$dretinf)
    __aeabi_cdrcmple                         0x080090d9   Thumb Code     0  drleqf.o(x$fpl$drleqf)
    _drcmple                                 0x080090d9   Thumb Code   108  drleqf.o(x$fpl$drleqf)
    __aeabi_dsub                             0x08009145   Thumb Code     0  daddsub_clz.o(x$fpl$dsub)
    _dsub                                    0x08009145   Thumb Code   464  daddsub_clz.o(x$fpl$dsub)
    __aeabi_f2d                              0x08009319   Thumb Code     0  f2d.o(x$fpl$f2d)
    _f2d                                     0x08009319   Thumb Code    86  f2d.o(x$fpl$f2d)
    __fpl_fnaninf                            0x0800936f   Thumb Code   140  fnaninf.o(x$fpl$fnaninf)
    _fp_init                                 0x080093fb   Thumb Code    10  fpinit.o(x$fpl$fpinit)
    __fplib_config_fpu_vfp                   0x08009403   Thumb Code     0  fpinit.o(x$fpl$fpinit)
    __fplib_config_pureend_doubles           0x08009403   Thumb Code     0  fpinit.o(x$fpl$fpinit)
    __fpl_fretinf                            0x08009405   Thumb Code    10  fretinf.o(x$fpl$fretinf)
    __ieee_status                            0x0800940f   Thumb Code     6  istatus.o(x$fpl$ieeestatus)
    _printf_fp_dec                           0x08009415   Thumb Code     4  printf1.o(x$fpl$printf1)
    __fpl_return_NaN                         0x08009419   Thumb Code   100  retnan.o(x$fpl$retnan)
    __ARM_scalbn                             0x0800947d   Thumb Code    92  scalbn.o(x$fpl$scalbn)
    _scanf_real                              0x080094d9   Thumb Code     4  scanf1.o(x$fpl$scanf1)
    _scanf_hex_real                          0x080094dd   Thumb Code     4  scanf2.o(x$fpl$scanf2)
    _scanf_infnan                            0x080094e1   Thumb Code     4  scanf2.o(x$fpl$scanf2)
    __fpl_cmpreturn                          0x080094e5   Thumb Code    48  trapv.o(x$fpl$trapveneer)
    __I$use$fp                               0x08009514   Number         0  usenofp.o(x$fpl$usenofp)
    gpiotask_attributes                      0x08009524   Data          36  main.o(.constdata)
    uart_task_attributes                     0x08009548   Data          36  main.o(.constdata)
    imu_task_attributes                      0x0800956c   Data          36  main.o(.constdata)
    pca9685task_attributes                   0x08009590   Data          36  main.o(.constdata)
    jetson_task_attributes                   0x080095b4   Data          36  main.o(.constdata)
    MotorTask1_attributes                    0x080095d8   Data          36  main.o(.constdata)
    MotorTask2_attributes                    0x080095fc   Data          36  main.o(.constdata)
    MotorTask3_attributes                    0x08009620   Data          36  main.o(.constdata)
    MotorTask4_attributes                    0x08009644   Data          36  main.o(.constdata)
    UARTTask1_attributes                     0x08009668   Data          36  main.o(.constdata)
    MotorCtrlTasK1_attributes                0x0800968c   Data          36  main.o(.constdata)
    MotorCtrlTasK2_attributes                0x080096b0   Data          36  main.o(.constdata)
    MotorCtrlTasK3_attributes                0x080096d4   Data          36  main.o(.constdata)
    MotorCtrlTasK4_attributes                0x080096f8   Data          36  main.o(.constdata)
    MotorQueue_attributes                    0x0800971c   Data          24  main.o(.constdata)
    UART1Mutex01_attributes                  0x08009734   Data          16  main.o(.constdata)
    AHBPrescTable                            0x0800976c   Data          16  system_stm32f4xx.o(.constdata)
    APBPrescTable                            0x0800977c   Data           8  system_stm32f4xx.o(.constdata)
    Region$$Table$$Base                      0x080099f4   Number         0  anon$$obj.o(Region$$Table)
    Region$$Table$$Limit                     0x08009a14   Number         0  anon$$obj.o(Region$$Table)
    __aeabi_HUGE_VAL                         0x08009a14   Data           0  fpconst.o(c$$dinf)
    __aeabi_HUGE_VALL                        0x08009a14   Data           0  fpconst.o(c$$dinf)
    __aeabi_INFINITY                         0x08009a14   Data           0  fpconst.o(c$$dinf)
    __dInf                                   0x08009a14   Data           0  fpconst.o(c$$dinf)
    __huge_val                               0x08009a14   Data           0  fpconst.o(c$$dinf)
    __dbl_max                                0x08009a1c   Data           0  fpconst.o(c$$dmax)
    __ctype                                  0x08009a4d   Data           0  lc_ctype_c.o(locale$$data)
    Motor_1                                  0x20000018   Data           1  main.o(.data)
    Motor_2                                  0x20000019   Data           1  main.o(.data)
    Motor_3                                  0x2000001a   Data           1  main.o(.data)
    Motor_4                                  0x2000001b   Data           1  main.o(.data)
    gpiotaskHandle                           0x2000001c   Data           4  main.o(.data)
    uart_taskHandle                          0x20000020   Data           4  main.o(.data)
    imu_taskHandle                           0x20000024   Data           4  main.o(.data)
    pca9685taskHandle                        0x20000028   Data           4  main.o(.data)
    jetson_taskHandle                        0x2000002c   Data           4  main.o(.data)
    MotorTask1Handle                         0x20000030   Data           4  main.o(.data)
    MotorTask2Handle                         0x20000034   Data           4  main.o(.data)
    MotorTask3Handle                         0x20000038   Data           4  main.o(.data)
    MotorTask4Handle                         0x2000003c   Data           4  main.o(.data)
    UARTTask1Handle                          0x20000040   Data           4  main.o(.data)
    MotorCtrlTasK1Handle                     0x20000044   Data           4  main.o(.data)
    MotorCtrlTasK2Handle                     0x20000048   Data           4  main.o(.data)
    MotorCtrlTasK3Handle                     0x2000004c   Data           4  main.o(.data)
    MotorCtrlTasK4Handle                     0x20000050   Data           4  main.o(.data)
    MotorQueueHandle                         0x20000054   Data           4  main.o(.data)
    UART1Mutex01Handle                       0x20000058   Data           4  main.o(.data)
    UART1Handle                              0x2000005c   Data           4  main.o(.data)
    motor1_n20                               0x20000060   Data          20  main.o(.data)
    motor2_n20                               0x20000074   Data          20  main.o(.data)
    motor3_n20                               0x20000088   Data          20  main.o(.data)
    motor4_n20                               0x2000009c   Data          20  main.o(.data)
    uwTickFreq                               0x200000b0   Data           1  stm32f4xx_hal.o(.data)
    uwTickPrio                               0x200000b4   Data           4  stm32f4xx_hal.o(.data)
    uwTick                                   0x200000b8   Data           4  stm32f4xx_hal.o(.data)
    SystemCoreClock                          0x200000bc   Data           4  system_stm32f4xx.o(.data)
    pxCurrentTCB                             0x200000c0   Data           4  tasks.o(.data)
    servo_current_angles                     0x200001b0   Data          64  jetson_uart.o(.bss)
    all_motors                               0x20000c40   Data          80  main.o(.bss)
    hi2c1                                    0x20000ca4   Data          84  main.o(.bss)
    hi2c2                                    0x20000cf8   Data          84  main.o(.bss)
    htim1                                    0x20000d4c   Data          72  main.o(.bss)
    htim2                                    0x20000d94   Data          72  main.o(.bss)
    htim3                                    0x20000ddc   Data          72  main.o(.bss)
    htim5                                    0x20000e24   Data          72  main.o(.bss)
    htim8                                    0x20000e6c   Data          72  main.o(.bss)
    htim9                                    0x20000eb4   Data          72  main.o(.bss)
    htim12                                   0x20000efc   Data          72  main.o(.bss)
    huart4                                   0x20000f44   Data          72  main.o(.bss)
    huart5                                   0x20000f8c   Data          72  main.o(.bss)
    huart1                                   0x20000fd4   Data          72  main.o(.bss)
    htim4                                    0x2000101c   Data          72  stm32f4xx_hal_timebase_tim.o(.bss)
    xQueueRegistry                           0x20001064   Data          64  queue.o(.bss)
    __libspace_start                         0x20009d38   Data          96  libspace.o(.bss)
    __temporary_stack_top$libspace           0x20009d98   Data           0  libspace.o(.bss)



==============================================================================

Memory Map of the image

  Image Entry point : 0x08000189

  Load Region LR_IROM1 (Base: 0x08000000, Size: 0x00009c94, Max: 0x00080000, ABSOLUTE, COMPRESSED[0x00009b70])

    Execution Region ER_IROM1 (Exec base: 0x08000000, Load base: 0x08000000, Size: 0x00009b50, Max: 0x00080000, ABSOLUTE)

    Exec Addr    Load Addr    Size         Type   Attr      Idx    E Section Name        Object

    0x08000000   0x08000000   0x00000188   Data   RO            3    RESET               startup_stm32f407xx.o
    0x08000188   0x08000188   0x00000008   Code   RO         5597  * !!!main             c_w.l(__main.o)
    0x08000190   0x08000190   0x00000034   Code   RO         5972    !!!scatter          c_w.l(__scatter.o)
    0x080001c4   0x080001c4   0x0000003a   Code   RO         5970    !!dczerorl          c_w.l(__dczerorl.o)
    0x080001fe   0x080001fe   0x00000002   PAD
    0x08000200   0x08000200   0x0000001c   Code   RO         5974    !!handler_zi        c_w.l(__scatter_zi.o)
    0x0800021c   0x0800021c   0x00000000   Code   RO         5573    .ARM.Collect$$_printf_percent$$00000000  c_w.l(_printf_percent.o)
    0x0800021c   0x0800021c   0x00000006   Code   RO         5572    .ARM.Collect$$_printf_percent$$00000003  c_w.l(_printf_f.o)
    0x08000222   0x08000222   0x00000006   Code   RO         5570    .ARM.Collect$$_printf_percent$$00000009  c_w.l(_printf_d.o)
    0x08000228   0x08000228   0x00000006   Code   RO         5571    .ARM.Collect$$_printf_percent$$0000000A  c_w.l(_printf_u.o)
    0x0800022e   0x0800022e   0x00000004   Code   RO         5647    .ARM.Collect$$_printf_percent$$00000017  c_w.l(_printf_percent_end.o)
    0x08000232   0x08000232   0x00000002   Code   RO         5764    .ARM.Collect$$libinit$$00000000  c_w.l(libinit.o)
    0x08000234   0x08000234   0x00000004   Code   RO         5765    .ARM.Collect$$libinit$$00000001  c_w.l(libinit2.o)
    0x08000238   0x08000238   0x00000000   Code   RO         5768    .ARM.Collect$$libinit$$00000004  c_w.l(libinit2.o)
    0x08000238   0x08000238   0x00000000   Code   RO         5771    .ARM.Collect$$libinit$$0000000A  c_w.l(libinit2.o)
    0x08000238   0x08000238   0x00000000   Code   RO         5773    .ARM.Collect$$libinit$$0000000C  c_w.l(libinit2.o)
    0x08000238   0x08000238   0x00000000   Code   RO         5775    .ARM.Collect$$libinit$$0000000E  c_w.l(libinit2.o)
    0x08000238   0x08000238   0x00000006   Code   RO         5776    .ARM.Collect$$libinit$$0000000F  c_w.l(libinit2.o)
    0x0800023e   0x0800023e   0x00000000   Code   RO         5778    .ARM.Collect$$libinit$$00000011  c_w.l(libinit2.o)
    0x0800023e   0x0800023e   0x0000000c   Code   RO         5779    .ARM.Collect$$libinit$$00000012  c_w.l(libinit2.o)
    0x0800024a   0x0800024a   0x00000000   Code   RO         5780    .ARM.Collect$$libinit$$00000013  c_w.l(libinit2.o)
    0x0800024a   0x0800024a   0x00000000   Code   RO         5782    .ARM.Collect$$libinit$$00000015  c_w.l(libinit2.o)
    0x0800024a   0x0800024a   0x0000000a   Code   RO         5783    .ARM.Collect$$libinit$$00000016  c_w.l(libinit2.o)
    0x08000254   0x08000254   0x00000000   Code   RO         5784    .ARM.Collect$$libinit$$00000017  c_w.l(libinit2.o)
    0x08000254   0x08000254   0x00000000   Code   RO         5786    .ARM.Collect$$libinit$$00000019  c_w.l(libinit2.o)
    0x08000254   0x08000254   0x00000000   Code   RO         5788    .ARM.Collect$$libinit$$0000001B  c_w.l(libinit2.o)
    0x08000254   0x08000254   0x00000000   Code   RO         5790    .ARM.Collect$$libinit$$0000001D  c_w.l(libinit2.o)
    0x08000254   0x08000254   0x00000000   Code   RO         5792    .ARM.Collect$$libinit$$0000001F  c_w.l(libinit2.o)
    0x08000254   0x08000254   0x00000000   Code   RO         5794    .ARM.Collect$$libinit$$00000021  c_w.l(libinit2.o)
    0x08000254   0x08000254   0x00000000   Code   RO         5796    .ARM.Collect$$libinit$$00000023  c_w.l(libinit2.o)
    0x08000254   0x08000254   0x00000000   Code   RO         5798    .ARM.Collect$$libinit$$00000025  c_w.l(libinit2.o)
    0x08000254   0x08000254   0x00000000   Code   RO         5802    .ARM.Collect$$libinit$$0000002C  c_w.l(libinit2.o)
    0x08000254   0x08000254   0x00000000   Code   RO         5804    .ARM.Collect$$libinit$$0000002E  c_w.l(libinit2.o)
    0x08000254   0x08000254   0x00000000   Code   RO         5806    .ARM.Collect$$libinit$$00000030  c_w.l(libinit2.o)
    0x08000254   0x08000254   0x00000000   Code   RO         5808    .ARM.Collect$$libinit$$00000032  c_w.l(libinit2.o)
    0x08000254   0x08000254   0x00000002   Code   RO         5809    .ARM.Collect$$libinit$$00000033  c_w.l(libinit2.o)
    0x08000256   0x08000256   0x00000002   Code   RO         5890    .ARM.Collect$$libshutdown$$00000000  c_w.l(libshutdown.o)
    0x08000258   0x08000258   0x00000000   Code   RO         5928    .ARM.Collect$$libshutdown$$00000002  c_w.l(libshutdown2.o)
    0x08000258   0x08000258   0x00000000   Code   RO         5930    .ARM.Collect$$libshutdown$$00000004  c_w.l(libshutdown2.o)
    0x08000258   0x08000258   0x00000000   Code   RO         5932    .ARM.Collect$$libshutdown$$00000006  c_w.l(libshutdown2.o)
    0x08000258   0x08000258   0x00000000   Code   RO         5935    .ARM.Collect$$libshutdown$$00000009  c_w.l(libshutdown2.o)
    0x08000258   0x08000258   0x00000000   Code   RO         5938    .ARM.Collect$$libshutdown$$0000000C  c_w.l(libshutdown2.o)
    0x08000258   0x08000258   0x00000000   Code   RO         5940    .ARM.Collect$$libshutdown$$0000000E  c_w.l(libshutdown2.o)
    0x08000258   0x08000258   0x00000000   Code   RO         5943    .ARM.Collect$$libshutdown$$00000011  c_w.l(libshutdown2.o)
    0x08000258   0x08000258   0x00000002   Code   RO         5944    .ARM.Collect$$libshutdown$$00000012  c_w.l(libshutdown2.o)
    0x0800025a   0x0800025a   0x00000000   Code   RO         5627    .ARM.Collect$$rtentry$$00000000  c_w.l(__rtentry.o)
    0x0800025a   0x0800025a   0x00000000   Code   RO         5669    .ARM.Collect$$rtentry$$00000002  c_w.l(__rtentry2.o)
    0x0800025a   0x0800025a   0x00000006   Code   RO         5681    .ARM.Collect$$rtentry$$00000004  c_w.l(__rtentry4.o)
    0x08000260   0x08000260   0x00000000   Code   RO         5671    .ARM.Collect$$rtentry$$00000009  c_w.l(__rtentry2.o)
    0x08000260   0x08000260   0x00000004   Code   RO         5672    .ARM.Collect$$rtentry$$0000000A  c_w.l(__rtentry2.o)
    0x08000264   0x08000264   0x00000000   Code   RO         5674    .ARM.Collect$$rtentry$$0000000C  c_w.l(__rtentry2.o)
    0x08000264   0x08000264   0x00000008   Code   RO         5675    .ARM.Collect$$rtentry$$0000000D  c_w.l(__rtentry2.o)
    0x0800026c   0x0800026c   0x00000002   Code   RO         5810    .ARM.Collect$$rtexit$$00000000  c_w.l(rtexit.o)
    0x0800026e   0x0800026e   0x00000000   Code   RO         5843    .ARM.Collect$$rtexit$$00000002  c_w.l(rtexit2.o)
    0x0800026e   0x0800026e   0x00000004   Code   RO         5844    .ARM.Collect$$rtexit$$00000003  c_w.l(rtexit2.o)
    0x08000272   0x08000272   0x00000006   Code   RO         5845    .ARM.Collect$$rtexit$$00000004  c_w.l(rtexit2.o)
    0x08000278   0x08000278   0x000000be   Code   RO         5461    .emb_text           port.o
    0x08000336   0x08000336   0x00000002   PAD
    0x08000338   0x08000338   0x00000040   Code   RO            4    .text               startup_stm32f407xx.o
    0x08000378   0x08000378   0x000000ee   Code   RO         5540    .text               c_w.l(lludivv7m.o)
    0x08000466   0x08000466   0x00000002   PAD
    0x08000468   0x08000468   0x0000002c   Code   RO         5542    .text               c_w.l(__2sprintf.o)
    0x08000494   0x08000494   0x00000078   Code   RO         5548    .text               c_w.l(_printf_dec.o)
    0x0800050c   0x0800050c   0x00000160   Code   RO         5565    .text               c_w.l(__printf_ss_wp.o)
    0x0800066c   0x0800066c   0x0000001a   Code   RO         5574    .text               c_w.l(atoi.o)
    0x08000686   0x08000686   0x00000002   PAD
    0x08000688   0x08000688   0x0000000c   Code   RO         5576    .text               c_w.l(strtok.o)
    0x08000694   0x08000694   0x00000058   Code   RO         5579    .text               c_w.l(memcmp.o)
    0x080006ec   0x080006ec   0x0000003e   Code   RO         5581    .text               c_w.l(strlen.o)
    0x0800072a   0x0800072a   0x00000096   Code   RO         5583    .text               c_w.l(strncmp.o)
    0x080007c0   0x080007c0   0x0000008a   Code   RO         5585    .text               c_w.l(rt_memcpy_v6.o)
    0x0800084a   0x0800084a   0x00000064   Code   RO         5587    .text               c_w.l(rt_memcpy_w.o)
    0x080008ae   0x080008ae   0x00000010   Code   RO         5591    .text               c_w.l(aeabi_memset.o)
    0x080008be   0x080008be   0x0000004e   Code   RO         5593    .text               c_w.l(rt_memclr_w.o)
    0x0800090c   0x0800090c   0x00000006   Code   RO         5595    .text               c_w.l(heapauxi.o)
    0x08000912   0x08000912   0x00000002   PAD
    0x08000914   0x08000914   0x00000008   Code   RO         5635    .text               c_w.l(rt_errno_addr_intlibspace.o)
    0x0800091c   0x0800091c   0x00000016   Code   RO         5637    .text               c_w.l(_rserrno.o)
    0x08000932   0x08000932   0x000000b2   Code   RO         5639    .text               c_w.l(_printf_intcommon.o)
    0x080009e4   0x080009e4   0x0000041e   Code   RO         5641    .text               c_w.l(_printf_fp_dec.o)
    0x08000e02   0x08000e02   0x00000002   PAD
    0x08000e04   0x08000e04   0x00000030   Code   RO         5643    .text               c_w.l(_printf_char_common.o)
    0x08000e34   0x08000e34   0x0000000a   Code   RO         5645    .text               c_w.l(_sputc.o)
    0x08000e3e   0x08000e3e   0x00000002   PAD
    0x08000e40   0x08000e40   0x000000a4   Code   RO         5648    .text               c_w.l(strtod.o)
    0x08000ee4   0x08000ee4   0x00000070   Code   RO         5650    .text               c_w.l(strtol.o)
    0x08000f54   0x08000f54   0x00000044   Code   RO         5652    .text               c_w.l(strtok_int.o)
    0x08000f98   0x08000f98   0x00000044   Code   RO         5654    .text               c_w.l(rt_memclr.o)
    0x08000fdc   0x08000fdc   0x00000008   Code   RO         5665    .text               c_w.l(libspace.o)
    0x08000fe4   0x08000fe4   0x00000010   Code   RO         5683    .text               c_w.l(rt_ctype_table.o)
    0x08000ff4   0x08000ff4   0x00000008   Code   RO         5690    .text               c_w.l(rt_locale_intlibspace.o)
    0x08000ffc   0x08000ffc   0x0000008a   Code   RO         5692    .text               c_w.l(lludiv10.o)
    0x08001086   0x08001086   0x00000012   Code   RO         5694    .text               c_w.l(isspace.o)
    0x08001098   0x08001098   0x00000080   Code   RO         5696    .text               c_w.l(_printf_fp_infnan.o)
    0x08001118   0x08001118   0x00000040   Code   RO         5700    .text               c_w.l(_sgetc.o)
    0x08001158   0x08001158   0x0000009e   Code   RO         5702    .text               c_w.l(_strtoul.o)
    0x080011f6   0x080011f6   0x00000002   PAD
    0x080011f8   0x080011f8   0x000000e4   Code   RO         5704    .text               c_w.l(bigflt0.o)
    0x080012dc   0x080012dc   0x00000020   Code   RO         5732    .text               c_w.l(strcspn.o)
    0x080012fc   0x080012fc   0x0000001c   Code   RO         5734    .text               c_w.l(strspn.o)
    0x08001318   0x08001318   0x0000004a   Code   RO         5742    .text               c_w.l(sys_stackheap_outer.o)
    0x08001362   0x08001362   0x0000001c   Code   RO         5744    .text               c_w.l(_chval.o)
    0x0800137e   0x0800137e   0x00000002   PAD
    0x08001380   0x08001380   0x000004f8   Code   RO         5746    .text               c_w.l(scanf_fp.o)
    0x08001878   0x08001878   0x00000012   Code   RO         5751    .text               c_w.l(exit.o)
    0x0800188a   0x0800188a   0x00000002   PAD
    0x0800188c   0x0800188c   0x00000080   Code   RO         5757    .text               c_w.l(strcmpv7m.o)
    0x0800190c   0x0800190c   0x0000000c   Code   RO         5840    .text               c_w.l(sys_exit.o)
    0x08001918   0x08001918   0x00000320   Code   RO         5849    .text               c_w.l(scanf_hexfp.o)
    0x08001c38   0x08001c38   0x00000134   Code   RO         5851    .text               c_w.l(scanf_infnan.o)
    0x08001d6c   0x08001d6c   0x00000002   Code   RO         5875    .text               c_w.l(use_no_semi.o)
    0x08001d6e   0x08001d6e   0x00000000   Code   RO         5877    .text               c_w.l(indicate_semi.o)
    0x08001d6e   0x08001d6e   0x00000026   Code   RO         5880    .text               c_w.l(llshl.o)
    0x08001d94   0x08001d94   0x0000003e   Code   RO         5707    CL$$btod_d2e        c_w.l(btod.o)
    0x08001dd2   0x08001dd2   0x00000046   Code   RO         5709    CL$$btod_d2e_denorm_low  c_w.l(btod.o)
    0x08001e18   0x08001e18   0x00000060   Code   RO         5708    CL$$btod_d2e_norm_op1  c_w.l(btod.o)
    0x08001e78   0x08001e78   0x00000338   Code   RO         5717    CL$$btod_div_common  c_w.l(btod.o)
    0x080021b0   0x080021b0   0x00000084   Code   RO         5715    CL$$btod_e2d        c_w.l(btod.o)
    0x08002234   0x08002234   0x000000dc   Code   RO         5714    CL$$btod_e2e        c_w.l(btod.o)
    0x08002310   0x08002310   0x0000002a   Code   RO         5711    CL$$btod_ediv       c_w.l(btod.o)
    0x0800233a   0x0800233a   0x0000002a   Code   RO         5713    CL$$btod_edivd      c_w.l(btod.o)
    0x08002364   0x08002364   0x0000002a   Code   RO         5710    CL$$btod_emul       c_w.l(btod.o)
    0x0800238e   0x0800238e   0x0000002a   Code   RO         5712    CL$$btod_emuld      c_w.l(btod.o)
    0x080023b8   0x080023b8   0x00000244   Code   RO         5716    CL$$btod_mult_common  c_w.l(btod.o)
    0x080025fc   0x080025fc   0x00000068   Code   RO           13    i.BSP_MPU6050_Init  bsp_mpu6050.o
    0x08002664   0x08002664   0x000000c0   Code   RO           15    i.BSP_MPU6050_Read_Data  bsp_mpu6050.o
    0x08002724   0x08002724   0x00000054   Code   RO           16    i.BSP_MPU6050_Read_Raw_Data  bsp_mpu6050.o
    0x08002778   0x08002778   0x00000002   Code   RO          620    i.BusFault_Handler  stm32f4xx_it.o
    0x0800277a   0x0800277a   0x00000004   Code   RO          251    i.CheckPoseChanged  jetson_uart.o
    0x0800277e   0x0800277e   0x00000002   Code   RO          621    i.DebugMon_Handler  stm32f4xx_it.o
    0x08002780   0x08002780   0x00000050   Code   RO          412    i.Error_Handler     main.o
    0x080027d0   0x080027d0   0x00000008   Code   RO          413    i.GPIO_Task         main.o
    0x080027d8   0x080027d8   0x00000024   Code   RO          252    i.GetMotorCommand   jetson_uart.o
    0x080027fc   0x080027fc   0x00000014   Code   RO          253    i.GetMotorCommandType  jetson_uart.o
    0x08002810   0x08002810   0x00000092   Code   RO         2242    i.HAL_DMA_Abort     stm32f4xx_hal_dma.o
    0x080028a2   0x080028a2   0x00000024   Code   RO         2243    i.HAL_DMA_Abort_IT  stm32f4xx_hal_dma.o
    0x080028c6   0x080028c6   0x00000002   PAD
    0x080028c8   0x080028c8   0x00000024   Code   RO         2679    i.HAL_Delay         stm32f4xx_hal.o
    0x080028ec   0x080028ec   0x000001f0   Code   RO         2135    i.HAL_GPIO_Init     stm32f4xx_hal_gpio.o
    0x08002adc   0x08002adc   0x0000000a   Code   RO         2139    i.HAL_GPIO_WritePin  stm32f4xx_hal_gpio.o
    0x08002ae6   0x08002ae6   0x00000002   PAD
    0x08002ae8   0x08002ae8   0x0000000c   Code   RO         2685    i.HAL_GetTick       stm32f4xx_hal.o
    0x08002af4   0x08002af4   0x00000188   Code   RO         2941    i.HAL_I2C_Init      stm32f4xx_hal_i2c.o
    0x08002c7c   0x08002c7c   0x0000016c   Code   RO         2942    i.HAL_I2C_IsDeviceReady  stm32f4xx_hal_i2c.o
    0x08002de8   0x08002de8   0x00000204   Code   RO         2959    i.HAL_I2C_Mem_Read  stm32f4xx_hal_i2c.o
    0x08002fec   0x08002fec   0x00000130   Code   RO         2962    i.HAL_I2C_Mem_Write  stm32f4xx_hal_i2c.o
    0x0800311c   0x0800311c   0x000000ac   Code   RO          691    i.HAL_I2C_MspInit   stm32f4xx_hal_msp.o
    0x080031c8   0x080031c8   0x00000010   Code   RO         2691    i.HAL_IncTick       stm32f4xx_hal.o
    0x080031d8   0x080031d8   0x00000034   Code   RO         2692    i.HAL_Init          stm32f4xx_hal.o
    0x0800320c   0x0800320c   0x00000098   Code   RO          768    i.HAL_InitTick      stm32f4xx_hal_timebase_tim.o
    0x080032a4   0x080032a4   0x00000038   Code   RO          692    i.HAL_MspInit       stm32f4xx_hal_msp.o
    0x080032dc   0x080032dc   0x0000001a   Code   RO         2527    i.HAL_NVIC_EnableIRQ  stm32f4xx_hal_cortex.o
    0x080032f6   0x080032f6   0x00000002   PAD
    0x080032f8   0x080032f8   0x00000040   Code   RO         2533    i.HAL_NVIC_SetPriority  stm32f4xx_hal_cortex.o
    0x08003338   0x08003338   0x00000024   Code   RO         2534    i.HAL_NVIC_SetPriorityGrouping  stm32f4xx_hal_cortex.o
    0x0800335c   0x0800335c   0x00000134   Code   RO         1781    i.HAL_RCC_ClockConfig  stm32f4xx_hal_rcc.o
    0x08003490   0x08003490   0x00000040   Code   RO         1785    i.HAL_RCC_GetClockConfig  stm32f4xx_hal_rcc.o
    0x080034d0   0x080034d0   0x00000020   Code   RO         1788    i.HAL_RCC_GetPCLK1Freq  stm32f4xx_hal_rcc.o
    0x080034f0   0x080034f0   0x00000020   Code   RO         1789    i.HAL_RCC_GetPCLK2Freq  stm32f4xx_hal_rcc.o
    0x08003510   0x08003510   0x00000064   Code   RO         1790    i.HAL_RCC_GetSysClockFreq  stm32f4xx_hal_rcc.o
    0x08003574   0x08003574   0x0000036c   Code   RO         1793    i.HAL_RCC_OscConfig  stm32f4xx_hal_rcc.o
    0x080038e0   0x080038e0   0x00000002   Code   RO         1513    i.HAL_TIMEx_BreakCallback  stm32f4xx_hal_tim_ex.o
    0x080038e2   0x080038e2   0x00000002   Code   RO         1514    i.HAL_TIMEx_CommutCallback  stm32f4xx_hal_tim_ex.o
    0x080038e4   0x080038e4   0x00000090   Code   RO         1532    i.HAL_TIMEx_MasterConfigSynchronization  stm32f4xx_hal_tim_ex.o
    0x08003974   0x08003974   0x0000005a   Code   RO          809    i.HAL_TIM_Base_Init  stm32f4xx_hal_tim.o
    0x080039ce   0x080039ce   0x00000002   Code   RO          811    i.HAL_TIM_Base_MspInit  stm32f4xx_hal_tim.o
    0x080039d0   0x080039d0   0x00000080   Code   RO          814    i.HAL_TIM_Base_Start_IT  stm32f4xx_hal_tim.o
    0x08003a50   0x08003a50   0x000000a4   Code   RO          830    i.HAL_TIM_Encoder_Init  stm32f4xx_hal_tim.o
    0x08003af4   0x08003af4   0x00000150   Code   RO          694    i.HAL_TIM_Encoder_MspInit  stm32f4xx_hal_msp.o
    0x08003c44   0x08003c44   0x0000008e   Code   RO          833    i.HAL_TIM_Encoder_Start  stm32f4xx_hal_tim.o
    0x08003cd2   0x08003cd2   0x00000002   Code   RO          843    i.HAL_TIM_IC_CaptureCallback  stm32f4xx_hal_tim.o
    0x08003cd4   0x08003cd4   0x00000130   Code   RO          857    i.HAL_TIM_IRQHandler  stm32f4xx_hal_tim.o
    0x08003e04   0x08003e04   0x000000b4   Code   RO          695    i.HAL_TIM_MspPostInit  stm32f4xx_hal_msp.o
    0x08003eb8   0x08003eb8   0x00000002   Code   RO          860    i.HAL_TIM_OC_DelayElapsedCallback  stm32f4xx_hal_tim.o
    0x08003eba   0x08003eba   0x000000cc   Code   RO          881    i.HAL_TIM_PWM_ConfigChannel  stm32f4xx_hal_tim.o
    0x08003f86   0x08003f86   0x0000005a   Code   RO          884    i.HAL_TIM_PWM_Init  stm32f4xx_hal_tim.o
    0x08003fe0   0x08003fe0   0x00000060   Code   RO          697    i.HAL_TIM_PWM_MspInit  stm32f4xx_hal_msp.o
    0x08004040   0x08004040   0x00000002   Code   RO          887    i.HAL_TIM_PWM_PulseFinishedCallback  stm32f4xx_hal_tim.o
    0x08004042   0x08004042   0x00000002   PAD
    0x08004044   0x08004044   0x000000c8   Code   RO          889    i.HAL_TIM_PWM_Start  stm32f4xx_hal_tim.o
    0x0800410c   0x0800410c   0x0000007c   Code   RO          892    i.HAL_TIM_PWM_Stop  stm32f4xx_hal_tim.o
    0x08004188   0x08004188   0x00000014   Code   RO          414    i.HAL_TIM_PeriodElapsedCallback  main.o
    0x0800419c   0x0800419c   0x00000002   Code   RO          900    i.HAL_TIM_TriggerCallback  stm32f4xx_hal_tim.o
    0x0800419e   0x0800419e   0x00000002   Code   RO         3397    i.HAL_UARTEx_RxEventCallback  stm32f4xx_hal_uart.o
    0x080041a0   0x080041a0   0x00000002   Code   RO         3411    i.HAL_UART_ErrorCallback  stm32f4xx_hal_uart.o
    0x080041a2   0x080041a2   0x00000002   PAD
    0x080041a4   0x080041a4   0x00000280   Code   RO         3414    i.HAL_UART_IRQHandler  stm32f4xx_hal_uart.o
    0x08004424   0x08004424   0x00000064   Code   RO         3415    i.HAL_UART_Init     stm32f4xx_hal_uart.o
    0x08004488   0x08004488   0x0000012c   Code   RO          699    i.HAL_UART_MspInit  stm32f4xx_hal_msp.o
    0x080045b4   0x080045b4   0x0000001c   Code   RO         3420    i.HAL_UART_Receive_IT  stm32f4xx_hal_uart.o
    0x080045d0   0x080045d0   0x00000044   Code   RO          254    i.HAL_UART_RxCpltCallback  jetson_uart.o
    0x08004614   0x08004614   0x000000a0   Code   RO         3423    i.HAL_UART_Transmit  stm32f4xx_hal_uart.o
    0x080046b4   0x080046b4   0x00000002   Code   RO         3426    i.HAL_UART_TxCpltCallback  stm32f4xx_hal_uart.o
    0x080046b6   0x080046b6   0x00000002   Code   RO          622    i.HardFault_Handler  stm32f4xx_it.o
    0x080046b8   0x080046b8   0x0000002e   Code   RO         2984    i.I2C_IsAcknowledgeFailed  stm32f4xx_hal_i2c.o
    0x080046e6   0x080046e6   0x00000002   PAD
    0x080046e8   0x080046e8   0x000000fc   Code   RO         2994    i.I2C_RequestMemoryRead  stm32f4xx_hal_i2c.o
    0x080047e4   0x080047e4   0x000000a8   Code   RO         2995    i.I2C_RequestMemoryWrite  stm32f4xx_hal_i2c.o
    0x0800488c   0x0800488c   0x00000056   Code   RO         2999    i.I2C_WaitOnBTFFlagUntilTimeout  stm32f4xx_hal_i2c.o
    0x080048e2   0x080048e2   0x00000002   PAD
    0x080048e4   0x080048e4   0x00000090   Code   RO         3000    i.I2C_WaitOnFlagUntilTimeout  stm32f4xx_hal_i2c.o
    0x08004974   0x08004974   0x000000bc   Code   RO         3001    i.I2C_WaitOnMasterAddressFlagUntilTimeout  stm32f4xx_hal_i2c.o
    0x08004a30   0x08004a30   0x00000070   Code   RO         3002    i.I2C_WaitOnRXNEFlagUntilTimeout  stm32f4xx_hal_i2c.o
    0x08004aa0   0x08004aa0   0x00000056   Code   RO         3003    i.I2C_WaitOnTXEFlagUntilTimeout  stm32f4xx_hal_i2c.o
    0x08004af6   0x08004af6   0x00000002   PAD
    0x08004af8   0x08004af8   0x00000144   Code   RO          415    i.Imu_Task          main.o
    0x08004c3c   0x08004c3c   0x0000002c   Code   RO          255    i.JetsonUart_Init   jetson_uart.o
    0x08004c68   0x08004c68   0x00000014   Code   RO          256    i.JetsonUart_StartReceiveIT  jetson_uart.o
    0x08004c7c   0x08004c7c   0x00000002   Code   RO          257    i.Jetson_CheckReceiveTimeout  jetson_uart.o
    0x08004c7e   0x08004c7e   0x00000002   Code   RO          258    i.Jetson_ClearStaleData  jetson_uart.o
    0x08004c80   0x08004c80   0x000000ac   Code   RO          259    i.Jetson_HandleCommands  jetson_uart.o
    0x08004d2c   0x08004d2c   0x000000fc   Code   RO          416    i.Jetson_Task       main.o
    0x08004e28   0x08004e28   0x000000a0   Code   RO          417    i.MX_GPIO_Init      main.o
    0x08004ec8   0x08004ec8   0x0000003c   Code   RO          418    i.MX_I2C1_Init      main.o
    0x08004f04   0x08004f04   0x0000003c   Code   RO          419    i.MX_I2C2_Init      main.o
    0x08004f40   0x08004f40   0x00000064   Code   RO          420    i.MX_TIM12_Init     main.o
    0x08004fa4   0x08004fa4   0x00000068   Code   RO          421    i.MX_TIM1_Init      main.o
    0x0800500c   0x0800500c   0x00000064   Code   RO          422    i.MX_TIM2_Init      main.o
    0x08005070   0x08005070   0x00000068   Code   RO          423    i.MX_TIM3_Init      main.o
    0x080050d8   0x080050d8   0x0000008c   Code   RO          424    i.MX_TIM5_Init      main.o
    0x08005164   0x08005164   0x00000068   Code   RO          425    i.MX_TIM8_Init      main.o
    0x080051cc   0x080051cc   0x00000064   Code   RO          426    i.MX_TIM9_Init      main.o
    0x08005230   0x08005230   0x00000034   Code   RO          427    i.MX_UART4_Init     main.o
    0x08005264   0x08005264   0x00000044   Code   RO          428    i.MX_UART5_Init     main.o
    0x080052a8   0x080052a8   0x00000002   Code   RO          623    i.MemManage_Handler  stm32f4xx_it.o
    0x080052aa   0x080052aa   0x00000002   PAD
    0x080052ac   0x080052ac   0x00000110   Code   RO          429    i.MotorCtrl_TasK    main.o
    0x080053bc   0x080053bc   0x0000010c   Code   RO          430    i.MotorSpeedTask    main.o
    0x080054c8   0x080054c8   0x00000002   Code   RO          624    i.NMI_Handler       stm32f4xx_it.o
    0x080054ca   0x080054ca   0x0000005a   Code   RO          178    i.PCA9685_Init      pca9685.o
    0x08005524   0x08005524   0x0000004c   Code   RO          182    i.PCA9685_SetAngleFloat  pca9685.o
    0x08005570   0x08005570   0x00000110   Code   RO          184    i.PCA9685_SetFreq   pca9685.o
    0x08005680   0x08005680   0x00000034   Code   RO          185    i.PCA9685_SetPWM    pca9685.o
    0x080056b4   0x080056b4   0x000000a4   Code   RO          431    i.PCA9685_Task      main.o
    0x08005758   0x08005758   0x000000b8   Code   RO          260    i.ParseBatchServoControlMessage  jetson_uart.o
    0x08005810   0x08005810   0x00000084   Code   RO          261    i.ParseMotorControlMessage  jetson_uart.o
    0x08005894   0x08005894   0x000000b4   Code   RO          262    i.ParseServoControlMessage  jetson_uart.o
    0x08005948   0x08005948   0x00000244   Code   RO          263    i.SendCurrentPose   jetson_uart.o
    0x08005b8c   0x08005b8c   0x0000009c   Code   RO          264    i.Servo_UpdateAll   jetson_uart.o
    0x08005c28   0x08005c28   0x00000114   Code   RO          432    i.SetMotorPWM       main.o
    0x08005d3c   0x08005d3c   0x00000088   Code   RO          433    i.StopMotorPWM      main.o
    0x08005dc4   0x08005dc4   0x0000001a   Code   RO         4893    i.SysTick_Handler   cmsis_os2.o
    0x08005dde   0x08005dde   0x00000002   PAD
    0x08005de0   0x08005de0   0x00000090   Code   RO          434    i.SystemClock_Config  main.o
    0x08005e70   0x08005e70   0x00000010   Code   RO         3749    i.SystemInit        system_stm32f4xx.o
    0x08005e80   0x08005e80   0x0000000c   Code   RO          625    i.TIM4_IRQHandler   stm32f4xx_it.o
    0x08005e8c   0x08005e8c   0x000000d0   Code   RO          902    i.TIM_Base_SetConfig  stm32f4xx_hal_tim.o
    0x08005f5c   0x08005f5c   0x0000001a   Code   RO          903    i.TIM_CCxChannelCmd  stm32f4xx_hal_tim.o
    0x08005f76   0x08005f76   0x00000002   PAD
    0x08005f78   0x08005f78   0x00000060   Code   RO          915    i.TIM_OC1_SetConfig  stm32f4xx_hal_tim.o
    0x08005fd8   0x08005fd8   0x0000006c   Code   RO          916    i.TIM_OC2_SetConfig  stm32f4xx_hal_tim.o
    0x08006044   0x08006044   0x00000068   Code   RO          917    i.TIM_OC3_SetConfig  stm32f4xx_hal_tim.o
    0x080060ac   0x080060ac   0x00000050   Code   RO          918    i.TIM_OC4_SetConfig  stm32f4xx_hal_tim.o
    0x080060fc   0x080060fc   0x0000000c   Code   RO          626    i.UART5_IRQHandler  stm32f4xx_it.o
    0x08006108   0x08006108   0x0000000e   Code   RO         3428    i.UART_DMAAbortOnError  stm32f4xx_hal_uart.o
    0x08006116   0x08006116   0x0000004e   Code   RO         3438    i.UART_EndRxTransfer  stm32f4xx_hal_uart.o
    0x08006164   0x08006164   0x000000c2   Code   RO         3440    i.UART_Receive_IT   stm32f4xx_hal_uart.o
    0x08006226   0x08006226   0x00000002   PAD
    0x08006228   0x08006228   0x0000010c   Code   RO         3441    i.UART_SetConfig    stm32f4xx_hal_uart.o
    0x08006334   0x08006334   0x00000036   Code   RO         3443    i.UART_Start_Receive_IT  stm32f4xx_hal_uart.o
    0x0800636a   0x0800636a   0x0000000c   Code   RO          435    i.UART_Task         main.o
    0x08006376   0x08006376   0x00000002   PAD
    0x08006378   0x08006378   0x00000084   Code   RO          436    i.UART_Task1        main.o
    0x080063fc   0x080063fc   0x00000072   Code   RO         3444    i.UART_WaitOnFlagUntilTimeout  stm32f4xx_hal_uart.o
    0x0800646e   0x0800646e   0x00000002   PAD
    0x08006470   0x08006470   0x0000000c   Code   RO          265    i.UpdateIMUData     jetson_uart.o
    0x0800647c   0x0800647c   0x0000001c   Code   RO          266    i.UpdateSingleMotorData  jetson_uart.o
    0x08006498   0x08006498   0x00000002   Code   RO          627    i.UsageFault_Handler  stm32f4xx_it.o
    0x0800649a   0x0800649a   0x00000030   Code   RO         5740    i.__ARM_fpclassify  m_wm.l(fpclassify.o)
    0x080064ca   0x080064ca   0x00000020   Code   RO         2540    i.__NVIC_SetPriority  stm32f4xx_hal_cortex.o
    0x080064ea   0x080064ea   0x00000006   PAD
    0x080064f0   0x080064f0   0x000000f8   Code   RO         5832    i.__hardfp___mathlib_tofloat  m_wm.l(narrow.o)
    0x080065e8   0x080065e8   0x00000038   Code   RO         5621    i.__hardfp_atof     m_wm.l(atof.o)
    0x08006620   0x08006620   0x000000d0   Code   RO         5895    i.__hardfp_ldexp    m_wm.l(ldexp.o)
    0x080066f0   0x080066f0   0x00000020   Code   RO         5951    i.__mathlib_dbl_overflow  m_wm.l(dunder.o)
    0x08006710   0x08006710   0x00000020   Code   RO         5953    i.__mathlib_dbl_underflow  m_wm.l(dunder.o)
    0x08006730   0x08006730   0x00000012   Code   RO         5833    i.__mathlib_narrow  m_wm.l(narrow.o)
    0x08006742   0x08006742   0x00000014   Code   RO         5897    i.__support_ldexp   m_wm.l(ldexp.o)
    0x08006756   0x08006756   0x0000000e   Code   RO         5560    i._is_digit         c_w.l(__printf_wp.o)
    0x08006764   0x08006764   0x00000004   PAD
    0x08006768   0x08006768   0x0000008c   Code   RO         5867    i.frexp             m_wm.l(frexp.o)
    0x080067f4   0x080067f4   0x000001fc   Code   RO          437    i.main              main.o
    0x080069f0   0x080069f0   0x0000001a   Code   RO         4895    i.osDelay           cmsis_os2.o
    0x08006a0a   0x08006a0a   0x00000002   PAD
    0x08006a0c   0x08006a0c   0x00000024   Code   RO         4909    i.osKernelInitialize  cmsis_os2.o
    0x08006a30   0x08006a30   0x00000038   Code   RO         4912    i.osKernelStart     cmsis_os2.o
    0x08006a68   0x08006a68   0x00000064   Code   RO         4924    i.osMessageQueueGet  cmsis_os2.o
    0x08006acc   0x08006acc   0x00000058   Code   RO         4929    i.osMessageQueueNew  cmsis_os2.o
    0x08006b24   0x08006b24   0x00000068   Code   RO         4930    i.osMessageQueuePut  cmsis_os2.o
    0x08006b8c   0x08006b8c   0x00000052   Code   RO         4932    i.osMutexAcquire    cmsis_os2.o
    0x08006bde   0x08006bde   0x00000068   Code   RO         4935    i.osMutexNew        cmsis_os2.o
    0x08006c46   0x08006c46   0x00000042   Code   RO         4936    i.osMutexRelease    cmsis_os2.o
    0x08006c88   0x08006c88   0x0000008a   Code   RO         4954    i.osThreadNew       cmsis_os2.o
    0x08006d12   0x08006d12   0x00000002   PAD
    0x08006d14   0x08006d14   0x0000005c   Code   RO         4357    i.prvAddCurrentTaskToDelayedList  tasks.o
    0x08006d70   0x08006d70   0x000000d0   Code   RO         4358    i.prvAddNewTaskToReadyList  tasks.o
    0x08006e40   0x08006e40   0x00000058   Code   RO         4722    i.prvCheckForValidListAndQueue  timers.o
    0x08006e98   0x08006e98   0x00000026   Code   RO         3954    i.prvCopyDataFromQueue  queue.o
    0x08006ebe   0x08006ebe   0x0000006c   Code   RO         3955    i.prvCopyDataToQueue  queue.o
    0x08006f2a   0x08006f2a   0x00000034   Code   RO         4359    i.prvDeleteTCB      tasks.o
    0x08006f5e   0x08006f5e   0x00000002   PAD
    0x08006f60   0x08006f60   0x0000004c   Code   RO         5406    i.prvHeapInit       heap_4.o
    0x08006fac   0x08006fac   0x00000060   Code   RO         4360    i.prvIdleTask       tasks.o
    0x0800700c   0x0800700c   0x00000016   Code   RO         3956    i.prvInitialiseMutex  queue.o
    0x08007022   0x08007022   0x00000002   PAD
    0x08007024   0x08007024   0x00000022   Code   RO         3957    i.prvInitialiseNewQueue  queue.o
    0x08007046   0x08007046   0x00000002   PAD
    0x08007048   0x08007048   0x000000b0   Code   RO         4361    i.prvInitialiseNewTask  tasks.o
    0x080070f8   0x080070f8   0x0000004c   Code   RO         5407    i.prvInsertBlockIntoFreeList  heap_4.o
    0x08007144   0x08007144   0x00000038   Code   RO         4724    i.prvInsertTimerInActiveList  timers.o
    0x0800717c   0x0800717c   0x0000001c   Code   RO         3958    i.prvIsQueueEmpty   queue.o
    0x08007198   0x08007198   0x000000fc   Code   RO         4725    i.prvProcessReceivedCommands  timers.o
    0x08007294   0x08007294   0x000000c0   Code   RO         4726    i.prvProcessTimerOrBlockTask  timers.o
    0x08007354   0x08007354   0x00000020   Code   RO         4363    i.prvResetNextTaskUnblockTime  tasks.o
    0x08007374   0x08007374   0x00000028   Code   RO         4727    i.prvSampleTimeNow  timers.o
    0x0800739c   0x0800739c   0x0000006c   Code   RO         4728    i.prvSwitchTimerLists  timers.o
    0x08007408   0x08007408   0x00000028   Code   RO         5462    i.prvTaskExitError  port.o
    0x08007430   0x08007430   0x00000024   Code   RO         4729    i.prvTimerTask      timers.o
    0x08007454   0x08007454   0x0000006a   Code   RO         3959    i.prvUnlockQueue    queue.o
    0x080074be   0x080074be   0x00000002   PAD
    0x080074c0   0x080074c0   0x000000dc   Code   RO         5408    i.pvPortMalloc      heap_4.o
    0x0800759c   0x0800759c   0x00000018   Code   RO         4366    i.pvTaskIncrementMutexHeldCount  tasks.o
    0x080075b4   0x080075b4   0x0000002c   Code   RO         5463    i.pxPortInitialiseStack  port.o
    0x080075e0   0x080075e0   0x00000026   Code   RO         3914    i.uxListRemove      list.o
    0x08007606   0x08007606   0x00000002   PAD
    0x08007608   0x08007608   0x00000014   Code   RO         4966    i.vApplicationGetIdleTaskMemory  cmsis_os2.o
    0x0800761c   0x0800761c   0x00000018   Code   RO         4967    i.vApplicationGetTimerTaskMemory  cmsis_os2.o
    0x08007634   0x08007634   0x00000016   Code   RO         3915    i.vListInitialise   list.o
    0x0800764a   0x0800764a   0x00000006   Code   RO         3916    i.vListInitialiseItem  list.o
    0x08007650   0x08007650   0x00000030   Code   RO         3917    i.vListInsert       list.o
    0x08007680   0x08007680   0x00000018   Code   RO         3918    i.vListInsertEnd    list.o
    0x08007698   0x08007698   0x00000040   Code   RO         5465    i.vPortEnterCritical  port.o
    0x080076d8   0x080076d8   0x00000028   Code   RO         5466    i.vPortExitCritical  port.o
    0x08007700   0x08007700   0x00000064   Code   RO         5409    i.vPortFree         heap_4.o
    0x08007764   0x08007764   0x00000024   Code   RO         5467    i.vPortSetupTimerInterrupt  port.o
    0x08007788   0x08007788   0x00000054   Code   RO         5468    i.vPortValidateInterruptPriority  port.o
    0x080077dc   0x080077dc   0x00000028   Code   RO         3965    i.vQueueAddToRegistry  queue.o
    0x08007804   0x08007804   0x00000044   Code   RO         3969    i.vQueueWaitForMessageRestricted  queue.o
    0x08007848   0x08007848   0x0000004c   Code   RO         4376    i.vTaskDelay        tasks.o
    0x08007894   0x08007894   0x0000008c   Code   RO         4377    i.vTaskDelayUntil   tasks.o
    0x08007920   0x08007920   0x00000010   Code   RO         4381    i.vTaskInternalSetTimeOutState  tasks.o
    0x08007930   0x08007930   0x0000000c   Code   RO         4382    i.vTaskMissedYield  tasks.o
    0x0800793c   0x0800793c   0x00000030   Code   RO         4384    i.vTaskPlaceOnEventList  tasks.o
    0x0800796c   0x0800796c   0x00000038   Code   RO         4385    i.vTaskPlaceOnEventListRestricted  tasks.o
    0x080079a4   0x080079a4   0x00000090   Code   RO         4387    i.vTaskPriorityDisinheritAfterTimeout  tasks.o
    0x08007a34   0x08007a34   0x00000088   Code   RO         4393    i.vTaskStartScheduler  tasks.o
    0x08007abc   0x08007abc   0x00000010   Code   RO         4395    i.vTaskSuspendAll   tasks.o
    0x08007acc   0x08007acc   0x00000064   Code   RO         4396    i.vTaskSwitchContext  tasks.o
    0x08007b30   0x08007b30   0x000000f4   Code   RO         5469    i.xPortStartScheduler  port.o
    0x08007c24   0x08007c24   0x0000002c   Code   RO         5470    i.xPortSysTickHandler  port.o
    0x08007c50   0x08007c50   0x00000016   Code   RO         3972    i.xQueueCreateMutex  queue.o
    0x08007c66   0x08007c66   0x0000001a   Code   RO         3973    i.xQueueCreateMutexStatic  queue.o
    0x08007c80   0x08007c80   0x00000042   Code   RO         3974    i.xQueueGenericCreate  queue.o
    0x08007cc2   0x08007cc2   0x00000066   Code   RO         3975    i.xQueueGenericCreateStatic  queue.o
    0x08007d28   0x08007d28   0x00000088   Code   RO         3976    i.xQueueGenericReset  queue.o
    0x08007db0   0x08007db0   0x00000160   Code   RO         3977    i.xQueueGenericSend  queue.o
    0x08007f10   0x08007f10   0x000000be   Code   RO         3978    i.xQueueGenericSendFromISR  queue.o
    0x08007fce   0x08007fce   0x0000003e   Code   RO         3982    i.xQueueGiveMutexRecursive  queue.o
    0x0800800c   0x0800800c   0x00000138   Code   RO         3987    i.xQueueReceive     queue.o
    0x08008144   0x08008144   0x0000009a   Code   RO         3988    i.xQueueReceiveFromISR  queue.o
    0x080081de   0x080081de   0x00000002   PAD
    0x080081e0   0x080081e0   0x00000178   Code   RO         3989    i.xQueueSemaphoreTake  queue.o
    0x08008358   0x08008358   0x00000040   Code   RO         3990    i.xQueueTakeMutexRecursive  queue.o
    0x08008398   0x08008398   0x00000074   Code   RO         4398    i.xTaskCheckForTimeOut  tasks.o
    0x0800840c   0x0800840c   0x0000005a   Code   RO         4399    i.xTaskCreate       tasks.o
    0x08008466   0x08008466   0x00000056   Code   RO         4400    i.xTaskCreateStatic  tasks.o
    0x080084bc   0x080084bc   0x0000000c   Code   RO         4403    i.xTaskGetCurrentTaskHandle  tasks.o
    0x080084c8   0x080084c8   0x0000001c   Code   RO         4404    i.xTaskGetSchedulerState  tasks.o
    0x080084e4   0x080084e4   0x0000000c   Code   RO         4405    i.xTaskGetTickCount  tasks.o
    0x080084f0   0x080084f0   0x000000c8   Code   RO         4407    i.xTaskIncrementTick  tasks.o
    0x080085b8   0x080085b8   0x00000080   Code   RO         4410    i.xTaskPriorityDisinherit  tasks.o
    0x08008638   0x08008638   0x00000078   Code   RO         4411    i.xTaskPriorityInherit  tasks.o
    0x080086b0   0x080086b0   0x00000070   Code   RO         4412    i.xTaskRemoveFromEventList  tasks.o
    0x08008720   0x08008720   0x000000c4   Code   RO         4413    i.xTaskResumeAll    tasks.o
    0x080087e4   0x080087e4   0x00000060   Code   RO         4738    i.xTimerCreateTimerTask  timers.o
    0x08008844   0x08008844   0x00000068   Code   RO         4739    i.xTimerGenericCommand  timers.o
    0x080088ac   0x080088ac   0x0000002c   Code   RO         5730    locale$$code        c_w.l(lc_numeric_c.o)
    0x080088d8   0x080088d8   0x0000002c   Code   RO         5749    locale$$code        c_w.l(lc_ctype_c.o)
    0x08008904   0x08008904   0x00000062   Code   RO         5599    x$fpl$d2f           fz_wm.l(d2f.o)
    0x08008966   0x08008966   0x00000002   PAD
    0x08008968   0x08008968   0x00000150   Code   RO         5601    x$fpl$dadd          fz_wm.l(daddsub_clz.o)
    0x08008ab8   0x08008ab8   0x00000010   Code   RO         5962    x$fpl$dcheck1       fz_wm.l(dcheck1.o)
    0x08008ac8   0x08008ac8   0x00000018   Code   RO         5891    x$fpl$dcmpinf       fz_wm.l(dcmpi.o)
    0x08008ae0   0x08008ae0   0x000002b0   Code   RO         5608    x$fpl$ddiv          fz_wm.l(ddiv.o)
    0x08008d90   0x08008d90   0x00000078   Code   RO         5861    x$fpl$deqf          fz_wm.l(deqf.o)
    0x08008e08   0x08008e08   0x0000005a   Code   RO         5611    x$fpl$dfixu         fz_wm.l(dfixu.o)
    0x08008e62   0x08008e62   0x00000002   PAD
    0x08008e64   0x08008e64   0x00000078   Code   RO         5893    x$fpl$dleqf         fz_wm.l(dleqf.o)
    0x08008edc   0x08008edc   0x00000154   Code   RO         5615    x$fpl$dmul          fz_wm.l(dmul.o)
    0x08009030   0x08009030   0x0000009c   Code   RO         5656    x$fpl$dnaninf       fz_wm.l(dnaninf.o)
    0x080090cc   0x080090cc   0x0000000c   Code   RO         5658    x$fpl$dretinf       fz_wm.l(dretinf.o)
    0x080090d8   0x080090d8   0x0000006c   Code   RO         5863    x$fpl$drleqf        fz_wm.l(drleqf.o)
    0x08009144   0x08009144   0x000001d4   Code   RO         5603    x$fpl$dsub          fz_wm.l(daddsub_clz.o)
    0x08009318   0x08009318   0x00000056   Code   RO         5617    x$fpl$f2d           fz_wm.l(f2d.o)
    0x0800936e   0x0800936e   0x0000008c   Code   RO         5660    x$fpl$fnaninf       fz_wm.l(fnaninf.o)
    0x080093fa   0x080093fa   0x0000000a   Code   RO         5824    x$fpl$fpinit        fz_wm.l(fpinit.o)
    0x08009404   0x08009404   0x0000000a   Code   RO         5662    x$fpl$fretinf       fz_wm.l(fretinf.o)
    0x0800940e   0x0800940e   0x00000006   Code   RO         5736    x$fpl$ieeestatus    fz_wm.l(istatus.o)
    0x08009414   0x08009414   0x00000004   Code   RO         5619    x$fpl$printf1       fz_wm.l(printf1.o)
    0x08009418   0x08009418   0x00000064   Code   RO         5964    x$fpl$retnan        fz_wm.l(retnan.o)
    0x0800947c   0x0800947c   0x0000005c   Code   RO         5945    x$fpl$scalbn        fz_wm.l(scalbn.o)
    0x080094d8   0x080094d8   0x00000004   Code   RO         5738    x$fpl$scanf1        fz_wm.l(scanf1.o)
    0x080094dc   0x080094dc   0x00000008   Code   RO         5826    x$fpl$scanf2        fz_wm.l(scanf2.o)
    0x080094e4   0x080094e4   0x00000030   Code   RO         5966    x$fpl$trapveneer    fz_wm.l(trapv.o)
    0x08009514   0x08009514   0x00000000   Code   RO         5664    x$fpl$usenofp       fz_wm.l(usenofp.o)
    0x08009514   0x08009514   0x00000010   Data   RO          268    .constdata          jetson_uart.o
    0x08009524   0x08009524   0x00000248   Data   RO          439    .constdata          main.o
    0x0800976c   0x0800976c   0x00000010   Data   RO         3750    .constdata          system_stm32f4xx.o
    0x0800977c   0x0800977c   0x00000008   Data   RO         3751    .constdata          system_stm32f4xx.o
    0x08009784   0x08009784   0x00000094   Data   RO         5705    .constdata          c_w.l(bigflt0.o)
    0x08009818   0x08009818   0x000000ae   Data   RO          269    .conststring        jetson_uart.o
    0x080098c6   0x080098c6   0x00000002   PAD
    0x080098c8   0x080098c8   0x00000129   Data   RO          440    .conststring        main.o
    0x080099f1   0x080099f1   0x00000003   PAD
    0x080099f4   0x080099f4   0x00000020   Data   RO         5968    Region$$Table       anon$$obj.o
    0x08009a14   0x08009a14   0x00000008   Data   RO         5820    c$$dinf             fz_wm.l(fpconst.o)
    0x08009a1c   0x08009a1c   0x00000008   Data   RO         5823    c$$dmax             fz_wm.l(fpconst.o)
    0x08009a24   0x08009a24   0x0000001c   Data   RO         5729    locale$$data        c_w.l(lc_numeric_c.o)
    0x08009a40   0x08009a40   0x00000110   Data   RO         5748    locale$$data        c_w.l(lc_ctype_c.o)


    Execution Region RW_IRAM1 (Exec base: 0x20000000, Load base: 0x08009b50, Size: 0x0000a398, Max: 0x0001c000, ABSOLUTE, COMPRESSED[0x00000020])

    Exec Addr    Load Addr    Size         Type   Attr      Idx    E Section Name        Object

    0x20000000   COMPRESSED   0x00000001   Data   RW           19    .data               bsp_mpu6050.o
    0x20000001   COMPRESSED   0x00000003   PAD
    0x20000004   COMPRESSED   0x00000014   Data   RW          270    .data               jetson_uart.o
    0x20000018   COMPRESSED   0x00000098   Data   RW          441    .data               main.o
    0x200000b0   COMPRESSED   0x0000000c   Data   RW         2699    .data               stm32f4xx_hal.o
    0x200000bc   COMPRESSED   0x00000004   Data   RW         3752    .data               system_stm32f4xx.o
    0x200000c0   COMPRESSED   0x0000003c   Data   RW         4416    .data               tasks.o
    0x200000fc   COMPRESSED   0x00000014   Data   RW         4747    .data               timers.o
    0x20000110   COMPRESSED   0x00000004   Data   RW         4969    .data               cmsis_os2.o
    0x20000114   COMPRESSED   0x00000020   Data   RW         5415    .data               heap_4.o
    0x20000134   COMPRESSED   0x0000000c   Data   RW         5471    .data               port.o
    0x20000140   COMPRESSED   0x00000004   Data   RW         5577    .data               c_w.l(strtok.o)
    0x20000144        -       0x0000000e   Zero   RW           18    .bss                bsp_mpu6050.o
    0x20000152   COMPRESSED   0x00000002   PAD
    0x20000154        -       0x00000aec   Zero   RW          267    .bss                jetson_uart.o
    0x20000c40        -       0x000003dc   Zero   RW          438    .bss                main.o
    0x2000101c        -       0x00000048   Zero   RW          771    .bss                stm32f4xx_hal_timebase_tim.o
    0x20001064        -       0x00000040   Zero   RW         3991    .bss                queue.o
    0x200010a4        -       0x000004c4   Zero   RW         4415    .bss                tasks.o
    0x20001568        -       0x00000118   Zero   RW         4746    .bss                timers.o
    0x20001680        -       0x000006b8   Zero   RW         4968    .bss                cmsis_os2.o
    0x20001d38        -       0x00008000   Zero   RW         5414    .bss                heap_4.o
    0x20009d38        -       0x00000060   Zero   RW         5666    .bss                c_w.l(libspace.o)
    0x20009d98        -       0x00000200   Zero   RW            2    HEAP                startup_stm32f407xx.o
    0x20009f98        -       0x00000400   Zero   RW            1    STACK               startup_stm32f407xx.o


    Execution Region RW_IRAM2 (Exec base: 0x2001c000, Load base: 0x08009b70, Size: 0x00000000, Max: 0x00004000, ABSOLUTE)

    **** No section assigned to this execution region ****


==============================================================================

Image component sizes


      Code (inc. data)   RO Data    RW Data    ZI Data      Debug   Object Name

       380         26          0          1         14     702692   bsp_mpu6050.o
       870         30          0          4       1720      71398   cmsis_os2.o
         0          0          0          0          0      19484   event_groups.o
       472         24          0         32      32768       4911   heap_4.o
      1640        170        190         20       2796      28835   jetson_uart.o
       138          0          0          0          0       3590   list.o
      3748        670        881        152        988      24415   main.o
       490         54          0          0          0       3166   pca9685.o
       786         82          0         12          0      11605   port.o
      2306         24          0          0         64      25639   queue.o
        64         26        392          0       1536        852   startup_stm32f407xx.o
       116         18          0         12          0       8774   stm32f4xx_hal.o
       158         14          0          0          0      33074   stm32f4xx_hal_cortex.o
       182          0          0          0          0       2123   stm32f4xx_hal_dma.o
       506         46          0          0          0       2216   stm32f4xx_hal_gpio.o
      2658         62          0          0          0      14766   stm32f4xx_hal_i2c.o
      1140        130          0          0          0       5469   stm32f4xx_hal_msp.o
      1412         86          0          0          0       5973   stm32f4xx_hal_rcc.o
      2078        146          0          0          0      16589   stm32f4xx_hal_tim.o
       148         28          0          0          0       2517   stm32f4xx_hal_tim_ex.o
       152         20          0          0         72       1503   stm32f4xx_hal_timebase_tim.o
      1656         14          0          0          0      11556   stm32f4xx_hal_uart.o
        36         12          0          0          0       3782   stm32f4xx_it.o
         0          0          0          0          0        384   stream_buffer.o
        16          4         24          4          0       1151   system_stm32f4xx.o
      2524        206          0         60       1220      31439   tasks.o
       972         80          0         20        280      29755   timers.o

    ----------------------------------------------------------------------
     24700       1972       1524        320      41460    1067658   Object Totals
         0          0         32          0          0          0   (incl. Generated)
        52          0          5          3          2          0   (incl. Padding)

    ----------------------------------------------------------------------

      Code (inc. data)   RO Data    RW Data    ZI Data      Debug   Library Member Name

        44          6          0          0          0         84   __2sprintf.o
        58          0          0          0          0          0   __dczerorl.o
         8          0          0          0          0         68   __main.o
       352          0          0          0          0         88   __printf_ss_wp.o
        14          0          0          0          0         68   __printf_wp.o
         0          0          0          0          0          0   __rtentry.o
        12          0          0          0          0          0   __rtentry2.o
         6          0          0          0          0          0   __rtentry4.o
        52          8          0          0          0          0   __scatter.o
        28          0          0          0          0          0   __scatter_zi.o
        28          0          0          0          0         68   _chval.o
        48          6          0          0          0         96   _printf_char_common.o
         6          0          0          0          0          0   _printf_d.o
       120         16          0          0          0         92   _printf_dec.o
         6          0          0          0          0          0   _printf_f.o
      1054          0          0          0          0        216   _printf_fp_dec.o
       128         16          0          0          0         84   _printf_fp_infnan.o
       178          0          0          0          0         88   _printf_intcommon.o
         0          0          0          0          0          0   _printf_percent.o
         4          0          0          0          0          0   _printf_percent_end.o
         6          0          0          0          0          0   _printf_u.o
        22          0          0          0          0        100   _rserrno.o
        64          0          0          0          0         84   _sgetc.o
        10          0          0          0          0         68   _sputc.o
       158          0          0          0          0         92   _strtoul.o
        16          0          0          0          0         68   aeabi_memset.o
        26          0          0          0          0         80   atoi.o
       228          4        148          0          0         96   bigflt0.o
      2152        136          0          0          0        960   btod.o
        18          0          0          0          0         80   exit.o
         6          0          0          0          0        152   heapauxi.o
         0          0          0          0          0          0   indicate_semi.o
        18          0          0          0          0         76   isspace.o
        44         10        272          0          0         76   lc_ctype_c.o
        44         10         28          0          0         76   lc_numeric_c.o
         2          0          0          0          0          0   libinit.o
        34          0          0          0          0          0   libinit2.o
         2          0          0          0          0          0   libshutdown.o
         2          0          0          0          0          0   libshutdown2.o
         8          4          0          0         96         68   libspace.o
        38          0          0          0          0         68   llshl.o
       138          0          0          0          0         80   lludiv10.o
       238          0          0          0          0        100   lludivv7m.o
        88          0          0          0          0         76   memcmp.o
        16          4          0          0          0         76   rt_ctype_table.o
         8          4          0          0          0         68   rt_errno_addr_intlibspace.o
         8          4          0          0          0         68   rt_locale_intlibspace.o
        68          0          0          0          0         68   rt_memclr.o
        78          0          0          0          0         80   rt_memclr_w.o
       138          0          0          0          0         68   rt_memcpy_v6.o
       100          0          0          0          0         80   rt_memcpy_w.o
         2          0          0          0          0          0   rtexit.o
        10          0          0          0          0          0   rtexit2.o
      1272         16          0          0          0        168   scanf_fp.o
       800         14          0          0          0        100   scanf_hexfp.o
       308         16          0          0          0        100   scanf_infnan.o
       128          0          0          0          0         68   strcmpv7m.o
        32          0          0          0          0         80   strcspn.o
        62          0          0          0          0         76   strlen.o
       150          0          0          0          0         80   strncmp.o
        28          0          0          0          0         80   strspn.o
       164         14          0          0          0        120   strtod.o
        12          6          0          4          0         68   strtok.o
        68          4          0          0          0         84   strtok_int.o
       112          0          0          0          0         88   strtol.o
        12          4          0          0          0         68   sys_exit.o
        74          0          0          0          0         80   sys_stackheap_outer.o
         2          0          0          0          0         68   use_no_semi.o
        98          4          0          0          0        140   d2f.o
       804         16          0          0          0        368   daddsub_clz.o
        16          4          0          0          0        116   dcheck1.o
        24          0          0          0          0        116   dcmpi.o
       688        140          0          0          0        256   ddiv.o
       120          4          0          0          0        140   deqf.o
        90          4          0          0          0        140   dfixu.o
       120          4          0          0          0        140   dleqf.o
       340         12          0          0          0        152   dmul.o
       156          4          0          0          0        140   dnaninf.o
        12          0          0          0          0        116   dretinf.o
       108          0          0          0          0        128   drleqf.o
        86          4          0          0          0        132   f2d.o
       140          4          0          0          0        132   fnaninf.o
         0          0         16          0          0          0   fpconst.o
        10          0          0          0          0        116   fpinit.o
        10          0          0          0          0        116   fretinf.o
         6          0          0          0          0        116   istatus.o
         4          0          0          0          0        116   printf1.o
       100          0          0          0          0        116   retnan.o
        92          0          0          0          0        116   scalbn.o
         4          0          0          0          0        116   scanf1.o
         8          0          0          0          0        132   scanf2.o
        48          0          0          0          0        116   trapv.o
         0          0          0          0          0          0   usenofp.o
        56         12          0          0          0        132   atof.o
        64         16          0          0          0        248   dunder.o
        48          0          0          0          0        124   fpclassify.o
       140         22          0          0          0        132   frexp.o
       228          8          0          0          0        308   ldexp.o
       266         16          0          0          0        308   narrow.o

    ----------------------------------------------------------------------
     13072        576        464          4         96       9716   Library Totals
        26          0          0          0          0          0   (incl. Padding)

    ----------------------------------------------------------------------

      Code (inc. data)   RO Data    RW Data    ZI Data      Debug   Library Name

      9160        302        448          4         96       5188   c_w.l
      3084        200         16          0          0       3276   fz_wm.l
       802         74          0          0          0       1252   m_wm.l

    ----------------------------------------------------------------------
     13072        576        464          4         96       9716   Library Totals

    ----------------------------------------------------------------------

==============================================================================


      Code (inc. data)   RO Data    RW Data    ZI Data      Debug   

     37772       2548       1988        324      41556    1050210   Grand Totals
     37772       2548       1988         32      41556    1050210   ELF Image Totals (compressed)
     37772       2548       1988         32          0          0   ROM Totals

==============================================================================

    Total RO  Size (Code + RO Data)                39760 (  38.83kB)
    Total RW  Size (RW Data + ZI Data)             41880 (  40.90kB)
    Total ROM Size (Code + RO Data + RW Data)      39792 (  38.86kB)

==============================================================================

