Component: ARM Compiler 5.06 update 7 (build 960) Tool: armlink [4d3601]

==============================================================================

Section Cross References

    startup_stm32f407xx.o(STACK) refers (Special) to heapauxi.o(.text) for __use_two_region_memory
    startup_stm32f407xx.o(HEAP) refers (Special) to heapauxi.o(.text) for __use_two_region_memory
    startup_stm32f407xx.o(RESET) refers (Special) to heapauxi.o(.text) for __use_two_region_memory
    startup_stm32f407xx.o(RESET) refers to startup_stm32f407xx.o(STACK) for __initial_sp
    startup_stm32f407xx.o(RESET) refers to startup_stm32f407xx.o(.text) for Reset_Handler
    startup_stm32f407xx.o(RESET) refers to stm32f4xx_it.o(i.NMI_Handler) for NMI_Handler
    startup_stm32f407xx.o(RESET) refers to stm32f4xx_it.o(i.HardFault_Handler) for HardFault_Handler
    startup_stm32f407xx.o(RESET) refers to stm32f4xx_it.o(i.MemManage_Handler) for MemManage_Handler
    startup_stm32f407xx.o(RESET) refers to stm32f4xx_it.o(i.BusFault_Handler) for BusFault_Handler
    startup_stm32f407xx.o(RESET) refers to stm32f4xx_it.o(i.UsageFault_Handler) for UsageFault_Handler
    startup_stm32f407xx.o(RESET) refers to port.o(.emb_text) for SVC_Handler
    startup_stm32f407xx.o(RESET) refers to stm32f4xx_it.o(i.DebugMon_Handler) for DebugMon_Handler
    startup_stm32f407xx.o(RESET) refers to cmsis_os2.o(i.SysTick_Handler) for SysTick_Handler
    startup_stm32f407xx.o(RESET) refers to stm32f4xx_it.o(i.TIM4_IRQHandler) for TIM4_IRQHandler
    startup_stm32f407xx.o(RESET) refers to stm32f4xx_it.o(i.UART5_IRQHandler) for UART5_IRQHandler
    startup_stm32f407xx.o(.text) refers (Special) to heapauxi.o(.text) for __use_two_region_memory
    startup_stm32f407xx.o(.text) refers to system_stm32f4xx.o(i.SystemInit) for SystemInit
    startup_stm32f407xx.o(.text) refers to __main.o(!!!main) for __main
    startup_stm32f407xx.o(.text) refers to startup_stm32f407xx.o(HEAP) for Heap_Mem
    startup_stm32f407xx.o(.text) refers to startup_stm32f407xx.o(STACK) for Stack_Mem
    bsp_mpu6050.o(i.BSP_MPU6050_Init) refers to stm32f4xx_hal_i2c.o(i.HAL_I2C_Mem_Write) for HAL_I2C_Mem_Write
    bsp_mpu6050.o(i.BSP_MPU6050_Init) refers to stm32f4xx_hal.o(i.HAL_Delay) for HAL_Delay
    bsp_mpu6050.o(i.BSP_MPU6050_Init) refers to bsp_mpu6050.o(.data) for .data
    bsp_mpu6050.o(i.BSP_MPU6050_Print_Data) refers to __2sprintf.o(.text) for __2sprintf
    bsp_mpu6050.o(i.BSP_MPU6050_Print_Data) refers to stm32f4xx_hal_uart.o(i.HAL_UART_Transmit) for HAL_UART_Transmit
    bsp_mpu6050.o(i.BSP_MPU6050_Print_Data) refers to bsp_mpu6050.o(i.UART_Send_Float_Custom) for UART_Send_Float_Custom
    bsp_mpu6050.o(i.BSP_MPU6050_Print_Data) refers to main.o(.bss) for huart4
    bsp_mpu6050.o(i.BSP_MPU6050_Read_Data) refers to bsp_mpu6050.o(i.BSP_MPU6050_Read_Raw_Data) for BSP_MPU6050_Read_Raw_Data
    bsp_mpu6050.o(i.BSP_MPU6050_Read_Raw_Data) refers to stm32f4xx_hal_i2c.o(i.HAL_I2C_Mem_Read) for HAL_I2C_Mem_Read
    bsp_mpu6050.o(i.BSP_MPU6050_Read_Raw_Data) refers to bsp_mpu6050.o(.bss) for .bss
    bsp_mpu6050.o(i.UART_Send_Float_Custom) refers to stm32f4xx_hal_uart.o(i.HAL_UART_Transmit) for HAL_UART_Transmit
    pca9685.o(i.PCA9685_Init) refers to stm32f4xx_hal_i2c.o(i.HAL_I2C_Mem_Write) for HAL_I2C_Mem_Write
    pca9685.o(i.PCA9685_Init) refers to pca9685.o(i.PCA9685_SetFreq) for PCA9685_SetFreq
    pca9685.o(i.PCA9685_Init) refers to pca9685.o(i.PCA9685_SetPWM) for PCA9685_SetPWM
    pca9685.o(i.PCA9685_Init) refers to stm32f4xx_hal.o(i.HAL_Delay) for HAL_Delay
    pca9685.o(i.PCA9685_ServoControl) refers to pca9685.o(i.PCA9685_SetPWM) for PCA9685_SetPWM
    pca9685.o(i.PCA9685_ServoControlSmooth) refers to pca9685.o(i.PCA9685_SetPWM) for PCA9685_SetPWM
    pca9685.o(i.PCA9685_ServoControlSmooth) refers to stm32f4xx_hal.o(i.HAL_Delay) for HAL_Delay
    pca9685.o(i.PCA9685_SetAngle) refers to pca9685.o(i.PCA9685_SetPWM) for PCA9685_SetPWM
    pca9685.o(i.PCA9685_SetDuty) refers to pca9685.o(i.PCA9685_SetPWM) for PCA9685_SetPWM
    pca9685.o(i.PCA9685_SetFreq) refers to f2d.o(x$fpl$f2d) for __aeabi_f2d
    pca9685.o(i.PCA9685_SetFreq) refers to dmul.o(x$fpl$dmul) for __aeabi_dmul
    pca9685.o(i.PCA9685_SetFreq) refers to d2f.o(x$fpl$d2f) for __aeabi_d2f
    pca9685.o(i.PCA9685_SetFreq) refers to ddiv.o(x$fpl$ddiv) for __aeabi_ddiv
    pca9685.o(i.PCA9685_SetFreq) refers to daddsub_clz.o(x$fpl$dsub) for __aeabi_dsub
    pca9685.o(i.PCA9685_SetFreq) refers to daddsub_clz.o(x$fpl$dadd) for __aeabi_dadd
    pca9685.o(i.PCA9685_SetFreq) refers to dfixu.o(x$fpl$dfixu) for __aeabi_d2uiz
    pca9685.o(i.PCA9685_SetFreq) refers to stm32f4xx_hal_i2c.o(i.HAL_I2C_Mem_Read) for HAL_I2C_Mem_Read
    pca9685.o(i.PCA9685_SetFreq) refers to stm32f4xx_hal_i2c.o(i.HAL_I2C_Mem_Write) for HAL_I2C_Mem_Write
    pca9685.o(i.PCA9685_SetFreq) refers to stm32f4xx_hal.o(i.HAL_Delay) for HAL_Delay
    pca9685.o(i.PCA9685_SetPWM) refers to stm32f4xx_hal_i2c.o(i.HAL_I2C_Mem_Write) for HAL_I2C_Mem_Write
[...]
    _printf_char_common                      0x08000eeb   Thumb Code    32  _printf_char_common.o(.text)
    _sputc                                   0x08000f11   Thumb Code    10  _sputc.o(.text)
    _printf_cs_common                        0x08000f1b   Thumb Code    20  _printf_char.o(.text)
    _printf_char                             0x08000f2f   Thumb Code    16  _printf_char.o(.text)
    _printf_string                           0x08000f3f   Thumb Code     8  _printf_char.o(.text)
    __strtod_int                             0x08000f85   Thumb Code    90  strtod.o(.text)
    strtol                                   0x08000fed   Thumb Code   112  strtol.o(.text)
    __strtok_internal                        0x0800105d   Thumb Code    64  strtok_int.o(.text)
    __aeabi_memclr                           0x080010a1   Thumb Code     0  rt_memclr.o(.text)
    __rt_memclr                              0x080010a1   Thumb Code    68  rt_memclr.o(.text)
    _memset                                  0x080010a5   Thumb Code     0  rt_memclr.o(.text)
    __user_libspace                          0x080010e5   Thumb Code     8  libspace.o(.text)
    __user_perproc_libspace                  0x080010e5   Thumb Code     0  libspace.o(.text)
    __user_perthread_libspace                0x080010e5   Thumb Code     0  libspace.o(.text)
    __rt_ctype_table                         0x080010ed   Thumb Code    16  rt_ctype_table.o(.text)
    __rt_locale                              0x080010fd   Thumb Code     8  rt_locale_intlibspace.o(.text)
    _ll_udiv10                               0x08001105   Thumb Code   138  lludiv10.o(.text)
    isspace                                  0x0800118f   Thumb Code    18  isspace.o(.text)
    _printf_fp_infnan                        0x080011a1   Thumb Code   112  _printf_fp_infnan.o(.text)
    _sgetc                                   0x08001221   Thumb Code    30  _sgetc.o(.text)
    _sbackspace                              0x0800123f   Thumb Code    34  _sgetc.o(.text)
    _strtoul                                 0x08001261   Thumb Code   158  _strtoul.o(.text)
    _btod_etento                             0x08001301   Thumb Code   224  bigflt0.o(.text)
    strcspn                                  0x080013e5   Thumb Code    32  strcspn.o(.text)
    strspn                                   0x08001405   Thumb Code    28  strspn.o(.text)
    __user_setup_stackheap                   0x08001421   Thumb Code    74  sys_stackheap_outer.o(.text)
    _chval                                   0x0800146b   Thumb Code    28  _chval.o(.text)
    _scanf_really_real                       0x080016d5   Thumb Code   684  scanf_fp.o(.text)
    exit                                     0x08001981   Thumb Code    18  exit.o(.text)
    _sys_exit                                0x08001995   Thumb Code     8  sys_exit.o(.text)
    _scanf_really_hex_real                   0x080019a1   Thumb Code   786  scanf_hexfp.o(.text)
    _scanf_really_infnan                     0x08001cc1   Thumb Code   292  scanf_infnan.o(.text)
    __I$use$semihosting                      0x08001df5   Thumb Code     0  use_no_semi.o(.text)
    __use_no_semihosting_swi                 0x08001df5   Thumb Code     2  use_no_semi.o(.text)
    __aeabi_llsl                             0x08001df7   Thumb Code     0  llshl.o(.text)
    __semihosting_library_function           0x08001df7   Thumb Code     0  indicate_semi.o(.text)
    _ll_shift_l                              0x08001df7   Thumb Code    38  llshl.o(.text)
    _btod_d2e                                0x08001e1d   Thumb Code    62  btod.o(CL$$btod_d2e)
    _d2e_denorm_low                          0x08001e5b   Thumb Code    70  btod.o(CL$$btod_d2e_denorm_low)
    _d2e_norm_op1                            0x08001ea1   Thumb Code    96  btod.o(CL$$btod_d2e_norm_op1)
    __btod_div_common                        0x08001f01   Thumb Code   696  btod.o(CL$$btod_div_common)
    _e2d                                     0x08002239   Thumb Code   122  btod.o(CL$$btod_e2d)
    _e2e                                     0x080022bd   Thumb Code   220  btod.o(CL$$btod_e2e)
    _btod_ediv                               0x08002399   Thumb Code    42  btod.o(CL$$btod_ediv)
    _btod_edivd                              0x080023c3   Thumb Code    42  btod.o(CL$$btod_edivd)
    _btod_emul                               0x080023ed   Thumb Code    42  btod.o(CL$$btod_emul)
    _btod_emuld                              0x08002417   Thumb Code    42  btod.o(CL$$btod_emuld)
    __btod_mult_common                       0x08002441   Thumb Code   580  btod.o(CL$$btod_mult_common)
    BSP_MPU6050_Init                         0x08002685   Thumb Code   100  bsp_mpu6050.o(i.BSP_MPU6050_Init)
    BSP_MPU6050_Read_Data                    0x080026ed   Thumb Code   176  bsp_mpu6050.o(i.BSP_MPU6050_Read_Data)
    BSP_MPU6050_Read_Raw_Data                0x080027ad   Thumb Code    78  bsp_mpu6050.o(i.BSP_MPU6050_Read_Raw_Data)
    BusFault_Handler                         0x08002801   Thumb Code     2  stm32f4xx_it.o(i.BusFault_Handler)
    CheckPoseChanged                         0x08002805   Thumb Code    56  jetson_uart.o(i.CheckPoseChanged)
    DebugMon_Handler                         0x08002841   Thumb Code     2  stm32f4xx_it.o(i.DebugMon_Handler)
    Error_Handler                            0x08002845   Thumb Code    36  main.o(i.Error_Handler)
    GPIO_Task                                0x08002895   Thumb Code     8  main.o(i.GPIO_Task)
    GetMotorCommand                          0x0800289d   Thumb Code    76  jetson_uart.o(i.GetMotorCommand)
    GetMotorCommandType                      0x080028f1   Thumb Code    40  jetson_uart.o(i.GetMotorCommandType)
    HAL_DMA_Abort                            0x0800291d   Thumb Code   146  stm32f4xx_hal_dma.o(i.HAL_DMA_Abort)
    HAL_DMA_Abort_IT                         0x080029af   Thumb Code    36  stm32f4xx_hal_dma.o(i.HAL_DMA_Abort_IT)
    HAL_Delay                                0x080029d5   Thumb Code    32  stm32f4xx_hal.o(i.HAL_Delay)
    HAL_GPIO_Init                            0x080029f9   Thumb Code   450  stm32f4xx_hal_gpio.o(i.HAL_GPIO_Init)
    HAL_GPIO_WritePin                        0x08002be9   Thumb Code    10  stm32f4xx_hal_gpio.o(i.HAL_GPIO_WritePin)
    HAL_GetTick                              0x08002bf5   Thumb Code     6  stm32f4xx_hal.o(i.HAL_GetTick)
    HAL_I2C_Init                             0x08002c01   Thumb Code   376  stm32f4xx_hal_i2c.o(i.HAL_I2C_Init)
    HAL_I2C_IsDeviceReady                    0x08002d89   Thumb Code   354  stm32f4xx_hal_i2c.o(i.HAL_I2C_IsDeviceReady)
    HAL_I2C_Mem_Read                         0x08002ef5   Thumb Code   502  stm32f4xx_hal_i2c.o(i.HAL_I2C_Mem_Read)
    HAL_I2C_Mem_Write                        0x080030f9   Thumb Code   294  stm32f4xx_hal_i2c.o(i.HAL_I2C_Mem_Write)
    HAL_I2C_MspInit                          0x08003229   Thumb Code   154  stm32f4xx_hal_msp.o(i.HAL_I2C_MspInit)
    HAL_IncTick                              0x080032d5   Thumb Code    12  stm32f4xx_hal.o(i.HAL_IncTick)
    HAL_Init                                 0x080032e5   Thumb Code    48  stm32f4xx_hal.o(i.HAL_Init)
    HAL_InitTick                             0x08003319   Thumb Code   132  stm32f4xx_hal_timebase_tim.o(i.HAL_InitTick)
    HAL_MspInit                              0x080033b1   Thumb Code    52  stm32f4xx_hal_msp.o(i.HAL_MspInit)
    HAL_NVIC_EnableIRQ                       0x080033e9   Thumb Code    26  stm32f4xx_hal_cortex.o(i.HAL_NVIC_EnableIRQ)
    HAL_NVIC_SetPriority                     0x08003405   Thumb Code    60  stm32f4xx_hal_cortex.o(i.HAL_NVIC_SetPriority)
    HAL_NVIC_SetPriorityGrouping             0x08003445   Thumb Code    26  stm32f4xx_hal_cortex.o(i.HAL_NVIC_SetPriorityGrouping)
    HAL_RCC_ClockConfig                      0x08003469   Thumb Code   288  stm32f4xx_hal_rcc.o(i.HAL_RCC_ClockConfig)
    HAL_RCC_GetClockConfig                   0x0800359d   Thumb Code    54  stm32f4xx_hal_rcc.o(i.HAL_RCC_GetClockConfig)
    HAL_RCC_GetPCLK1Freq                     0x080035dd   Thumb Code    20  stm32f4xx_hal_rcc.o(i.HAL_RCC_GetPCLK1Freq)
    HAL_RCC_GetPCLK2Freq                     0x080035fd   Thumb Code    20  stm32f4xx_hal_rcc.o(i.HAL_RCC_GetPCLK2Freq)
    HAL_RCC_GetSysClockFreq                  0x0800361d   Thumb Code    88  stm32f4xx_hal_rcc.o(i.HAL_RCC_GetSysClockFreq)
    HAL_RCC_OscConfig                        0x08003681   Thumb Code   856  stm32f4xx_hal_rcc.o(i.HAL_RCC_OscConfig)
    HAL_TIMEx_BreakCallback                  0x080039ed   Thumb Code     2  stm32f4xx_hal_tim_ex.o(i.HAL_TIMEx_BreakCallback)
    HAL_TIMEx_CommutCallback                 0x080039ef   Thumb Code     2  stm32f4xx_hal_tim_ex.o(i.HAL_TIMEx_CommutCallback)
    HAL_TIMEx_MasterConfigSynchronization    0x080039f1   Thumb Code   116  stm32f4xx_hal_tim_ex.o(i.HAL_TIMEx_MasterConfigSynchronization)
    HAL_TIM_Base_Init                        0x08003a81   Thumb Code    90  stm32f4xx_hal_tim.o(i.HAL_TIM_Base_Init)
    HAL_TIM_Base_MspInit                     0x08003adb   Thumb Code     2  stm32f4xx_hal_tim.o(i.HAL_TIM_Base_MspInit)
    HAL_TIM_Base_Start_IT                    0x08003add   Thumb Code   100  stm32f4xx_hal_tim.o(i.HAL_TIM_Base_Start_IT)
    HAL_TIM_Encoder_Init                     0x08003b5d   Thumb Code   164  stm32f4xx_hal_tim.o(i.HAL_TIM_Encoder_Init)
    HAL_TIM_Encoder_MspInit                  0x08003c01   Thumb Code   302  stm32f4xx_hal_msp.o(i.HAL_TIM_Encoder_MspInit)
    HAL_TIM_Encoder_Start                    0x08003d51   Thumb Code   142  stm32f4xx_hal_tim.o(i.HAL_TIM_Encoder_Start)
    HAL_TIM_IC_CaptureCallback               0x08003ddf   Thumb Code     2  stm32f4xx_hal_tim.o(i.HAL_TIM_IC_CaptureCallback)
    HAL_TIM_IRQHandler                       0x08003de1   Thumb Code   304  stm32f4xx_hal_tim.o(i.HAL_TIM_IRQHandler)
    HAL_TIM_MspPostInit                      0x08003f11   Thumb Code   152  stm32f4xx_hal_msp.o(i.HAL_TIM_MspPostInit)
    HAL_TIM_OC_DelayElapsedCallback          0x08003fc5   Thumb Code     2  stm32f4xx_hal_tim.o(i.HAL_TIM_OC_DelayElapsedCallback)
    HAL_TIM_PWM_ConfigChannel                0x08003fc7   Thumb Code   204  stm32f4xx_hal_tim.o(i.HAL_TIM_PWM_ConfigChannel)
    HAL_TIM_PWM_Init                         0x08004093   Thumb Code    90  stm32f4xx_hal_tim.o(i.HAL_TIM_PWM_Init)
    HAL_TIM_PWM_MspInit                      0x080040ed   Thumb Code    78  stm32f4xx_hal_msp.o(i.HAL_TIM_PWM_MspInit)
    HAL_TIM_PWM_PulseFinishedCallback        0x0800414d   Thumb Code     2  stm32f4xx_hal_tim.o(i.HAL_TIM_PWM_PulseFinishedCallback)
    HAL_TIM_PWM_Start                        0x08004151   Thumb Code   172  stm32f4xx_hal_tim.o(i.HAL_TIM_PWM_Start)
    HAL_TIM_PWM_Stop                         0x08004219   Thumb Code   114  stm32f4xx_hal_tim.o(i.HAL_TIM_PWM_Stop)
    HAL_TIM_PeriodElapsedCallback            0x08004295   Thumb Code    14  main.o(i.HAL_TIM_PeriodElapsedCallback)
    HAL_TIM_TriggerCallback                  0x080042a9   Thumb Code     2  stm32f4xx_hal_tim.o(i.HAL_TIM_TriggerCallback)
    HAL_UARTEx_RxEventCallback               0x080042ab   Thumb Code     2  stm32f4xx_hal_uart.o(i.HAL_UARTEx_RxEventCallback)
    HAL_UART_ErrorCallback                   0x080042ad   Thumb Code    28  jetson_uart.o(i.HAL_UART_ErrorCallback)
    HAL_UART_IRQHandler                      0x080042d5   Thumb Code   636  stm32f4xx_hal_uart.o(i.HAL_UART_IRQHandler)
    HAL_UART_Init                            0x08004555   Thumb Code   100  stm32f4xx_hal_uart.o(i.HAL_UART_Init)
    HAL_UART_MspInit                         0x080045b9   Thumb Code   272  stm32f4xx_hal_msp.o(i.HAL_UART_MspInit)
    HAL_UART_Receive_IT                      0x080046e5   Thumb Code    28  stm32f4xx_hal_uart.o(i.HAL_UART_Receive_IT)
    HAL_UART_RxCpltCallback                  0x08004701   Thumb Code    80  jetson_uart.o(i.HAL_UART_RxCpltCallback)
    HAL_UART_Transmit                        0x08004781   Thumb Code   160  stm32f4xx_hal_uart.o(i.HAL_UART_Transmit)
    HAL_UART_TxCpltCallback                  0x08004821   Thumb Code     2  stm32f4xx_hal_uart.o(i.HAL_UART_TxCpltCallback)
    HardFault_Handler                        0x08004823   Thumb Code     2  stm32f4xx_it.o(i.HardFault_Handler)
    Imu_Task                                 0x08004c65   Thumb Code   216  main.o(i.Imu_Task)
    JetsonUart_Init                          0x08004da9   Thumb Code    42  jetson_uart.o(i.JetsonUart_Init)
    JetsonUart_StartReceiveIT                0x08004ddd   Thumb Code    10  jetson_uart.o(i.JetsonUart_StartReceiveIT)
    Jetson_CheckReceiveTimeout               0x08004df1   Thumb Code    28  jetson_uart.o(i.Jetson_CheckReceiveTimeout)
    Jetson_ClearStaleData                    0x08004e11   Thumb Code    14  jetson_uart.o(i.Jetson_ClearStaleData)
    Jetson_ProcessReceivedData               0x08004e25   Thumb Code   180  jetson_uart.o(i.Jetson_ProcessReceivedData)
    Jetson_Task                              0x08004ef1   Thumb Code   170  main.o(i.Jetson_Task)
    MemManage_Handler                        0x08005495   Thumb Code     2  stm32f4xx_it.o(i.MemManage_Handler)
    MotorCtrl_TasK                           0x08005499   Thumb Code   260  main.o(i.MotorCtrl_TasK)
    MotorSpeedTask                           0x080055a9   Thumb Code   214  main.o(i.MotorSpeedTask)
    NMI_Handler                              0x08005695   Thumb Code     2  stm32f4xx_it.o(i.NMI_Handler)
    PCA9685_Init                             0x08005697   Thumb Code    90  pca9685.o(i.PCA9685_Init)
    PCA9685_SetAngle                         0x080056f1   Thumb Code    40  pca9685.o(i.PCA9685_SetAngle)
    PCA9685_SetFreq                          0x08005721   Thumb Code   240  pca9685.o(i.PCA9685_SetFreq)
    PCA9685_SetPWM                           0x08005831   Thumb Code    52  pca9685.o(i.PCA9685_SetPWM)
    PCA9685_Task                             0x08005865   Thumb Code    88  main.o(i.PCA9685_Task)
    ParseMotorControlMessage                 0x08005909   Thumb Code   208  jetson_uart.o(i.ParseMotorControlMessage)
    ParseServoControlMessage                 0x080059f9   Thumb Code   232  jetson_uart.o(i.ParseServoControlMessage)
    SendCurrentPose                          0x08005b01   Thumb Code   302  jetson_uart.o(i.SendCurrentPose)
    Servo_UpdateAll                          0x08005c3d   Thumb Code   140  jetson_uart.o(i.Servo_UpdateAll)
    SetMotorPWM                              0x08005cd1   Thumb Code   268  main.o(i.SetMotorPWM)
    StopMotorPWM                             0x08005de5   Thumb Code   130  main.o(i.StopMotorPWM)
    SysTick_Handler                          0x08005e6d   Thumb Code    26  cmsis_os2.o(i.SysTick_Handler)
    SystemClock_Config                       0x08005e89   Thumb Code   134  main.o(i.SystemClock_Config)
    SystemInit                               0x08005f19   Thumb Code    12  system_stm32f4xx.o(i.SystemInit)
    TIM4_IRQHandler                          0x08005f29   Thumb Code     6  stm32f4xx_it.o(i.TIM4_IRQHandler)
    TIM_Base_SetConfig                       0x08005f35   Thumb Code   164  stm32f4xx_hal_tim.o(i.TIM_Base_SetConfig)
    TIM_CCxChannelCmd                        0x08006005   Thumb Code    26  stm32f4xx_hal_tim.o(i.TIM_CCxChannelCmd)
    TIM_OC2_SetConfig                        0x08006081   Thumb Code    98  stm32f4xx_hal_tim.o(i.TIM_OC2_SetConfig)
    UART5_IRQHandler                         0x080061a5   Thumb Code     6  stm32f4xx_it.o(i.UART5_IRQHandler)
    UART_Start_Receive_IT                    0x080063dd   Thumb Code    54  stm32f4xx_hal_uart.o(i.UART_Start_Receive_IT)
    UART_Task                                0x08006413   Thumb Code    12  main.o(i.UART_Task)
    UART_Task1                               0x08006421   Thumb Code    94  main.o(i.UART_Task1)
    UpdateIMUData                            0x08006519   Thumb Code    20  jetson_uart.o(i.UpdateIMUData)
    UpdateMotorData                          0x08006531   Thumb Code    36  jetson_uart.o(i.UpdateMotorData)
    UpdateSingleMotorData                    0x08006559   Thumb Code    36  jetson_uart.o(i.UpdateSingleMotorData)
    UsageFault_Handler                       0x08006581   Thumb Code     2  stm32f4xx_it.o(i.UsageFault_Handler)
    __ARM_fpclassify                         0x08006583   Thumb Code    48  fpclassify.o(i.__ARM_fpclassify)
    __hardfp___mathlib_tofloat               0x080065d9   Thumb Code   232  narrow.o(i.__hardfp___mathlib_tofloat)
    __hardfp_atof                            0x080066d1   Thumb Code    44  atof.o(i.__hardfp_atof)
    __hardfp_ldexp                           0x08006709   Thumb Code   200  ldexp.o(i.__hardfp_ldexp)
    __mathlib_dbl_overflow                   0x080067d9   Thumb Code    24  dunder.o(i.__mathlib_dbl_overflow)
    __mathlib_dbl_underflow                  0x080067f9   Thumb Code    24  dunder.o(i.__mathlib_dbl_underflow)
    __mathlib_narrow                         0x08006819   Thumb Code    18  narrow.o(i.__mathlib_narrow)
    __support_ldexp                          0x0800682b   Thumb Code    20  ldexp.o(i.__support_ldexp)
    _is_digit                                0x0800683f   Thumb Code    14  __printf_wp.o(i._is_digit)
    frexp                                    0x08006851   Thumb Code   118  frexp.o(i.frexp)
    main                                     0x080068dd   Thumb Code   416  main.o(i.main)
    osDelay                                  0x08006ad9   Thumb Code    26  cmsis_os2.o(i.osDelay)
    osKernelInitialize                       0x08006af5   Thumb Code    32  cmsis_os2.o(i.osKernelInitialize)
    osKernelStart                            0x08006b19   Thumb Code    48  cmsis_os2.o(i.osKernelStart)
    osMessageQueueGet                        0x08006b51   Thumb Code    96  cmsis_os2.o(i.osMessageQueueGet)
    osMessageQueueNew                        0x08006bb5   Thumb Code    88  cmsis_os2.o(i.osMessageQueueNew)
    osMessageQueuePut                        0x08006c0d   Thumb Code   100  cmsis_os2.o(i.osMessageQueuePut)
    osMutexAcquire                           0x08006c75   Thumb Code    82  cmsis_os2.o(i.osMutexAcquire)
    osMutexNew                               0x08006cc7   Thumb Code   104  cmsis_os2.o(i.osMutexNew)
    osMutexRelease                           0x08006d2f   Thumb Code    66  cmsis_os2.o(i.osMutexRelease)
    osThreadNew                              0x08006d71   Thumb Code   138  cmsis_os2.o(i.osThreadNew)
    pvPortMalloc                             0x080075a9   Thumb Code   216  heap_4.o(i.pvPortMalloc)
    pvTaskIncrementMutexHeldCount            0x08007685   Thumb Code    18  tasks.o(i.pvTaskIncrementMutexHeldCount)
    pxPortInitialiseStack                    0x0800769d   Thumb Code    40  port.o(i.pxPortInitialiseStack)
    uxListRemove                             0x080076c9   Thumb Code    38  list.o(i.uxListRemove)
    vApplicationGetIdleTaskMemory            0x080076f1   Thumb Code    16  cmsis_os2.o(i.vApplicationGetIdleTaskMemory)
    vApplicationGetTimerTaskMemory           0x08007705   Thumb Code    18  cmsis_os2.o(i.vApplicationGetTimerTaskMemory)
    vListInitialise                          0x0800771d   Thumb Code    22  list.o(i.vListInitialise)
    vListInitialiseItem                      0x08007733   Thumb Code     6  list.o(i.vListInitialiseItem)
    vListInsert                              0x08007739   Thumb Code    48  list.o(i.vListInsert)
    vListInsertEnd                           0x08007769   Thumb Code    24  list.o(i.vListInsertEnd)
    vPortEnterCritical                       0x08007781   Thumb Code    54  port.o(i.vPortEnterCritical)
    vPortExitCritical                        0x080077c1   Thumb Code    34  port.o(i.vPortExitCritical)
    vPortFree                                0x080077e9   Thumb Code    94  heap_4.o(i.vPortFree)
    vPortSetupTimerInterrupt                 0x0800784d   Thumb Code    32  port.o(i.vPortSetupTimerInterrupt)
    vPortValidateInterruptPriority           0x08007871   Thumb Code    74  port.o(i.vPortValidateInterruptPriority)
    vQueueAddToRegistry                      0x080078c5   Thumb Code    34  queue.o(i.vQueueAddToRegistry)
    vQueueWaitForMessageRestricted           0x080078ed   Thumb Code    68  queue.o(i.vQueueWaitForMessageRestricted)
    vTaskDelay                               0x08007931   Thumb Code    66  tasks.o(i.vTaskDelay)
    vTaskDelayUntil                          0x0800797d   Thumb Code   132  tasks.o(i.vTaskDelayUntil)
    vTaskInternalSetTimeOutState             0x08007a09   Thumb Code    12  tasks.o(i.vTaskInternalSetTimeOutState)
    vTaskMissedYield                         0x08007a19   Thumb Code     8  tasks.o(i.vTaskMissedYield)
    vTaskPlaceOnEventList                    0x08007a25   Thumb Code    44  tasks.o(i.vTaskPlaceOnEventList)
    vTaskPlaceOnEventListRestricted          0x08007a55   Thumb Code    52  tasks.o(i.vTaskPlaceOnEventListRestricted)
    vTaskPriorityDisinheritAfterTimeout      0x08007a8d   Thumb Code   134  tasks.o(i.vTaskPriorityDisinheritAfterTimeout)
    vTaskStartScheduler                      0x08007b1d   Thumb Code   118  tasks.o(i.vTaskStartScheduler)
    vTaskSuspendAll                          0x08007ba5   Thumb Code    10  tasks.o(i.vTaskSuspendAll)
    vTaskSwitchContext                       0x08007bb5   Thumb Code    90  tasks.o(i.vTaskSwitchContext)
    xPortStartScheduler                      0x08007c19   Thumb Code   222  port.o(i.xPortStartScheduler)
    xPortSysTickHandler                      0x08007d0d   Thumb Code    38  port.o(i.xPortSysTickHandler)
    xQueueCreateMutex                        0x08007d39   Thumb Code    22  queue.o(i.xQueueCreateMutex)
    xQueueCreateMutexStatic                  0x08007d4f   Thumb Code    26  queue.o(i.xQueueCreateMutexStatic)
    xQueueGenericCreate                      0x08007d69   Thumb Code    66  queue.o(i.xQueueGenericCreate)
    xQueueGenericCreateStatic                0x08007dab   Thumb Code   102  queue.o(i.xQueueGenericCreateStatic)
    xQueueGenericReset                       0x08007e11   Thumb Code   132  queue.o(i.xQueueGenericReset)
    xQueueGenericSend                        0x08007e99   Thumb Code   346  queue.o(i.xQueueGenericSend)
    xQueueGenericSendFromISR                 0x08007ff9   Thumb Code   190  queue.o(i.xQueueGenericSendFromISR)
    xQueueGiveMutexRecursive                 0x080080b7   Thumb Code    62  queue.o(i.xQueueGiveMutexRecursive)
    xQueueReceive                            0x080080f5   Thumb Code   308  queue.o(i.xQueueReceive)
    xQueueReceiveFromISR                     0x0800822d   Thumb Code   154  queue.o(i.xQueueReceiveFromISR)
    xQueueSemaphoreTake                      0x080082c9   Thumb Code   372  queue.o(i.xQueueSemaphoreTake)
    xQueueTakeMutexRecursive                 0x08008441   Thumb Code    64  queue.o(i.xQueueTakeMutexRecursive)
    xTaskCheckForTimeOut                     0x08008481   Thumb Code   112  tasks.o(i.xTaskCheckForTimeOut)
    xTaskCreate                              0x080084f5   Thumb Code    90  tasks.o(i.xTaskCreate)
    xTaskCreateStatic                        0x0800854f   Thumb Code    86  tasks.o(i.xTaskCreateStatic)
    xTaskGetCurrentTaskHandle                0x080085a5   Thumb Code     6  tasks.o(i.xTaskGetCurrentTaskHandle)
    xTaskGetSchedulerState                   0x080085b1   Thumb Code    22  tasks.o(i.xTaskGetSchedulerState)
    xTaskGetTickCount                        0x080085cd   Thumb Code     6  tasks.o(i.xTaskGetTickCount)
    xTaskIncrementTick                       0x080085d9   Thumb Code   192  tasks.o(i.xTaskIncrementTick)
    xTaskPriorityDisinherit                  0x080086a1   Thumb Code   118  tasks.o(i.xTaskPriorityDisinherit)
    xTaskPriorityInherit                     0x08008721   Thumb Code   112  tasks.o(i.xTaskPriorityInherit)
    xTaskRemoveFromEventList                 0x08008799   Thumb Code    98  tasks.o(i.xTaskRemoveFromEventList)
    xTaskResumeAll                           0x08008809   Thumb Code   182  tasks.o(i.xTaskResumeAll)
    xTimerCreateTimerTask                    0x080088cd   Thumb Code    78  timers.o(i.xTimerCreateTimerTask)
    xTimerGenericCommand                     0x0800892d   Thumb Code    98  timers.o(i.xTimerGenericCommand)
    _get_lc_numeric                          0x08008995   Thumb Code    44  lc_numeric_c.o(locale$$code)
    _get_lc_ctype                            0x080089c1   Thumb Code    44  lc_ctype_c.o(locale$$code)
    __aeabi_d2f                              0x080089ed   Thumb Code     0  d2f.o(x$fpl$d2f)
    _d2f                                     0x080089ed   Thumb Code    98  d2f.o(x$fpl$d2f)
    __aeabi_dadd                             0x08008a51   Thumb Code     0  daddsub_clz.o(x$fpl$dadd)
    _dadd                                    0x08008a51   Thumb Code   332  daddsub_clz.o(x$fpl$dadd)
    __fpl_dcheck_NaN1                        0x08008ba1   Thumb Code    10  dcheck1.o(x$fpl$dcheck1)
    __fpl_dcmp_Inf                           0x08008bb1   Thumb Code    24  dcmpi.o(x$fpl$dcmpinf)
    __aeabi_ddiv                             0x08008bc9   Thumb Code     0  ddiv.o(x$fpl$ddiv)
    _ddiv                                    0x08008bc9   Thumb Code   552  ddiv.o(x$fpl$ddiv)
    __aeabi_cdcmpeq                          0x08008e79   Thumb Code     0  deqf.o(x$fpl$deqf)
    _dcmpeq                                  0x08008e79   Thumb Code   120  deqf.o(x$fpl$deqf)
    __aeabi_d2uiz                            0x08008ef1   Thumb Code     0  dfixu.o(x$fpl$dfixu)
    _dfixu                                   0x08008ef1   Thumb Code    90  dfixu.o(x$fpl$dfixu)
    __aeabi_cdcmple                          0x08008f4d   Thumb Code     0  dleqf.o(x$fpl$dleqf)
    _dcmple                                  0x08008f4d   Thumb Code   120  dleqf.o(x$fpl$dleqf)
    __fpl_dcmple_InfNaN                      0x08008faf   Thumb Code     0  dleqf.o(x$fpl$dleqf)
    __aeabi_dmul                             0x08008fc5   Thumb Code     0  dmul.o(x$fpl$dmul)
    _dmul                                    0x08008fc5   Thumb Code   332  dmul.o(x$fpl$dmul)
    __fpl_dnaninf                            0x08009119   Thumb Code   156  dnaninf.o(x$fpl$dnaninf)
    __fpl_dretinf                            0x080091b5   Thumb Code    12  dretinf.o(x$fpl$dretinf)
    __aeabi_cdrcmple                         0x080091c1   Thumb Code     0  drleqf.o(x$fpl$drleqf)
    _drcmple                                 0x080091c1   Thumb Code   108  drleqf.o(x$fpl$drleqf)
    __aeabi_dsub                             0x0800922d   Thumb Code     0  daddsub_clz.o(x$fpl$dsub)
    _dsub                                    0x0800922d   Thumb Code   464  daddsub_clz.o(x$fpl$dsub)
    __aeabi_f2d                              0x08009401   Thumb Code     0  f2d.o(x$fpl$f2d)
    _f2d                                     0x08009401   Thumb Code    86  f2d.o(x$fpl$f2d)
    __fpl_fnaninf                            0x08009457   Thumb Code   140  fnaninf.o(x$fpl$fnaninf)
    _fp_init                                 0x080094e3   Thumb Code    10  fpinit.o(x$fpl$fpinit)
    __fplib_config_fpu_vfp                   0x080094eb   Thumb Code     0  fpinit.o(x$fpl$fpinit)
    __fplib_config_pureend_doubles           0x080094eb   Thumb Code     0  fpinit.o(x$fpl$fpinit)
    __fpl_fretinf                            0x080094ed   Thumb Code    10  fretinf.o(x$fpl$fretinf)
    __ieee_status                            0x080094f7   Thumb Code     6  istatus.o(x$fpl$ieeestatus)
    _printf_fp_dec                           0x080094fd   Thumb Code     4  printf1.o(x$fpl$printf1)
    __fpl_return_NaN                         0x08009501   Thumb Code   100  retnan.o(x$fpl$retnan)
    __ARM_scalbn                             0x08009565   Thumb Code    92  scalbn.o(x$fpl$scalbn)
    _scanf_real                              0x080095c1   Thumb Code     4  scanf1.o(x$fpl$scanf1)
    _scanf_hex_real                          0x080095c5   Thumb Code     4  scanf2.o(x$fpl$scanf2)
    _scanf_infnan                            0x080095c9   Thumb Code     4  scanf2.o(x$fpl$scanf2)
    __fpl_cmpreturn                          0x080095cd   Thumb Code    48  trapv.o(x$fpl$trapveneer)
    __I$use$fp                               0x080095fc   Number         0  usenofp.o(x$fpl$usenofp)
    gpiotask_attributes                      0x0800960c   Data          36  main.o(.constdata)
    uart_task_attributes                     0x08009630   Data          36  main.o(.constdata)
    imu_task_attributes                      0x08009654   Data          36  main.o(.constdata)
    pca9685task_attributes                   0x08009678   Data          36  main.o(.constdata)
    jetson_task_attributes                   0x0800969c   Data          36  main.o(.constdata)
    MotorTask1_attributes                    0x080096c0   Data          36  main.o(.constdata)
    MotorTask2_attributes                    0x080096e4   Data          36  main.o(.constdata)
    MotorTask3_attributes                    0x08009708   Data          36  main.o(.constdata)
    MotorTask4_attributes                    0x0800972c   Data          36  main.o(.constdata)
    UARTTask1_attributes                     0x08009750   Data          36  main.o(.constdata)
    MotorCtrlTasK1_attributes                0x08009774   Data          36  main.o(.constdata)
    MotorCtrlTasK2_attributes                0x08009798   Data          36  main.o(.constdata)
    MotorCtrlTasK3_attributes                0x080097bc   Data          36  main.o(.constdata)
    MotorCtrlTasK4_attributes                0x080097e0   Data          36  main.o(.constdata)
    MotorQueue_attributes                    0x08009804   Data          24  main.o(.constdata)
    UART1Mutex01_attributes                  0x0800981c   Data          16  main.o(.constdata)
    AHBPrescTable                            0x08009840   Data          16  system_stm32f4xx.o(.constdata)
    APBPrescTable                            0x08009850   Data           8  system_stm32f4xx.o(.constdata)
    Region$$Table$$Base                      0x08009a98   Number         0  anon$$obj.o(Region$$Table)
    Region$$Table$$Limit                     0x08009ab8   Number         0  anon$$obj.o(Region$$Table)
    __aeabi_HUGE_VAL                         0x08009ab8   Data           0  fpconst.o(c$$dinf)
    __aeabi_HUGE_VALL                        0x08009ab8   Data           0  fpconst.o(c$$dinf)
    __aeabi_INFINITY                         0x08009ab8   Data           0  fpconst.o(c$$dinf)
    __dInf                                   0x08009ab8   Data           0  fpconst.o(c$$dinf)
    __huge_val                               0x08009ab8   Data           0  fpconst.o(c$$dinf)
    __dbl_max                                0x08009ac0   Data           0  fpconst.o(c$$dmax)
    __ctype                                  0x08009af1   Data           0  lc_ctype_c.o(locale$$data)
    Motor_1                                  0x2000001c   Data           1  main.o(.data)
    Motor_2                                  0x2000001d   Data           1  main.o(.data)
    Motor_3                                  0x2000001e   Data           1  main.o(.data)
    Motor_4                                  0x2000001f   Data           1  main.o(.data)
    gpiotaskHandle                           0x20000020   Data           4  main.o(.data)
    uart_taskHandle                          0x20000024   Data           4  main.o(.data)
    imu_taskHandle                           0x20000028   Data           4  main.o(.data)
    pca9685taskHandle                        0x2000002c   Data           4  main.o(.data)
    jetson_taskHandle                        0x20000030   Data           4  main.o(.data)
    MotorTask1Handle                         0x20000034   Data           4  main.o(.data)
    MotorTask2Handle                         0x20000038   Data           4  main.o(.data)
    MotorTask3Handle                         0x2000003c   Data           4  main.o(.data)
    MotorTask4Handle                         0x20000040   Data           4  main.o(.data)
    UARTTask1Handle                          0x20000044   Data           4  main.o(.data)
    MotorCtrlTasK1Handle                     0x20000048   Data           4  main.o(.data)
    MotorCtrlTasK2Handle                     0x2000004c   Data           4  main.o(.data)
    MotorCtrlTasK3Handle                     0x20000050   Data           4  main.o(.data)
    MotorCtrlTasK4Handle                     0x20000054   Data           4  main.o(.data)
    MotorQueueHandle                         0x20000058   Data           4  main.o(.data)
    UART1Mutex01Handle                       0x2000005c   Data           4  main.o(.data)
    UART1Handle                              0x20000060   Data           4  main.o(.data)
    motor1_n20                               0x20000064   Data          20  main.o(.data)
    motor2_n20                               0x20000078   Data          20  main.o(.data)
    motor3_n20                               0x2000008c   Data          20  main.o(.data)
    motor4_n20                               0x200000a0   Data          20  main.o(.data)
    uwTickFreq                               0x200000b4   Data           1  stm32f4xx_hal.o(.data)
    uwTickPrio                               0x200000b8   Data           4  stm32f4xx_hal.o(.data)
    uwTick                                   0x200000bc   Data           4  stm32f4xx_hal.o(.data)
    SystemCoreClock                          0x200000c0   Data           4  system_stm32f4xx.o(.data)
    pxCurrentTCB                             0x200000c4   Data           4  tasks.o(.data)
    all_motors                               0x20000754   Data          80  main.o(.bss)
    hi2c1                                    0x200007a4   Data          84  main.o(.bss)
    hi2c2                                    0x200007f8   Data          84  main.o(.bss)
    htim1                                    0x2000084c   Data          72  main.o(.bss)
    htim2                                    0x20000894   Data          72  main.o(.bss)
    htim3                                    0x200008dc   Data          72  main.o(.bss)
    htim5                                    0x20000924   Data          72  main.o(.bss)
    htim8                                    0x2000096c   Data          72  main.o(.bss)
    htim9                                    0x200009b4   Data          72  main.o(.bss)
    htim12                                   0x200009fc   Data          72  main.o(.bss)
    huart4                                   0x20000a44   Data          72  main.o(.bss)
    huart5                                   0x20000a8c   Data          72  main.o(.bss)
    huart1                                   0x20000ad4   Data          72  main.o(.bss)
    htim4                                    0x20000b1c   Data          72  stm32f4xx_hal_timebase_tim.o(.bss)
    xQueueRegistry                           0x20000b64   Data          64  queue.o(.bss)
    __libspace_start                         0x20009838   Data          96  libspace.o(.bss)
    __temporary_stack_top$libspace           0x20009898   Data           0  libspace.o(.bss)



==============================================================================

Memory Map of the image

  Image Entry point : 0x08000189

  Load Region LR_IROM1 (Base: 0x08000000, Size: 0x00009d3c, Max: 0x00080000, ABSOLUTE, COMPRESSED[0x00009c14])

    Execution Region ER_IROM1 (Exec base: 0x08000000, Load base: 0x08000000, Size: 0x00009bf4, Max: 0x00080000, ABSOLUTE)

    Exec Addr    Load Addr    Size         Type   Attr      Idx    E Section Name        Object

    0x08000000   0x08000000   0x00000188   Data   RO            3    RESET               startup_stm32f407xx.o
    0x08000188   0x08000188   0x00000008   Code   RO         5646  * !!!main             c_w.l(__main.o)
    0x08000190   0x08000190   0x00000034   Code   RO         6021    !!!scatter          c_w.l(__scatter.o)
    0x080001c4   0x080001c4   0x0000003a   Code   RO         6019    !!dczerorl          c_w.l(__dczerorl.o)
    0x080001fe   0x080001fe   0x00000002   PAD
    0x08000200   0x08000200   0x0000001c   Code   RO         6023    !!handler_zi        c_w.l(__scatter_zi.o)
    0x0800021c   0x0800021c   0x00000000   Code   RO         5620    .ARM.Collect$$_printf_percent$$00000000  c_w.l(_printf_percent.o)
    0x0800021c   0x0800021c   0x00000006   Code   RO         5619    .ARM.Collect$$_printf_percent$$00000003  c_w.l(_printf_f.o)
    0x08000222   0x08000222   0x00000006   Code   RO         5617    .ARM.Collect$$_printf_percent$$00000009  c_w.l(_printf_d.o)
    0x08000228   0x08000228   0x00000006   Code   RO         5618    .ARM.Collect$$_printf_percent$$0000000A  c_w.l(_printf_u.o)
    0x0800022e   0x0800022e   0x00000006   Code   RO         5616    .ARM.Collect$$_printf_percent$$00000014  c_w.l(_printf_s.o)
    0x08000234   0x08000234   0x00000004   Code   RO         5698    .ARM.Collect$$_printf_percent$$00000017  c_w.l(_printf_percent_end.o)
    0x08000238   0x08000238   0x00000002   Code   RO         5813    .ARM.Collect$$libinit$$00000000  c_w.l(libinit.o)
    0x0800023a   0x0800023a   0x00000004   Code   RO         5814    .ARM.Collect$$libinit$$00000001  c_w.l(libinit2.o)
    0x0800023e   0x0800023e   0x00000000   Code   RO         5817    .ARM.Collect$$libinit$$00000004  c_w.l(libinit2.o)
    0x0800023e   0x0800023e   0x00000000   Code   RO         5820    .ARM.Collect$$libinit$$0000000A  c_w.l(libinit2.o)
    0x0800023e   0x0800023e   0x00000000   Code   RO         5822    .ARM.Collect$$libinit$$0000000C  c_w.l(libinit2.o)
    0x0800023e   0x0800023e   0x00000000   Code   RO         5824    .ARM.Collect$$libinit$$0000000E  c_w.l(libinit2.o)
    0x0800023e   0x0800023e   0x00000006   Code   RO         5825    .ARM.Collect$$libinit$$0000000F  c_w.l(libinit2.o)
    0x08000244   0x08000244   0x00000000   Code   RO         5827    .ARM.Collect$$libinit$$00000011  c_w.l(libinit2.o)
    0x08000244   0x08000244   0x0000000c   Code   RO         5828    .ARM.Collect$$libinit$$00000012  c_w.l(libinit2.o)
    0x08000250   0x08000250   0x00000000   Code   RO         5829    .ARM.Collect$$libinit$$00000013  c_w.l(libinit2.o)
    0x08000250   0x08000250   0x00000000   Code   RO         5831    .ARM.Collect$$libinit$$00000015  c_w.l(libinit2.o)
    0x08000250   0x08000250   0x0000000a   Code   RO         5832    .ARM.Collect$$libinit$$00000016  c_w.l(libinit2.o)
    0x0800025a   0x0800025a   0x00000000   Code   RO         5833    .ARM.Collect$$libinit$$00000017  c_w.l(libinit2.o)
    0x0800025a   0x0800025a   0x00000000   Code   RO         5835    .ARM.Collect$$libinit$$00000019  c_w.l(libinit2.o)
    0x0800025a   0x0800025a   0x00000000   Code   RO         5837    .ARM.Collect$$libinit$$0000001B  c_w.l(libinit2.o)
    0x0800025a   0x0800025a   0x00000000   Code   RO         5839    .ARM.Collect$$libinit$$0000001D  c_w.l(libinit2.o)
    0x0800025a   0x0800025a   0x00000000   Code   RO         5841    .ARM.Collect$$libinit$$0000001F  c_w.l(libinit2.o)
    0x0800025a   0x0800025a   0x00000000   Code   RO         5843    .ARM.Collect$$libinit$$00000021  c_w.l(libinit2.o)
    0x0800025a   0x0800025a   0x00000000   Code   RO         5845    .ARM.Collect$$libinit$$00000023  c_w.l(libinit2.o)
    0x0800025a   0x0800025a   0x00000000   Code   RO         5847    .ARM.Collect$$libinit$$00000025  c_w.l(libinit2.o)
    0x0800025a   0x0800025a   0x00000000   Code   RO         5851    .ARM.Collect$$libinit$$0000002C  c_w.l(libinit2.o)
    0x0800025a   0x0800025a   0x00000000   Code   RO         5853    .ARM.Collect$$libinit$$0000002E  c_w.l(libinit2.o)
    0x0800025a   0x0800025a   0x00000000   Code   RO         5855    .ARM.Collect$$libinit$$00000030  c_w.l(libinit2.o)
    0x0800025a   0x0800025a   0x00000000   Code   RO         5857    .ARM.Collect$$libinit$$00000032  c_w.l(libinit2.o)
    0x0800025a   0x0800025a   0x00000002   Code   RO         5858    .ARM.Collect$$libinit$$00000033  c_w.l(libinit2.o)
    0x0800025c   0x0800025c   0x00000002   Code   RO         5939    .ARM.Collect$$libshutdown$$00000000  c_w.l(libshutdown.o)
    0x0800025e   0x0800025e   0x00000000   Code   RO         5977    .ARM.Collect$$libshutdown$$00000002  c_w.l(libshutdown2.o)
    0x0800025e   0x0800025e   0x00000000   Code   RO         5979    .ARM.Collect$$libshutdown$$00000004  c_w.l(libshutdown2.o)
    0x0800025e   0x0800025e   0x00000000   Code   RO         5981    .ARM.Collect$$libshutdown$$00000006  c_w.l(libshutdown2.o)
    0x0800025e   0x0800025e   0x00000000   Code   RO         5984    .ARM.Collect$$libshutdown$$00000009  c_w.l(libshutdown2.o)
    0x0800025e   0x0800025e   0x00000000   Code   RO         5987    .ARM.Collect$$libshutdown$$0000000C  c_w.l(libshutdown2.o)
    0x0800025e   0x0800025e   0x00000000   Code   RO         5989    .ARM.Collect$$libshutdown$$0000000E  c_w.l(libshutdown2.o)
    0x0800025e   0x0800025e   0x00000000   Code   RO         5992    .ARM.Collect$$libshutdown$$00000011  c_w.l(libshutdown2.o)
    0x0800025e   0x0800025e   0x00000002   Code   RO         5993    .ARM.Collect$$libshutdown$$00000012  c_w.l(libshutdown2.o)
    0x08000260   0x08000260   0x00000000   Code   RO         5676    .ARM.Collect$$rtentry$$00000000  c_w.l(__rtentry.o)
    0x08000260   0x08000260   0x00000000   Code   RO         5720    .ARM.Collect$$rtentry$$00000002  c_w.l(__rtentry2.o)
    0x08000260   0x08000260   0x00000006   Code   RO         5732    .ARM.Collect$$rtentry$$00000004  c_w.l(__rtentry4.o)
    0x08000266   0x08000266   0x00000000   Code   RO         5722    .ARM.Collect$$rtentry$$00000009  c_w.l(__rtentry2.o)
    0x08000266   0x08000266   0x00000004   Code   RO         5723    .ARM.Collect$$rtentry$$0000000A  c_w.l(__rtentry2.o)
    0x0800026a   0x0800026a   0x00000000   Code   RO         5725    .ARM.Collect$$rtentry$$0000000C  c_w.l(__rtentry2.o)
    0x0800026a   0x0800026a   0x00000008   Code   RO         5726    .ARM.Collect$$rtentry$$0000000D  c_w.l(__rtentry2.o)
    0x08000272   0x08000272   0x00000002   Code   RO         5859    .ARM.Collect$$rtexit$$00000000  c_w.l(rtexit.o)
    0x08000274   0x08000274   0x00000000   Code   RO         5892    .ARM.Collect$$rtexit$$00000002  c_w.l(rtexit2.o)
    0x08000274   0x08000274   0x00000004   Code   RO         5893    .ARM.Collect$$rtexit$$00000003  c_w.l(rtexit2.o)
    0x08000278   0x08000278   0x00000006   Code   RO         5894    .ARM.Collect$$rtexit$$00000004  c_w.l(rtexit2.o)
    0x0800027e   0x0800027e   0x00000002   PAD
    0x08000280   0x08000280   0x000000be   Code   RO         5505    .emb_text           port.o
    0x0800033e   0x0800033e   0x00000002   PAD
    0x08000340   0x08000340   0x00000040   Code   RO            4    .text               startup_stm32f407xx.o
    0x08000380   0x08000380   0x000000ee   Code   RO         5584    .text               c_w.l(lludivv7m.o)
    0x0800046e   0x0800046e   0x00000002   PAD
    0x08000470   0x08000470   0x0000002c   Code   RO         5586    .text               c_w.l(__2sprintf.o)
    0x0800049c   0x0800049c   0x00000052   Code   RO         5592    .text               c_w.l(_printf_str.o)
    0x080004ee   0x080004ee   0x00000002   PAD
    0x080004f0   0x080004f0   0x00000078   Code   RO         5594    .text               c_w.l(_printf_dec.o)
    0x08000568   0x08000568   0x00000160   Code   RO         5611    .text               c_w.l(__printf_ss_wp.o)
    0x080006c8   0x080006c8   0x0000001a   Code   RO         5621    .text               c_w.l(atoi.o)
    0x080006e2   0x080006e2   0x00000002   PAD
    0x080006e4   0x080006e4   0x0000000c   Code   RO         5623    .text               c_w.l(strtok.o)
    0x080006f0   0x080006f0   0x00000058   Code   RO         5626    .text               c_w.l(memcmp.o)
    0x08000748   0x08000748   0x0000003e   Code   RO         5628    .text               c_w.l(strlen.o)
    0x08000786   0x08000786   0x00000096   Code   RO         5630    .text               c_w.l(strncmp.o)
    0x0800081c   0x0800081c   0x0000008a   Code   RO         5632    .text               c_w.l(rt_memcpy_v6.o)
    0x080008a6   0x080008a6   0x00000064   Code   RO         5634    .text               c_w.l(rt_memcpy_w.o)
    0x0800090a   0x0800090a   0x00000010   Code   RO         5638    .text               c_w.l(aeabi_memset.o)
    0x0800091a   0x0800091a   0x0000004e   Code   RO         5640    .text               c_w.l(rt_memclr_w.o)
    0x08000968   0x08000968   0x00000080   Code   RO         5642    .text               c_w.l(strcmpv7m.o)
    0x080009e8   0x080009e8   0x00000006   Code   RO         5644    .text               c_w.l(heapauxi.o)
    0x080009ee   0x080009ee   0x00000002   PAD
    0x080009f0   0x080009f0   0x00000008   Code   RO         5684    .text               c_w.l(rt_errno_addr_intlibspace.o)
    0x080009f8   0x080009f8   0x00000016   Code   RO         5686    .text               c_w.l(_rserrno.o)
    0x08000a0e   0x08000a0e   0x000000b2   Code   RO         5688    .text               c_w.l(_printf_intcommon.o)
    0x08000ac0   0x08000ac0   0x0000041e   Code   RO         5690    .text               c_w.l(_printf_fp_dec.o)
    0x08000ede   0x08000ede   0x00000002   PAD
    0x08000ee0   0x08000ee0   0x00000030   Code   RO         5692    .text               c_w.l(_printf_char_common.o)
    0x08000f10   0x08000f10   0x0000000a   Code   RO         5694    .text               c_w.l(_sputc.o)
    0x08000f1a   0x08000f1a   0x0000002c   Code   RO         5696    .text               c_w.l(_printf_char.o)
    0x08000f46   0x08000f46   0x00000002   PAD
    0x08000f48   0x08000f48   0x000000a4   Code   RO         5699    .text               c_w.l(strtod.o)
    0x08000fec   0x08000fec   0x00000070   Code   RO         5701    .text               c_w.l(strtol.o)
    0x0800105c   0x0800105c   0x00000044   Code   RO         5703    .text               c_w.l(strtok_int.o)
    0x080010a0   0x080010a0   0x00000044   Code   RO         5705    .text               c_w.l(rt_memclr.o)
    0x080010e4   0x080010e4   0x00000008   Code   RO         5716    .text               c_w.l(libspace.o)
    0x080010ec   0x080010ec   0x00000010   Code   RO         5734    .text               c_w.l(rt_ctype_table.o)
    0x080010fc   0x080010fc   0x00000008   Code   RO         5741    .text               c_w.l(rt_locale_intlibspace.o)
    0x08001104   0x08001104   0x0000008a   Code   RO         5743    .text               c_w.l(lludiv10.o)
    0x0800118e   0x0800118e   0x00000012   Code   RO         5745    .text               c_w.l(isspace.o)
    0x080011a0   0x080011a0   0x00000080   Code   RO         5747    .text               c_w.l(_printf_fp_infnan.o)
    0x08001220   0x08001220   0x00000040   Code   RO         5751    .text               c_w.l(_sgetc.o)
    0x08001260   0x08001260   0x0000009e   Code   RO         5753    .text               c_w.l(_strtoul.o)
    0x080012fe   0x080012fe   0x00000002   PAD
    0x08001300   0x08001300   0x000000e4   Code   RO         5755    .text               c_w.l(bigflt0.o)
    0x080013e4   0x080013e4   0x00000020   Code   RO         5783    .text               c_w.l(strcspn.o)
    0x08001404   0x08001404   0x0000001c   Code   RO         5785    .text               c_w.l(strspn.o)
    0x08001420   0x08001420   0x0000004a   Code   RO         5793    .text               c_w.l(sys_stackheap_outer.o)
    0x0800146a   0x0800146a   0x0000001c   Code   RO         5795    .text               c_w.l(_chval.o)
    0x08001486   0x08001486   0x00000002   PAD
    0x08001488   0x08001488   0x000004f8   Code   RO         5797    .text               c_w.l(scanf_fp.o)
    0x08001980   0x08001980   0x00000012   Code   RO         5802    .text               c_w.l(exit.o)
    0x08001992   0x08001992   0x00000002   PAD
    0x08001994   0x08001994   0x0000000c   Code   RO         5889    .text               c_w.l(sys_exit.o)
    0x080019a0   0x080019a0   0x00000320   Code   RO         5898    .text               c_w.l(scanf_hexfp.o)
    0x08001cc0   0x08001cc0   0x00000134   Code   RO         5900    .text               c_w.l(scanf_infnan.o)
    0x08001df4   0x08001df4   0x00000002   Code   RO         5924    .text               c_w.l(use_no_semi.o)
    0x08001df6   0x08001df6   0x00000000   Code   RO         5926    .text               c_w.l(indicate_semi.o)
    0x08001df6   0x08001df6   0x00000026   Code   RO         5929    .text               c_w.l(llshl.o)
    0x08001e1c   0x08001e1c   0x0000003e   Code   RO         5758    CL$$btod_d2e        c_w.l(btod.o)
    0x08001e5a   0x08001e5a   0x00000046   Code   RO         5760    CL$$btod_d2e_denorm_low  c_w.l(btod.o)
    0x08001ea0   0x08001ea0   0x00000060   Code   RO         5759    CL$$btod_d2e_norm_op1  c_w.l(btod.o)
    0x08001f00   0x08001f00   0x00000338   Code   RO         5768    CL$$btod_div_common  c_w.l(btod.o)
    0x08002238   0x08002238   0x00000084   Code   RO         5766    CL$$btod_e2d        c_w.l(btod.o)
    0x080022bc   0x080022bc   0x000000dc   Code   RO         5765    CL$$btod_e2e        c_w.l(btod.o)
    0x08002398   0x08002398   0x0000002a   Code   RO         5762    CL$$btod_ediv       c_w.l(btod.o)
    0x080023c2   0x080023c2   0x0000002a   Code   RO         5764    CL$$btod_edivd      c_w.l(btod.o)
    0x080023ec   0x080023ec   0x0000002a   Code   RO         5761    CL$$btod_emul       c_w.l(btod.o)
    0x08002416   0x08002416   0x0000002a   Code   RO         5763    CL$$btod_emuld      c_w.l(btod.o)
    0x08002440   0x08002440   0x00000244   Code   RO         5767    CL$$btod_mult_common  c_w.l(btod.o)
    0x08002684   0x08002684   0x00000068   Code   RO           13    i.BSP_MPU6050_Init  bsp_mpu6050.o
    0x080026ec   0x080026ec   0x000000c0   Code   RO           15    i.BSP_MPU6050_Read_Data  bsp_mpu6050.o
    0x080027ac   0x080027ac   0x00000054   Code   RO           16    i.BSP_MPU6050_Read_Raw_Data  bsp_mpu6050.o
    0x08002800   0x08002800   0x00000002   Code   RO          664    i.BusFault_Handler  stm32f4xx_it.o
    0x08002802   0x08002802   0x00000002   PAD
    0x08002804   0x08002804   0x0000003c   Code   RO          245    i.CheckPoseChanged  jetson_uart.o
    0x08002840   0x08002840   0x00000002   Code   RO          665    i.DebugMon_Handler  stm32f4xx_it.o
    0x08002842   0x08002842   0x00000002   PAD
    0x08002844   0x08002844   0x00000050   Code   RO          456    i.Error_Handler     main.o
    0x08002894   0x08002894   0x00000008   Code   RO          457    i.GPIO_Task         main.o
    0x0800289c   0x0800289c   0x00000054   Code   RO          246    i.GetMotorCommand   jetson_uart.o
    0x080028f0   0x080028f0   0x0000002c   Code   RO          247    i.GetMotorCommandType  jetson_uart.o
    0x0800291c   0x0800291c   0x00000092   Code   RO         2286    i.HAL_DMA_Abort     stm32f4xx_hal_dma.o
    0x080029ae   0x080029ae   0x00000024   Code   RO         2287    i.HAL_DMA_Abort_IT  stm32f4xx_hal_dma.o
    0x080029d2   0x080029d2   0x00000002   PAD
    0x080029d4   0x080029d4   0x00000024   Code   RO         2723    i.HAL_Delay         stm32f4xx_hal.o
    0x080029f8   0x080029f8   0x000001f0   Code   RO         2179    i.HAL_GPIO_Init     stm32f4xx_hal_gpio.o
    0x08002be8   0x08002be8   0x0000000a   Code   RO         2183    i.HAL_GPIO_WritePin  stm32f4xx_hal_gpio.o
    0x08002bf2   0x08002bf2   0x00000002   PAD
    0x08002bf4   0x08002bf4   0x0000000c   Code   RO         2729    i.HAL_GetTick       stm32f4xx_hal.o
    0x08002c00   0x08002c00   0x00000188   Code   RO         2985    i.HAL_I2C_Init      stm32f4xx_hal_i2c.o
    0x08002d88   0x08002d88   0x0000016c   Code   RO         2986    i.HAL_I2C_IsDeviceReady  stm32f4xx_hal_i2c.o
    0x08002ef4   0x08002ef4   0x00000204   Code   RO         3003    i.HAL_I2C_Mem_Read  stm32f4xx_hal_i2c.o
    0x080030f8   0x080030f8   0x00000130   Code   RO         3006    i.HAL_I2C_Mem_Write  stm32f4xx_hal_i2c.o
    0x08003228   0x08003228   0x000000ac   Code   RO          735    i.HAL_I2C_MspInit   stm32f4xx_hal_msp.o
    0x080032d4   0x080032d4   0x00000010   Code   RO         2735    i.HAL_IncTick       stm32f4xx_hal.o
    0x080032e4   0x080032e4   0x00000034   Code   RO         2736    i.HAL_Init          stm32f4xx_hal.o
    0x08003318   0x08003318   0x00000098   Code   RO          812    i.HAL_InitTick      stm32f4xx_hal_timebase_tim.o
    0x080033b0   0x080033b0   0x00000038   Code   RO          736    i.HAL_MspInit       stm32f4xx_hal_msp.o
    0x080033e8   0x080033e8   0x0000001a   Code   RO         2571    i.HAL_NVIC_EnableIRQ  stm32f4xx_hal_cortex.o
    0x08003402   0x08003402   0x00000002   PAD
    0x08003404   0x08003404   0x00000040   Code   RO         2577    i.HAL_NVIC_SetPriority  stm32f4xx_hal_cortex.o
    0x08003444   0x08003444   0x00000024   Code   RO         2578    i.HAL_NVIC_SetPriorityGrouping  stm32f4xx_hal_cortex.o
    0x08003468   0x08003468   0x00000134   Code   RO         1825    i.HAL_RCC_ClockConfig  stm32f4xx_hal_rcc.o
    0x0800359c   0x0800359c   0x00000040   Code   RO         1829    i.HAL_RCC_GetClockConfig  stm32f4xx_hal_rcc.o
    0x080035dc   0x080035dc   0x00000020   Code   RO         1832    i.HAL_RCC_GetPCLK1Freq  stm32f4xx_hal_rcc.o
    0x080035fc   0x080035fc   0x00000020   Code   RO         1833    i.HAL_RCC_GetPCLK2Freq  stm32f4xx_hal_rcc.o
    0x0800361c   0x0800361c   0x00000064   Code   RO         1834    i.HAL_RCC_GetSysClockFreq  stm32f4xx_hal_rcc.o
    0x08003680   0x08003680   0x0000036c   Code   RO         1837    i.HAL_RCC_OscConfig  stm32f4xx_hal_rcc.o
    0x080039ec   0x080039ec   0x00000002   Code   RO         1557    i.HAL_TIMEx_BreakCallback  stm32f4xx_hal_tim_ex.o
    0x080039ee   0x080039ee   0x00000002   Code   RO         1558    i.HAL_TIMEx_CommutCallback  stm32f4xx_hal_tim_ex.o
    0x080039f0   0x080039f0   0x00000090   Code   RO         1576    i.HAL_TIMEx_MasterConfigSynchronization  stm32f4xx_hal_tim_ex.o
    0x08003a80   0x08003a80   0x0000005a   Code   RO          853    i.HAL_TIM_Base_Init  stm32f4xx_hal_tim.o
    0x08003ada   0x08003ada   0x00000002   Code   RO          855    i.HAL_TIM_Base_MspInit  stm32f4xx_hal_tim.o
    0x08003adc   0x08003adc   0x00000080   Code   RO          858    i.HAL_TIM_Base_Start_IT  stm32f4xx_hal_tim.o
    0x08003b5c   0x08003b5c   0x000000a4   Code   RO          874    i.HAL_TIM_Encoder_Init  stm32f4xx_hal_tim.o
    0x08003c00   0x08003c00   0x00000150   Code   RO          738    i.HAL_TIM_Encoder_MspInit  stm32f4xx_hal_msp.o
    0x08003d50   0x08003d50   0x0000008e   Code   RO          877    i.HAL_TIM_Encoder_Start  stm32f4xx_hal_tim.o
    0x08003dde   0x08003dde   0x00000002   Code   RO          887    i.HAL_TIM_IC_CaptureCallback  stm32f4xx_hal_tim.o
    0x08003de0   0x08003de0   0x00000130   Code   RO          901    i.HAL_TIM_IRQHandler  stm32f4xx_hal_tim.o
    0x08003f10   0x08003f10   0x000000b4   Code   RO          739    i.HAL_TIM_MspPostInit  stm32f4xx_hal_msp.o
    0x08003fc4   0x08003fc4   0x00000002   Code   RO          904    i.HAL_TIM_OC_DelayElapsedCallback  stm32f4xx_hal_tim.o
    0x08003fc6   0x08003fc6   0x000000cc   Code   RO          925    i.HAL_TIM_PWM_ConfigChannel  stm32f4xx_hal_tim.o
    0x08004092   0x08004092   0x0000005a   Code   RO          928    i.HAL_TIM_PWM_Init  stm32f4xx_hal_tim.o
    0x080040ec   0x080040ec   0x00000060   Code   RO          741    i.HAL_TIM_PWM_MspInit  stm32f4xx_hal_msp.o
    0x0800414c   0x0800414c   0x00000002   Code   RO          931    i.HAL_TIM_PWM_PulseFinishedCallback  stm32f4xx_hal_tim.o
    0x0800414e   0x0800414e   0x00000002   PAD
    0x08004150   0x08004150   0x000000c8   Code   RO          933    i.HAL_TIM_PWM_Start  stm32f4xx_hal_tim.o
    0x08004218   0x08004218   0x0000007c   Code   RO          936    i.HAL_TIM_PWM_Stop  stm32f4xx_hal_tim.o
    0x08004294   0x08004294   0x00000014   Code   RO          458    i.HAL_TIM_PeriodElapsedCallback  main.o
    0x080042a8   0x080042a8   0x00000002   Code   RO          944    i.HAL_TIM_TriggerCallback  stm32f4xx_hal_tim.o
    0x080042aa   0x080042aa   0x00000002   Code   RO         3441    i.HAL_UARTEx_RxEventCallback  stm32f4xx_hal_uart.o
    0x080042ac   0x080042ac   0x00000028   Code   RO          248    i.HAL_UART_ErrorCallback  jetson_uart.o
    0x080042d4   0x080042d4   0x00000280   Code   RO         3458    i.HAL_UART_IRQHandler  stm32f4xx_hal_uart.o
    0x08004554   0x08004554   0x00000064   Code   RO         3459    i.HAL_UART_Init     stm32f4xx_hal_uart.o
    0x080045b8   0x080045b8   0x0000012c   Code   RO          743    i.HAL_UART_MspInit  stm32f4xx_hal_msp.o
    0x080046e4   0x080046e4   0x0000001c   Code   RO         3464    i.HAL_UART_Receive_IT  stm32f4xx_hal_uart.o
    0x08004700   0x08004700   0x00000080   Code   RO          249    i.HAL_UART_RxCpltCallback  jetson_uart.o
    0x08004780   0x08004780   0x000000a0   Code   RO         3467    i.HAL_UART_Transmit  stm32f4xx_hal_uart.o
    0x08004820   0x08004820   0x00000002   Code   RO         3470    i.HAL_UART_TxCpltCallback  stm32f4xx_hal_uart.o
    0x08004822   0x08004822   0x00000002   Code   RO          666    i.HardFault_Handler  stm32f4xx_it.o
    0x08004824   0x08004824   0x0000002e   Code   RO         3028    i.I2C_IsAcknowledgeFailed  stm32f4xx_hal_i2c.o
    0x08004852   0x08004852   0x00000002   PAD
    0x08004854   0x08004854   0x000000fc   Code   RO         3038    i.I2C_RequestMemoryRead  stm32f4xx_hal_i2c.o
    0x08004950   0x08004950   0x000000a8   Code   RO         3039    i.I2C_RequestMemoryWrite  stm32f4xx_hal_i2c.o
    0x080049f8   0x080049f8   0x00000056   Code   RO         3043    i.I2C_WaitOnBTFFlagUntilTimeout  stm32f4xx_hal_i2c.o
    0x08004a4e   0x08004a4e   0x00000002   PAD
    0x08004a50   0x08004a50   0x00000090   Code   RO         3044    i.I2C_WaitOnFlagUntilTimeout  stm32f4xx_hal_i2c.o
    0x08004ae0   0x08004ae0   0x000000bc   Code   RO         3045    i.I2C_WaitOnMasterAddressFlagUntilTimeout  stm32f4xx_hal_i2c.o
    0x08004b9c   0x08004b9c   0x00000070   Code   RO         3046    i.I2C_WaitOnRXNEFlagUntilTimeout  stm32f4xx_hal_i2c.o
    0x08004c0c   0x08004c0c   0x00000056   Code   RO         3047    i.I2C_WaitOnTXEFlagUntilTimeout  stm32f4xx_hal_i2c.o
    0x08004c62   0x08004c62   0x00000002   PAD
    0x08004c64   0x08004c64   0x00000144   Code   RO          459    i.Imu_Task          main.o
    0x08004da8   0x08004da8   0x00000034   Code   RO          250    i.JetsonUart_Init   jetson_uart.o
    0x08004ddc   0x08004ddc   0x00000014   Code   RO          251    i.JetsonUart_StartReceiveIT  jetson_uart.o
    0x08004df0   0x08004df0   0x00000020   Code   RO          252    i.Jetson_CheckReceiveTimeout  jetson_uart.o
    0x08004e10   0x08004e10   0x00000014   Code   RO          253    i.Jetson_ClearStaleData  jetson_uart.o
    0x08004e24   0x08004e24   0x000000cc   Code   RO          256    i.Jetson_ProcessReceivedData  jetson_uart.o
    0x08004ef0   0x08004ef0   0x00000124   Code   RO          460    i.Jetson_Task       main.o
    0x08005014   0x08005014   0x000000a0   Code   RO          461    i.MX_GPIO_Init      main.o
    0x080050b4   0x080050b4   0x0000003c   Code   RO          462    i.MX_I2C1_Init      main.o
    0x080050f0   0x080050f0   0x0000003c   Code   RO          463    i.MX_I2C2_Init      main.o
    0x0800512c   0x0800512c   0x00000064   Code   RO          464    i.MX_TIM12_Init     main.o
    0x08005190   0x08005190   0x00000068   Code   RO          465    i.MX_TIM1_Init      main.o
    0x080051f8   0x080051f8   0x00000064   Code   RO          466    i.MX_TIM2_Init      main.o
    0x0800525c   0x0800525c   0x00000068   Code   RO          467    i.MX_TIM3_Init      main.o
    0x080052c4   0x080052c4   0x0000008c   Code   RO          468    i.MX_TIM5_Init      main.o
    0x08005350   0x08005350   0x00000068   Code   RO          469    i.MX_TIM8_Init      main.o
    0x080053b8   0x080053b8   0x00000064   Code   RO          470    i.MX_TIM9_Init      main.o
    0x0800541c   0x0800541c   0x00000034   Code   RO          471    i.MX_UART4_Init     main.o
    0x08005450   0x08005450   0x00000044   Code   RO          472    i.MX_UART5_Init     main.o
    0x08005494   0x08005494   0x00000002   Code   RO          667    i.MemManage_Handler  stm32f4xx_it.o
    0x08005496   0x08005496   0x00000002   PAD
    0x08005498   0x08005498   0x00000110   Code   RO          473    i.MotorCtrl_TasK    main.o
    0x080055a8   0x080055a8   0x000000ec   Code   RO          474    i.MotorSpeedTask    main.o
    0x08005694   0x08005694   0x00000002   Code   RO          668    i.NMI_Handler       stm32f4xx_it.o
    0x08005696   0x08005696   0x0000005a   Code   RO          178    i.PCA9685_Init      pca9685.o
    0x080056f0   0x080056f0   0x00000030   Code   RO          181    i.PCA9685_SetAngle  pca9685.o
    0x08005720   0x08005720   0x00000110   Code   RO          183    i.PCA9685_SetFreq   pca9685.o
    0x08005830   0x08005830   0x00000034   Code   RO          184    i.PCA9685_SetPWM    pca9685.o
    0x08005864   0x08005864   0x000000a4   Code   RO          475    i.PCA9685_Task      main.o
    0x08005908   0x08005908   0x000000f0   Code   RO          262    i.ParseMotorControlMessage  jetson_uart.o
    0x080059f8   0x080059f8   0x00000108   Code   RO          263    i.ParseServoControlMessage  jetson_uart.o
    0x08005b00   0x08005b00   0x0000013c   Code   RO          264    i.SendCurrentPose   jetson_uart.o
    0x08005c3c   0x08005c3c   0x00000094   Code   RO          265    i.Servo_UpdateAll   jetson_uart.o
    0x08005cd0   0x08005cd0   0x00000114   Code   RO          476    i.SetMotorPWM       main.o
    0x08005de4   0x08005de4   0x00000088   Code   RO          477    i.StopMotorPWM      main.o
    0x08005e6c   0x08005e6c   0x0000001a   Code   RO         4937    i.SysTick_Handler   cmsis_os2.o
    0x08005e86   0x08005e86   0x00000002   PAD
    0x08005e88   0x08005e88   0x00000090   Code   RO          478    i.SystemClock_Config  main.o
    0x08005f18   0x08005f18   0x00000010   Code   RO         3793    i.SystemInit        system_stm32f4xx.o
    0x08005f28   0x08005f28   0x0000000c   Code   RO          669    i.TIM4_IRQHandler   stm32f4xx_it.o
    0x08005f34   0x08005f34   0x000000d0   Code   RO          946    i.TIM_Base_SetConfig  stm32f4xx_hal_tim.o
    0x08006004   0x08006004   0x0000001a   Code   RO          947    i.TIM_CCxChannelCmd  stm32f4xx_hal_tim.o
    0x0800601e   0x0800601e   0x00000002   PAD
    0x08006020   0x08006020   0x00000060   Code   RO          959    i.TIM_OC1_SetConfig  stm32f4xx_hal_tim.o
    0x08006080   0x08006080   0x0000006c   Code   RO          960    i.TIM_OC2_SetConfig  stm32f4xx_hal_tim.o
    0x080060ec   0x080060ec   0x00000068   Code   RO          961    i.TIM_OC3_SetConfig  stm32f4xx_hal_tim.o
    0x08006154   0x08006154   0x00000050   Code   RO          962    i.TIM_OC4_SetConfig  stm32f4xx_hal_tim.o
    0x080061a4   0x080061a4   0x0000000c   Code   RO          670    i.UART5_IRQHandler  stm32f4xx_it.o
    0x080061b0   0x080061b0   0x0000000e   Code   RO         3472    i.UART_DMAAbortOnError  stm32f4xx_hal_uart.o
    0x080061be   0x080061be   0x0000004e   Code   RO         3482    i.UART_EndRxTransfer  stm32f4xx_hal_uart.o
    0x0800620c   0x0800620c   0x000000c2   Code   RO         3484    i.UART_Receive_IT   stm32f4xx_hal_uart.o
    0x080062ce   0x080062ce   0x00000002   PAD
    0x080062d0   0x080062d0   0x0000010c   Code   RO         3485    i.UART_SetConfig    stm32f4xx_hal_uart.o
    0x080063dc   0x080063dc   0x00000036   Code   RO         3487    i.UART_Start_Receive_IT  stm32f4xx_hal_uart.o
    0x08006412   0x08006412   0x0000000c   Code   RO          479    i.UART_Task         main.o
    0x0800641e   0x0800641e   0x00000002   PAD
    0x08006420   0x08006420   0x00000084   Code   RO          480    i.UART_Task1        main.o
    0x080064a4   0x080064a4   0x00000072   Code   RO         3488    i.UART_WaitOnFlagUntilTimeout  stm32f4xx_hal_uart.o
    0x08006516   0x08006516   0x00000002   PAD
    0x08006518   0x08006518   0x00000018   Code   RO          266    i.UpdateIMUData     jetson_uart.o
    0x08006530   0x08006530   0x00000028   Code   RO          267    i.UpdateMotorData   jetson_uart.o
    0x08006558   0x08006558   0x00000028   Code   RO          268    i.UpdateSingleMotorData  jetson_uart.o
    0x08006580   0x08006580   0x00000002   Code   RO          671    i.UsageFault_Handler  stm32f4xx_it.o
    0x08006582   0x08006582   0x00000030   Code   RO         5791    i.__ARM_fpclassify  m_wm.l(fpclassify.o)
    0x080065b2   0x080065b2   0x00000020   Code   RO         2584    i.__NVIC_SetPriority  stm32f4xx_hal_cortex.o
    0x080065d2   0x080065d2   0x00000006   PAD
    0x080065d8   0x080065d8   0x000000f8   Code   RO         5881    i.__hardfp___mathlib_tofloat  m_wm.l(narrow.o)
    0x080066d0   0x080066d0   0x00000038   Code   RO         5670    i.__hardfp_atof     m_wm.l(atof.o)
    0x08006708   0x08006708   0x000000d0   Code   RO         5944    i.__hardfp_ldexp    m_wm.l(ldexp.o)
    0x080067d8   0x080067d8   0x00000020   Code   RO         6000    i.__mathlib_dbl_overflow  m_wm.l(dunder.o)
    0x080067f8   0x080067f8   0x00000020   Code   RO         6002    i.__mathlib_dbl_underflow  m_wm.l(dunder.o)
    0x08006818   0x08006818   0x00000012   Code   RO         5882    i.__mathlib_narrow  m_wm.l(narrow.o)
    0x0800682a   0x0800682a   0x00000014   Code   RO         5946    i.__support_ldexp   m_wm.l(ldexp.o)
    0x0800683e   0x0800683e   0x0000000e   Code   RO         5606    i._is_digit         c_w.l(__printf_wp.o)
    0x0800684c   0x0800684c   0x00000004   PAD
    0x08006850   0x08006850   0x0000008c   Code   RO         5916    i.frexp             m_wm.l(frexp.o)
    0x080068dc   0x080068dc   0x000001fc   Code   RO          481    i.main              main.o
    0x08006ad8   0x08006ad8   0x0000001a   Code   RO         4939    i.osDelay           cmsis_os2.o
    0x08006af2   0x08006af2   0x00000002   PAD
    0x08006af4   0x08006af4   0x00000024   Code   RO         4953    i.osKernelInitialize  cmsis_os2.o
    0x08006b18   0x08006b18   0x00000038   Code   RO         4956    i.osKernelStart     cmsis_os2.o
    0x08006b50   0x08006b50   0x00000064   Code   RO         4968    i.osMessageQueueGet  cmsis_os2.o
    0x08006bb4   0x08006bb4   0x00000058   Code   RO         4973    i.osMessageQueueNew  cmsis_os2.o
    0x08006c0c   0x08006c0c   0x00000068   Code   RO         4974    i.osMessageQueuePut  cmsis_os2.o
    0x08006c74   0x08006c74   0x00000052   Code   RO         4976    i.osMutexAcquire    cmsis_os2.o
    0x08006cc6   0x08006cc6   0x00000068   Code   RO         4979    i.osMutexNew        cmsis_os2.o
    0x08006d2e   0x08006d2e   0x00000042   Code   RO         4980    i.osMutexRelease    cmsis_os2.o
    0x08006d70   0x08006d70   0x0000008a   Code   RO         4998    i.osThreadNew       cmsis_os2.o
    0x08006dfa   0x08006dfa   0x00000002   PAD
    0x08006dfc   0x08006dfc   0x0000005c   Code   RO         4401    i.prvAddCurrentTaskToDelayedList  tasks.o
    0x08006e58   0x08006e58   0x000000d0   Code   RO         4402    i.prvAddNewTaskToReadyList  tasks.o
    0x08006f28   0x08006f28   0x00000058   Code   RO         4766    i.prvCheckForValidListAndQueue  timers.o
    0x08006f80   0x08006f80   0x00000026   Code   RO         3998    i.prvCopyDataFromQueue  queue.o
    0x08006fa6   0x08006fa6   0x0000006c   Code   RO         3999    i.prvCopyDataToQueue  queue.o
    0x08007012   0x08007012   0x00000034   Code   RO         4403    i.prvDeleteTCB      tasks.o
    0x08007046   0x08007046   0x00000002   PAD
    0x08007048   0x08007048   0x0000004c   Code   RO         5450    i.prvHeapInit       heap_4.o
    0x08007094   0x08007094   0x00000060   Code   RO         4404    i.prvIdleTask       tasks.o
    0x080070f4   0x080070f4   0x00000016   Code   RO         4000    i.prvInitialiseMutex  queue.o
    0x0800710a   0x0800710a   0x00000002   PAD
    0x0800710c   0x0800710c   0x00000022   Code   RO         4001    i.prvInitialiseNewQueue  queue.o
    0x0800712e   0x0800712e   0x00000002   PAD
    0x08007130   0x08007130   0x000000b0   Code   RO         4405    i.prvInitialiseNewTask  tasks.o
    0x080071e0   0x080071e0   0x0000004c   Code   RO         5451    i.prvInsertBlockIntoFreeList  heap_4.o
    0x0800722c   0x0800722c   0x00000038   Code   RO         4768    i.prvInsertTimerInActiveList  timers.o
    0x08007264   0x08007264   0x0000001c   Code   RO         4002    i.prvIsQueueEmpty   queue.o
    0x08007280   0x08007280   0x000000fc   Code   RO         4769    i.prvProcessReceivedCommands  timers.o
    0x0800737c   0x0800737c   0x000000c0   Code   RO         4770    i.prvProcessTimerOrBlockTask  timers.o
    0x0800743c   0x0800743c   0x00000020   Code   RO         4407    i.prvResetNextTaskUnblockTime  tasks.o
    0x0800745c   0x0800745c   0x00000028   Code   RO         4771    i.prvSampleTimeNow  timers.o
    0x08007484   0x08007484   0x0000006c   Code   RO         4772    i.prvSwitchTimerLists  timers.o
    0x080074f0   0x080074f0   0x00000028   Code   RO         5506    i.prvTaskExitError  port.o
    0x08007518   0x08007518   0x00000024   Code   RO         4773    i.prvTimerTask      timers.o
    0x0800753c   0x0800753c   0x0000006a   Code   RO         4003    i.prvUnlockQueue    queue.o
    0x080075a6   0x080075a6   0x00000002   PAD
    0x080075a8   0x080075a8   0x000000dc   Code   RO         5452    i.pvPortMalloc      heap_4.o
    0x08007684   0x08007684   0x00000018   Code   RO         4410    i.pvTaskIncrementMutexHeldCount  tasks.o
    0x0800769c   0x0800769c   0x0000002c   Code   RO         5507    i.pxPortInitialiseStack  port.o
    0x080076c8   0x080076c8   0x00000026   Code   RO         3958    i.uxListRemove      list.o
    0x080076ee   0x080076ee   0x00000002   PAD
    0x080076f0   0x080076f0   0x00000014   Code   RO         5010    i.vApplicationGetIdleTaskMemory  cmsis_os2.o
    0x08007704   0x08007704   0x00000018   Code   RO         5011    i.vApplicationGetTimerTaskMemory  cmsis_os2.o
    0x0800771c   0x0800771c   0x00000016   Code   RO         3959    i.vListInitialise   list.o
    0x08007732   0x08007732   0x00000006   Code   RO         3960    i.vListInitialiseItem  list.o
    0x08007738   0x08007738   0x00000030   Code   RO         3961    i.vListInsert       list.o
    0x08007768   0x08007768   0x00000018   Code   RO         3962    i.vListInsertEnd    list.o
    0x08007780   0x08007780   0x00000040   Code   RO         5509    i.vPortEnterCritical  port.o
    0x080077c0   0x080077c0   0x00000028   Code   RO         5510    i.vPortExitCritical  port.o
    0x080077e8   0x080077e8   0x00000064   Code   RO         5453    i.vPortFree         heap_4.o
    0x0800784c   0x0800784c   0x00000024   Code   RO         5511    i.vPortSetupTimerInterrupt  port.o
    0x08007870   0x08007870   0x00000054   Code   RO         5512    i.vPortValidateInterruptPriority  port.o
    0x080078c4   0x080078c4   0x00000028   Code   RO         4009    i.vQueueAddToRegistry  queue.o
    0x080078ec   0x080078ec   0x00000044   Code   RO         4013    i.vQueueWaitForMessageRestricted  queue.o
    0x08007930   0x08007930   0x0000004c   Code   RO         4420    i.vTaskDelay        tasks.o
    0x0800797c   0x0800797c   0x0000008c   Code   RO         4421    i.vTaskDelayUntil   tasks.o
    0x08007a08   0x08007a08   0x00000010   Code   RO         4425    i.vTaskInternalSetTimeOutState  tasks.o
    0x08007a18   0x08007a18   0x0000000c   Code   RO         4426    i.vTaskMissedYield  tasks.o
    0x08007a24   0x08007a24   0x00000030   Code   RO         4428    i.vTaskPlaceOnEventList  tasks.o
    0x08007a54   0x08007a54   0x00000038   Code   RO         4429    i.vTaskPlaceOnEventListRestricted  tasks.o
    0x08007a8c   0x08007a8c   0x00000090   Code   RO         4431    i.vTaskPriorityDisinheritAfterTimeout  tasks.o
    0x08007b1c   0x08007b1c   0x00000088   Code   RO         4437    i.vTaskStartScheduler  tasks.o
    0x08007ba4   0x08007ba4   0x00000010   Code   RO         4439    i.vTaskSuspendAll   tasks.o
    0x08007bb4   0x08007bb4   0x00000064   Code   RO         4440    i.vTaskSwitchContext  tasks.o
    0x08007c18   0x08007c18   0x000000f4   Code   RO         5513    i.xPortStartScheduler  port.o
    0x08007d0c   0x08007d0c   0x0000002c   Code   RO         5514    i.xPortSysTickHandler  port.o
    0x08007d38   0x08007d38   0x00000016   Code   RO         4016    i.xQueueCreateMutex  queue.o
    0x08007d4e   0x08007d4e   0x0000001a   Code   RO         4017    i.xQueueCreateMutexStatic  queue.o
    0x08007d68   0x08007d68   0x00000042   Code   RO         4018    i.xQueueGenericCreate  queue.o
    0x08007daa   0x08007daa   0x00000066   Code   RO         4019    i.xQueueGenericCreateStatic  queue.o
    0x08007e10   0x08007e10   0x00000088   Code   RO         4020    i.xQueueGenericReset  queue.o
    0x08007e98   0x08007e98   0x00000160   Code   RO         4021    i.xQueueGenericSend  queue.o
    0x08007ff8   0x08007ff8   0x000000be   Code   RO         4022    i.xQueueGenericSendFromISR  queue.o
    0x080080b6   0x080080b6   0x0000003e   Code   RO         4026    i.xQueueGiveMutexRecursive  queue.o
    0x080080f4   0x080080f4   0x00000138   Code   RO         4031    i.xQueueReceive     queue.o
    0x0800822c   0x0800822c   0x0000009a   Code   RO         4032    i.xQueueReceiveFromISR  queue.o
    0x080082c6   0x080082c6   0x00000002   PAD
    0x080082c8   0x080082c8   0x00000178   Code   RO         4033    i.xQueueSemaphoreTake  queue.o
    0x08008440   0x08008440   0x00000040   Code   RO         4034    i.xQueueTakeMutexRecursive  queue.o
    0x08008480   0x08008480   0x00000074   Code   RO         4442    i.xTaskCheckForTimeOut  tasks.o
    0x080084f4   0x080084f4   0x0000005a   Code   RO         4443    i.xTaskCreate       tasks.o
    0x0800854e   0x0800854e   0x00000056   Code   RO         4444    i.xTaskCreateStatic  tasks.o
    0x080085a4   0x080085a4   0x0000000c   Code   RO         4447    i.xTaskGetCurrentTaskHandle  tasks.o
    0x080085b0   0x080085b0   0x0000001c   Code   RO         4448    i.xTaskGetSchedulerState  tasks.o
    0x080085cc   0x080085cc   0x0000000c   Code   RO         4449    i.xTaskGetTickCount  tasks.o
    0x080085d8   0x080085d8   0x000000c8   Code   RO         4451    i.xTaskIncrementTick  tasks.o
    0x080086a0   0x080086a0   0x00000080   Code   RO         4454    i.xTaskPriorityDisinherit  tasks.o
    0x08008720   0x08008720   0x00000078   Code   RO         4455    i.xTaskPriorityInherit  tasks.o
    0x08008798   0x08008798   0x00000070   Code   RO         4456    i.xTaskRemoveFromEventList  tasks.o
    0x08008808   0x08008808   0x000000c4   Code   RO         4457    i.xTaskResumeAll    tasks.o
    0x080088cc   0x080088cc   0x00000060   Code   RO         4782    i.xTimerCreateTimerTask  timers.o
    0x0800892c   0x0800892c   0x00000068   Code   RO         4783    i.xTimerGenericCommand  timers.o
    0x08008994   0x08008994   0x0000002c   Code   RO         5781    locale$$code        c_w.l(lc_numeric_c.o)
    0x080089c0   0x080089c0   0x0000002c   Code   RO         5800    locale$$code        c_w.l(lc_ctype_c.o)
    0x080089ec   0x080089ec   0x00000062   Code   RO         5648    x$fpl$d2f           fz_wm.l(d2f.o)
    0x08008a4e   0x08008a4e   0x00000002   PAD
    0x08008a50   0x08008a50   0x00000150   Code   RO         5650    x$fpl$dadd          fz_wm.l(daddsub_clz.o)
    0x08008ba0   0x08008ba0   0x00000010   Code   RO         6011    x$fpl$dcheck1       fz_wm.l(dcheck1.o)
    0x08008bb0   0x08008bb0   0x00000018   Code   RO         5940    x$fpl$dcmpinf       fz_wm.l(dcmpi.o)
    0x08008bc8   0x08008bc8   0x000002b0   Code   RO         5657    x$fpl$ddiv          fz_wm.l(ddiv.o)
    0x08008e78   0x08008e78   0x00000078   Code   RO         5910    x$fpl$deqf          fz_wm.l(deqf.o)
    0x08008ef0   0x08008ef0   0x0000005a   Code   RO         5660    x$fpl$dfixu         fz_wm.l(dfixu.o)
    0x08008f4a   0x08008f4a   0x00000002   PAD
    0x08008f4c   0x08008f4c   0x00000078   Code   RO         5942    x$fpl$dleqf         fz_wm.l(dleqf.o)
    0x08008fc4   0x08008fc4   0x00000154   Code   RO         5664    x$fpl$dmul          fz_wm.l(dmul.o)
    0x08009118   0x08009118   0x0000009c   Code   RO         5707    x$fpl$dnaninf       fz_wm.l(dnaninf.o)
    0x080091b4   0x080091b4   0x0000000c   Code   RO         5709    x$fpl$dretinf       fz_wm.l(dretinf.o)
    0x080091c0   0x080091c0   0x0000006c   Code   RO         5912    x$fpl$drleqf        fz_wm.l(drleqf.o)
    0x0800922c   0x0800922c   0x000001d4   Code   RO         5652    x$fpl$dsub          fz_wm.l(daddsub_clz.o)
    0x08009400   0x08009400   0x00000056   Code   RO         5666    x$fpl$f2d           fz_wm.l(f2d.o)
    0x08009456   0x08009456   0x0000008c   Code   RO         5711    x$fpl$fnaninf       fz_wm.l(fnaninf.o)
    0x080094e2   0x080094e2   0x0000000a   Code   RO         5873    x$fpl$fpinit        fz_wm.l(fpinit.o)
    0x080094ec   0x080094ec   0x0000000a   Code   RO         5713    x$fpl$fretinf       fz_wm.l(fretinf.o)
    0x080094f6   0x080094f6   0x00000006   Code   RO         5787    x$fpl$ieeestatus    fz_wm.l(istatus.o)
    0x080094fc   0x080094fc   0x00000004   Code   RO         5668    x$fpl$printf1       fz_wm.l(printf1.o)
    0x08009500   0x08009500   0x00000064   Code   RO         6013    x$fpl$retnan        fz_wm.l(retnan.o)
    0x08009564   0x08009564   0x0000005c   Code   RO         5994    x$fpl$scalbn        fz_wm.l(scalbn.o)
    0x080095c0   0x080095c0   0x00000004   Code   RO         5789    x$fpl$scanf1        fz_wm.l(scanf1.o)
    0x080095c4   0x080095c4   0x00000008   Code   RO         5875    x$fpl$scanf2        fz_wm.l(scanf2.o)
    0x080095cc   0x080095cc   0x00000030   Code   RO         6015    x$fpl$trapveneer    fz_wm.l(trapv.o)
    0x080095fc   0x080095fc   0x00000000   Code   RO         5715    x$fpl$usenofp       fz_wm.l(usenofp.o)
    0x080095fc   0x080095fc   0x00000010   Data   RO          270    .constdata          jetson_uart.o
    0x0800960c   0x0800960c   0x00000234   Data   RO          483    .constdata          main.o
    0x08009840   0x08009840   0x00000010   Data   RO         3794    .constdata          system_stm32f4xx.o
    0x08009850   0x08009850   0x00000008   Data   RO         3795    .constdata          system_stm32f4xx.o
    0x08009858   0x08009858   0x00000094   Data   RO         5756    .constdata          c_w.l(bigflt0.o)
    0x080098ec   0x080098ec   0x0000007e   Data   RO          271    .conststring        jetson_uart.o
    0x0800996a   0x0800996a   0x00000002   PAD
    0x0800996c   0x0800996c   0x00000129   Data   RO          484    .conststring        main.o
    0x08009a95   0x08009a95   0x00000003   PAD
    0x08009a98   0x08009a98   0x00000020   Data   RO         6017    Region$$Table       anon$$obj.o
    0x08009ab8   0x08009ab8   0x00000008   Data   RO         5869    c$$dinf             fz_wm.l(fpconst.o)
    0x08009ac0   0x08009ac0   0x00000008   Data   RO         5872    c$$dmax             fz_wm.l(fpconst.o)
    0x08009ac8   0x08009ac8   0x0000001c   Data   RO         5780    locale$$data        c_w.l(lc_numeric_c.o)
    0x08009ae4   0x08009ae4   0x00000110   Data   RO         5799    locale$$data        c_w.l(lc_ctype_c.o)


    Execution Region RW_IRAM1 (Exec base: 0x20000000, Load base: 0x08009bf4, Size: 0x00009e98, Max: 0x0001c000, ABSOLUTE, COMPRESSED[0x00000020])

    Exec Addr    Load Addr    Size         Type   Attr      Idx    E Section Name        Object

    0x20000000   COMPRESSED   0x00000001   Data   RW           19    .data               bsp_mpu6050.o
    0x20000001   COMPRESSED   0x00000003   PAD
    0x20000004   COMPRESSED   0x00000018   Data   RW          272    .data               jetson_uart.o
    0x2000001c   COMPRESSED   0x00000098   Data   RW          485    .data               main.o
    0x200000b4   COMPRESSED   0x0000000c   Data   RW         2743    .data               stm32f4xx_hal.o
    0x200000c0   COMPRESSED   0x00000004   Data   RW         3796    .data               system_stm32f4xx.o
    0x200000c4   COMPRESSED   0x0000003c   Data   RW         4460    .data               tasks.o
    0x20000100   COMPRESSED   0x00000014   Data   RW         4791    .data               timers.o
    0x20000114   COMPRESSED   0x00000004   Data   RW         5013    .data               cmsis_os2.o
    0x20000118   COMPRESSED   0x00000020   Data   RW         5459    .data               heap_4.o
    0x20000138   COMPRESSED   0x0000000c   Data   RW         5515    .data               port.o
    0x20000144   COMPRESSED   0x00000004   Data   RW         5624    .data               c_w.l(strtok.o)
    0x20000148        -       0x0000000e   Zero   RW           18    .bss                bsp_mpu6050.o
    0x20000156   COMPRESSED   0x00000002   PAD
    0x20000158        -       0x000005fc   Zero   RW          269    .bss                jetson_uart.o
    0x20000754        -       0x000003c8   Zero   RW          482    .bss                main.o
    0x20000b1c        -       0x00000048   Zero   RW          815    .bss                stm32f4xx_hal_timebase_tim.o
    0x20000b64        -       0x00000040   Zero   RW         4035    .bss                queue.o
    0x20000ba4        -       0x000004c4   Zero   RW         4459    .bss                tasks.o
    0x20001068        -       0x00000118   Zero   RW         4790    .bss                timers.o
    0x20001180        -       0x000006b8   Zero   RW         5012    .bss                cmsis_os2.o
    0x20001838        -       0x00008000   Zero   RW         5458    .bss                heap_4.o
    0x20009838        -       0x00000060   Zero   RW         5717    .bss                c_w.l(libspace.o)
    0x20009898        -       0x00000200   Zero   RW            2    HEAP                startup_stm32f407xx.o
    0x20009a98        -       0x00000400   Zero   RW            1    STACK               startup_stm32f407xx.o


    Execution Region RW_IRAM2 (Exec base: 0x2001c000, Load base: 0x08009c14, Size: 0x00000000, Max: 0x00004000, ABSOLUTE)

    **** No section assigned to this execution region ****


==============================================================================

Image component sizes


      Code (inc. data)   RO Data    RW Data    ZI Data      Debug   Object Name

       380         26          0          1         14     702692   bsp_mpu6050.o
       870         30          0          4       1720      71398   cmsis_os2.o
         0          0          0          0          0      19484   event_groups.o
       472         24          0         32      32768       4911   heap_4.o
      1756        228        142         24       1532      31618   jetson_uart.o
       138          0          0          0          0       3590   list.o
      3756        658        861        152        968      24335   main.o
       462         40          0          0          0       3121   pca9685.o
       786         82          0         12          0      11605   port.o
      2306         24          0          0         64      25639   queue.o
        64         26        392          0       1536        852   startup_stm32f407xx.o
       116         18          0         12          0       8774   stm32f4xx_hal.o
       158         14          0          0          0      33074   stm32f4xx_hal_cortex.o
       182          0          0          0          0       2123   stm32f4xx_hal_dma.o
       506         46          0          0          0       2216   stm32f4xx_hal_gpio.o
      2658         62          0          0          0      14766   stm32f4xx_hal_i2c.o
      1140        130          0          0          0       5469   stm32f4xx_hal_msp.o
      1412         86          0          0          0       5973   stm32f4xx_hal_rcc.o
      2078        146          0          0          0      16589   stm32f4xx_hal_tim.o
       148         28          0          0          0       2517   stm32f4xx_hal_tim_ex.o
       152         20          0          0         72       1503   stm32f4xx_hal_timebase_tim.o
      1654         14          0          0          0      10999   stm32f4xx_hal_uart.o
        36         12          0          0          0       3782   stm32f4xx_it.o
         0          0          0          0          0        384   stream_buffer.o
        16          4         24          4          0       1151   system_stm32f4xx.o
      2524        206          0         60       1220      31439   tasks.o
       972         80          0         20        280      29755   timers.o

    ----------------------------------------------------------------------
     24796       2004       1456        324      40176    1069759   Object Totals
         0          0         32          0          0          0   (incl. Generated)
        54          0          5          3          2          0   (incl. Padding)

    ----------------------------------------------------------------------

      Code (inc. data)   RO Data    RW Data    ZI Data      Debug   Library Member Name

        44          6          0          0          0         84   __2sprintf.o
        58          0          0          0          0          0   __dczerorl.o
         8          0          0          0          0         68   __main.o
       352          0          0          0          0         88   __printf_ss_wp.o
        14          0          0          0          0         68   __printf_wp.o
         0          0          0          0          0          0   __rtentry.o
        12          0          0          0          0          0   __rtentry2.o
         6          0          0          0          0          0   __rtentry4.o
        52          8          0          0          0          0   __scatter.o
        28          0          0          0          0          0   __scatter_zi.o
        28          0          0          0          0         68   _chval.o
        44          0          0          0          0        108   _printf_char.o
        48          6          0          0          0         96   _printf_char_common.o
         6          0          0          0          0          0   _printf_d.o
       120         16          0          0          0         92   _printf_dec.o
         6          0          0          0          0          0   _printf_f.o
      1054          0          0          0          0        216   _printf_fp_dec.o
       128         16          0          0          0         84   _printf_fp_infnan.o
       178          0          0          0          0         88   _printf_intcommon.o
         0          0          0          0          0          0   _printf_percent.o
         4          0          0          0          0          0   _printf_percent_end.o
         6          0          0          0          0          0   _printf_s.o
        82          0          0          0          0         80   _printf_str.o
         6          0          0          0          0          0   _printf_u.o
        22          0          0          0          0        100   _rserrno.o
        64          0          0          0          0         84   _sgetc.o
        10          0          0          0          0         68   _sputc.o
       158          0          0          0          0         92   _strtoul.o
        16          0          0          0          0         68   aeabi_memset.o
        26          0          0          0          0         80   atoi.o
       228          4        148          0          0         96   bigflt0.o
      2152        136          0          0          0        960   btod.o
        18          0          0          0          0         80   exit.o
         6          0          0          0          0        152   heapauxi.o
         0          0          0          0          0          0   indicate_semi.o
        18          0          0          0          0         76   isspace.o
        44         10        272          0          0         76   lc_ctype_c.o
        44         10         28          0          0         76   lc_numeric_c.o
         2          0          0          0          0          0   libinit.o
        34          0          0          0          0          0   libinit2.o
         2          0          0          0          0          0   libshutdown.o
         2          0          0          0          0          0   libshutdown2.o
         8          4          0          0         96         68   libspace.o
        38          0          0          0          0         68   llshl.o
       138          0          0          0          0         80   lludiv10.o
       238          0          0          0          0        100   lludivv7m.o
        88          0          0          0          0         76   memcmp.o
        16          4          0          0          0         76   rt_ctype_table.o
         8          4          0          0          0         68   rt_errno_addr_intlibspace.o
         8          4          0          0          0         68   rt_locale_intlibspace.o
        68          0          0          0          0         68   rt_memclr.o
        78          0          0          0          0         80   rt_memclr_w.o
       138          0          0          0          0         68   rt_memcpy_v6.o
       100          0          0          0          0         80   rt_memcpy_w.o
         2          0          0          0          0          0   rtexit.o
        10          0          0          0          0          0   rtexit2.o
      1272         16          0          0          0        168   scanf_fp.o
       800         14          0          0          0        100   scanf_hexfp.o
       308         16          0          0          0        100   scanf_infnan.o
       128          0          0          0          0         68   strcmpv7m.o
        32          0          0          0          0         80   strcspn.o
        62          0          0          0          0         76   strlen.o
       150          0          0          0          0         80   strncmp.o
        28          0          0          0          0         80   strspn.o
       164         14          0          0          0        120   strtod.o
        12          6          0          4          0         68   strtok.o
        68          4          0          0          0         84   strtok_int.o
       112          0          0          0          0         88   strtol.o
        12          4          0          0          0         68   sys_exit.o
        74          0          0          0          0         80   sys_stackheap_outer.o
         2          0          0          0          0         68   use_no_semi.o
        98          4          0          0          0        140   d2f.o
       804         16          0          0          0        368   daddsub_clz.o
        16          4          0          0          0        116   dcheck1.o
        24          0          0          0          0        116   dcmpi.o
       688        140          0          0          0        256   ddiv.o
       120          4          0          0          0        140   deqf.o
        90          4          0          0          0        140   dfixu.o
       120          4          0          0          0        140   dleqf.o
       340         12          0          0          0        152   dmul.o
       156          4          0          0          0        140   dnaninf.o
        12          0          0          0          0        116   dretinf.o
       108          0          0          0          0        128   drleqf.o
        86          4          0          0          0        132   f2d.o
       140          4          0          0          0        132   fnaninf.o
         0          0         16          0          0          0   fpconst.o
        10          0          0          0          0        116   fpinit.o
        10          0          0          0          0        116   fretinf.o
         6          0          0          0          0        116   istatus.o
         4          0          0          0          0        116   printf1.o
       100          0          0          0          0        116   retnan.o
        92          0          0          0          0        116   scalbn.o
         4          0          0          0          0        116   scanf1.o
         8          0          0          0          0        132   scanf2.o
        48          0          0          0          0        116   trapv.o
         0          0          0          0          0          0   usenofp.o
        56         12          0          0          0        132   atof.o
        64         16          0          0          0        248   dunder.o
        48          0          0          0          0        124   fpclassify.o
       140         22          0          0          0        132   frexp.o
       228          8          0          0          0        308   ldexp.o
       266         16          0          0          0        308   narrow.o

    ----------------------------------------------------------------------
     13208        576        464          4         96       9904   Library Totals
        30          0          0          0          0          0   (incl. Padding)

    ----------------------------------------------------------------------

      Code (inc. data)   RO Data    RW Data    ZI Data      Debug   Library Name

      9292        302        448          4         96       5376   c_w.l
      3084        200         16          0          0       3276   fz_wm.l
       802         74          0          0          0       1252   m_wm.l

    ----------------------------------------------------------------------
     13208        576        464          4         96       9904   Library Totals

    ----------------------------------------------------------------------

==============================================================================


      Code (inc. data)   RO Data    RW Data    ZI Data      Debug   

     38004       2580       1920        328      40272    1052195   Grand Totals
     38004       2580       1920         32      40272    1052195   ELF Image Totals (compressed)
     38004       2580       1920         32          0          0   ROM Totals

==============================================================================

    Total RO  Size (Code + RO Data)                39924 (  38.99kB)
    Total RW  Size (RW Data + ZI Data)             40600 (  39.65kB)
    Total ROM Size (Code + RO Data + RW Data)      39956 (  39.02kB)

==============================================================================

