<html>
<body>
<pre>
<h1>µVision Build Log</h1>
<h2>Tool Versions:</h2>
IDE-Version: ¦ÌVision V5.43.1.0
Copyright (C) 2025 ARM Ltd and ARM Germany GmbH. All rights reserved.
License Information: 12313 810066285@qq.com, 313, LIC=FYKYW-QKA7E-FW72N-YLWWN-GP911-MZZPI
 
Tool Versions:
Toolchain:       MDK-ARM Plus  Version: 5.43.0.0
Toolchain Path:  C:\keil5\ARM\ARMCC\Bin
C Compiler:      Armcc.exe V5.06 update 7 (build 960)
Assembler:       Armasm.exe V5.06 update 7 (build 960)
Linker/Locator:  ArmLink.exe V5.06 update 7 (build 960)
Library Manager: ArmAr.exe V5.06 update 7 (build 960)
Hex Converter:   FromElf.exe V5.06 update 7 (build 960)
CPU DLL:         SARMCM3.DLL V5.43.0.0
Dialog DLL:      DCM.DLL V1.17.5.0
Target DLL:      STLink\ST-LINKIII-KEIL_SWO.dll V3.3.1.0
Dialog DLL:      TCM.DLL V1.56.6.0
 
<h2>Project:</h2>
C:\Users\81006\Desktop\stm32pro\GPIO_Test_F4\MDK-ARM\GPIO_Test_F4.uvprojx
Project File Date:  01/07/2026

<h2>Output:</h2>
*** Using Compiler 'V5.06 update 7 (build 960)', folder: 'C:\keil5\ARM\ARMCC\Bin'
Build target 'GPIO_Test_F4'
compiling main.c...
../Core/Src/main.c(390): warning:  #223-D: function "sprintf" declared implicitly
        sprintf(uart_send_buf, "UART Message Count: %lu\r\n", cnt);
../Core/Src/main.c(393): warning:  #223-D: function "strlen" declared implicitly
        HAL_UART_Transmit(&huart4, (uint8_t*)uart_send_buf, strlen(uart_send_buf), 0xFFFF);
../Core/Src/main.c(423): warning:  #223-D: function "sprintf" declared implicitly
        sprintf(imu_send_buf, "MPU6050 Initialization Failed!\r\n");
../Core/Src/main.c(424): warning:  #223-D: function "strlen" declared implicitly
        HAL_UART_Transmit(&huart4, (uint8_t*)imu_send_buf, strlen(imu_send_buf), 0xFFFF);
../Core/Src/main.c(429): warning:  #223-D: function "sprintf" declared implicitly
        sprintf(imu_send_buf, "MPU6050 Initialization Success!\r\n");
../Core/Src/main.c(430): warning:  #223-D: function "strlen" declared implicitly
        HAL_UART_Transmit(&huart4, (uint8_t*)imu_send_buf, strlen(imu_send_buf), 0xFFFF);
../Core/Src/main.c(441): warning:  #223-D: function "sprintf" declared implicitly
          sprintf(imu_send_buf,
../Core/Src/main.c(447): warning:  #223-D: function "strlen" declared implicitly
          HAL_UART_Transmit(&huart4, (uint8_t*)imu_send_buf, strlen(imu_send_buf), 0xFFFF);
../Core/Src/main.c(451): warning:  #223-D: function "sprintf" declared implicitly
          sprintf(imu_send_buf, "MPU6050 Read Error!\r\n");
../Core/Src/main.c(452): warning:  #223-D: function "strlen" declared implicitly
          HAL_UART_Transmit(&huart4, (uint8_t*)imu_send_buf, strlen(imu_send_buf), 0xFFFF);
../Core/Src/main.c(88): warning:  #550-D: variable "gpioTaskHandle"  was set but never used
  static osThreadId_t gpioTaskHandle;
../Core/Src/main.c(95): warning:  #177-D: variable "uartTaskHandle"  was declared but never referenced
  static osThreadId_t uartTaskHandle;
../Core/Src/main.c(96): warning:  #177-D: variable "uartTaskAttr"  was declared but never referenced
  static const osThreadAttr_t uartTaskAttr = {
../Core/Src/main.c: 13 warnings, 0 errors
linking...
Program Size: Code=19856 RO-data=904 RW-data=164 ZI-data=20524  
FromELF: creating hex file...
"GPIO_Test_F4\GPIO_Test_F4.axf" - 0 Error(s), 13 Warning(s).

<h2>Software Packages used:</h2>

Package Vendor: ARM
                https://www.keil.com/pack/ARM.CMSIS.6.2.0.pack
                ARM::CMSIS@6.2.0
                CMSIS (Common Microcontroller Software Interface Standard)
   * Component: CORE Version: 6.1.1

Package Vendor: Keil
                https://www.keil.com/pack/Keil.STM32F4xx_DFP.3.1.1.pack
                Keil::STM32F4xx_DFP@3.1.1
                STMicroelectronics STM32F4 Series Device Support

<h2>Collection of Component include folders:</h2>
  ./RTE/_GPIO_Test_F4
  C:/keil5/Packs/ARM/CMSIS/6.2.0/CMSIS/Core/Include

<h2>Collection of Component Files used:</h2>

   * Component: ARM::CMSIS:CORE@6.1.1
Build Time Elapsed:  00:00:02
</pre>
</body>
</html>
